
                                       OFFICIAL COBOL COMPILER VALIDATION SYSTEM                                        
                                                                                                                        
                                        CCVS85 4.2  COPY - NOT FOR DISTRIBUTION                                         
                                                                                                                        
TEST RESULT OF NC105A    IN  HIGH        LEVEL VALIDATION FOR ON-SITE VALIDATION, NATIONAL INSTITUTE OF STD & TECH.     
                                                                                                                        
                                                                                                                        
 FOR OFFICIAL USE ONLY            COBOL 85 VERSION 4.2, Apr  1993 SSVG                        COPYRIGHT   1985          
                                                                                                                        
                                                                                                                        
 FEATURE              PASS  PARAGRAPH-NAME                                                 REMARKS                      
 TESTED               FAIL                                                                                              
                                                                                                                        
 ***********************************************************************************************************************
 MOVE LITERAL         PASS  MOVE-TEST-F1-1                                                                              
 MOVE LITERAL         PASS  MOVE-TEST-F1-2                                                                              
 MOVE LITERAL         PASS  MOVE-TEST-F1-3                                                                              
 MOVE LITERAL         PASS  MOVE-TEST-F1-4                                                                              
 MISC MOVE            PASS  MOVE-TEST-F1-5                                                                              
 MISC MOVE            PASS  MOVE-TEST-F1-6                                                                              
 MISC MOVE            PASS  MOVE-TEST-F1-7                                                                              
 MISC MOVE            PASS  MOVE-TEST-F1-8                                                                              
 GROUP MOVE           PASS  MOVE-TEST-F1-9                                                                              
 GROUP MOVE           PASS  MOVE-TEST-F1-10                                                                             
 GROUP MOVE           PASS  MOVE-TEST-F1-11                                                                             
 GROUP MOVE           PASS  MOVE-TEST-F1-12                                                                             
 GROUP MOVE           PASS  MOVE-TEST-F1-13                                                                             
 GROUP MOVE           PASS  MOVE-TEST-F1-14                                                                             
 GROUP MOVE           PASS  MOVE-TEST-F1-15                                                                             
 GROUP MOVE           PASS  MOVE-TEST-F1-16                                                                             
 GROUP MOVE           PASS  MOVE-TEST-F1-17                                                                             
 GROUP MOVE           PASS  MOVE-TEST-F1-18                                                                             
 GROUP MOVE           PASS  MOVE-TEST-F1-19                                                                             
 GROUP MOVE           PASS  MOVE-TEST-F1-20                                                                             
 GROUP MOVE           PASS  MOVE-TEST-F1-21                                                                             
 EDITED MOVE          PASS  MOVE-TEST-F1-22                                                                             
 EDITED MOVE          PASS  MOVE-TEST-F1-23                                                                             
 EDITED MOVE          PASS  MOVE-TEST-F1-24                                                                             
 EDITED MOVE          PASS  MOVE-TEST-F1-25                                                                             
 EDITED MOVE          PASS  MOVE-TEST-F1-26                                                                             
 EDITED MOVE          PASS  MOVE-TEST-F1-27                                                                             
 EDITED MOVE          PASS  MOVE-TEST-F1-28                                                                                                                                                                                                     
                                       OFFICIAL COBOL COMPILER VALIDATION SYSTEM                                        
                                                                                                                        
                                        CCVS85 4.2  COPY - NOT FOR DISTRIBUTION                                         
                                                                                                                        
TEST RESULT OF NC105A    IN  HIGH        LEVEL VALIDATION FOR ON-SITE VALIDATION, NATIONAL INSTITUTE OF STD & TECH.     
                                                                                                                        
                                                                                                                        
 FOR OFFICIAL USE ONLY            COBOL 85 VERSION 4.2, Apr  1993 SSVG                        COPYRIGHT   1985          
                                                                                                                        
                                                                                                                        
 FEATURE              PASS  PARAGRAPH-NAME                                                 REMARKS                      
 TESTED               FAIL                                                                                              
 ***********************************************************************************************************************
 EDITED MOVE          PASS  MOVE-TEST-F1-29                                                                             
 MISC MOVE            PASS  MOVE-TEST-F1-30                                                                             
 MAXIMUM LENGTH MOVE  PASS  MOVE-TEST-F1-31                                                                             
 MAXIMUM LENGTH MOVE  PASS  MOVE-TEST-F1-32                                                                             
 MOVE ALPHA GROUP     PASS  MOVE-TEST-F1-33                                                                             
 MOVE ALPHA GROUP     PASS  MOVE-TEST-F1-34                                                                             
 MOVE ALPHA-NUM GROUP PASS  MOVE-TEST-F1-35                                                                             
 MOVE ALPHA-NUM GROUP PASS  MOVE-TEST-F1-36                                                                             
 MOVE NUMERIC GROUP   PASS  MOVE-TEST-F1-37                                                                             
 MOVE NUMERIC GROUP   PASS  MOVE-TEST-F1-38                                                                             
 MOVE ALPHA ITEM      PASS  MOVE-TEST-F1-39                                                                             
 MOVE ALPHA ITEM      PASS  MOVE-TEST-F1-40                                                                             
 MOVE ALPHA ITEM      PASS  MOVE-TEST-F1-41                                                                             
 MOVE ALPHA-NUM ITEM  PASS  MOVE-TEST-F1-42                                                                             
 MOVE ALPHA-NUM ITEM  PASS  MOVE-TEST-F1-43                                                                             
 MOVE ALPHA-NUM ITEM  PASS  MOVE-TEST-F1-44                                                                             
 MOVE ALPHA-NUM ITEM  PASS  MOVE-TEST-F1-45                                                                             
 MOVE ALPHA-NUM ITEM  PASS  MOVE-TEST-F1-46                                                                             
 MOVE ALPHA-NUM ITEM  PASS  MOVE-TEST-F1-47                                                                             
 MOVE ALPHA-NUM ITEM  PASS  MOVE-TEST-F1-48                                                                             
 MOVE ALPHA-NUM ITEM  PASS  MOVE-TEST-F1-49                                                                             
 MOVE NUMERIC ITEM    PASS  MOVE-TEST-F1-50                                                                             
 MOVE NUMERIC ITEM    PASS  MOVE-TEST-F1-51                                                                             
 MOVE NUMERIC ITEM    PASS  MOVE-TEST-F1-52                                                                             
 MOVE NUMERIC ITEM    PASS  MOVE-TEST-F1-53                                                                             
 MOVE NUMERIC ITEM    PASS  MOVE-TEST-F1-54                                                                             
 MOVE NUMERIC EDITED  PASS  MOVE-TEST-F1-55                                                                             
 MOVE NUMERIC EDITED  PASS  MOVE-TEST-F1-56                                                                             
 MOVE NUMERIC EDITED  PASS  MOVE-TEST-F1-57                                                                             
 MOVE ZERO LITERAL    PASS  MOVE-TEST-F1-58                                                                             
 MOVE ZERO LITERAL    PASS  MOVE-TEST-F1-59                                                                             
 MOVE ZERO LITERAL    PASS  MOVE-TEST-F1-60                                                                             
 MOVE ZERO LITERAL    PASS  MOVE-TEST-F1-61                                                                             
 MOVE ZERO LITERAL    PASS  MOVE-TEST-F1-62                                                                             
 MOVE SPACE LITERAL   PASS  MOVE-TEST-F1-63                                                                             
 MOVE SPACE LITERAL   PASS  MOVE-TEST-F1-64                                                                             
 MOVE SPACE LITERAL   PASS  MOVE-TEST-F1-65                                                                             
 MOVE SPACE LITERAL   PASS  MOVE-TEST-F1-66                                                                             
 MOVE HIGH-VALUE      PASS  MOVE-TEST-F1-67                                                                             
 MOVE HIGH-VALUE      PASS  MOVE-TEST-F1-68                                                                             
 MOVE HIGH-VALUE      PASS  MOVE-TEST-F1-69                                                                             
 MOVE LOW-VALUE       PASS  MOVE-TEST-F1-70                                                                             
 MOVE LOW-VALUE       PASS  MOVE-TEST-F1-71                                                                                                                                                                                                     
                                       OFFICIAL COBOL COMPILER VALIDATION SYSTEM                                        
                                                                                                                        
                                        CCVS85 4.2  COPY - NOT FOR DISTRIBUTION                                         
                                                                                                                        
TEST RESULT OF NC105A    IN  HIGH        LEVEL VALIDATION FOR ON-SITE VALIDATION, NATIONAL INSTITUTE OF STD & TECH.     
                                                                                                                        
                                                                                                                        
 FOR OFFICIAL USE ONLY            COBOL 85 VERSION 4.2, Apr  1993 SSVG                        COPYRIGHT   1985          
                                                                                                                        
                                                                                                                        
 FEATURE              PASS  PARAGRAPH-NAME                                                 REMARKS                      
 TESTED               FAIL                                                                                              
 ***********************************************************************************************************************
 MOVE LOW-VALUE       PASS  MOVE-TEST-F1-72                                                                             
 MOVE QUOTE           PASS  MOVE-TEST-F1-73                                                                             
 MOVE QUOTE           PASS  MOVE-TEST-F1-74                                                                             
 MOVE QUOTE           PASS  MOVE-TEST-F1-75                                                                             
 MOVE ALPHNUM LITERAL PASS  MOVE-TEST-F1-76                                                                             
 MOVE ALPHA LITERAL   PASS  MOVE-TEST-F1-77                                                                             
 MOVE ALPHNUM LITERAL PASS  MOVE-TEST-F1-78                                                                             
 MOVE ALPHNUM LITERAL PASS  MOVE-TEST-F1-79                                                                             
 MOVE ALPHNUM LITERAL PASS  MOVE-TEST-F1-80                                                                             
 MOVE ALPHNUM LITERAL PASS  MOVE-TEST-F1-81                                                                             
 MOVE NUMERIC LITERAL PASS  MOVE-TEST-F1-82                                                                             
 MOVE NUMERIC LITERAL PASS  MOVE-TEST-F1-82                                                                             
 MOVE NUMERIC LITERAL PASS  MOVE-TEST-F1-84                                                                             
 MOVE NUMERIC LITERAL PASS  MOVE-TEST-F1-85                                                                             
 MOVE NUMERIC LITERAL PASS  MOVE-TEST-F1-86                                                                             
 MOVE NUMERIC LITERAL PASS  MOVE-TEST-F1-87                                                                             
 MOVE NUMERIC LITERAL PASS  MOVE-TEST-F1-88                                                                             
 MOVE NUMERIC LITERAL PASS  MOVE-TEST-F1-89                                                                             
 MOVE NUMERIC LITERAL PASS  MOVE-TEST-F1-90                                                                             
 MOVE NUMERIC LITERAL PASS  MOVE-TEST-F1-91                                                                             
 MOVE NUMERIC LITERAL PASS  MOVE-TEST-F1-92                                                                             
 MOVE NUMERIC LITERAL PASS  MOVE-TEST-F1-93                                                                             
 JUSTIFIED MOVES      PASS  MOVE-TEST-F1-94                                                                             
 JUSTIFIED MOVES      PASS  MOVE-TEST-F1-95                                                                             
 JUSTIFIED MOVES      PASS  MOVE-TEST-F1-96                                                                             
 JUSTIFIED MOVES      PASS  MOVE-TEST-F1-97                                                                             
 MOVE (COMP/DISPLAY)  PASS  MOVE-TEST-F1-98                                                                             
 MOVE (COMP/DISPLAY)  PASS  MOVE-TEST-F1-99                                                                             
 MOVE (COMP/DISPLAY)  PASS  MOVE-TEST-F1-100                                                                            
 MOVE (COMP/DISPLAY)  PASS  MOVE-TEST-F1-101                                                                            
 MOVE (COMP/DISPLAY)  PASS  MOVE-TEST-F1-102                                                                            
 MOVE (COMP/DISPLAY)  PASS  MOVE-TEST-F1-103                                                                            
 MOVE (COMP/DISPLAY)  PASS  MOVE-TEST-F1-104                                                                            
 MOVE (COMP/DISPLAY)  PASS  MOVE-TEST-F1-105                                                                            
 MOVE (COMP/DISPLAY)  PASS  MOVE-TEST-F1-106                                                                            
 MOVE (COMP/DISPLAY)  PASS  MOVE-TEST-F1-107                                                                            
 MOVE (DISPLAY/COMP)  PASS  MOVE-TEST-F1-108                                                                            
 MOVE (DISPLAY/COMP)  PASS  MOVE-TEST-F1-109                                                                            
 MOVE NUMERIC         PASS  MOVE-TEST-F1-110                                                                            
 MOVE -- COMP, SYNC   PASS  MOVE-TEST-F1-111                                                                            
 MOVE TO COMP (ABS)   PASS  MOVE-TEST-F1-112                                                                            
 MOVE TO COMP (ABS)   PASS  MOVE-TEST-F1-113                                                                            
 MOVE TO COMP (ABS)   PASS  MOVE-TEST-F1-114                                                                                                                                                                                                    
                                       OFFICIAL COBOL COMPILER VALIDATION SYSTEM                                        
                                                                                                                        
                                        CCVS85 4.2  COPY - NOT FOR DISTRIBUTION                                         
                                                                                                                        
TEST RESULT OF NC105A    IN  HIGH        LEVEL VALIDATION FOR ON-SITE VALIDATION, NATIONAL INSTITUTE OF STD & TECH.     
                                                                                                                        
                                                                                                                        
 FOR OFFICIAL USE ONLY            COBOL 85 VERSION 4.2, Apr  1993 SSVG                        COPYRIGHT   1985          
                                                                                                                        
                                                                                                                        
 FEATURE              PASS  PARAGRAPH-NAME                                                 REMARKS                      
 TESTED               FAIL                                                                                              
 ***********************************************************************************************************************
 MOVE TO COMP (ABS)   PASS  MOVE-TEST-F1-115                                                                            
 MOVE TO COMP (ABS)   PASS  MOVE-TEST-F1-116                                                                            
 MOVE TO COMP (ABS)   PASS  MOVE-TEST-F1-117                                                                            
 MOVE TO COMP (ABS)   PASS  MOVE-TEST-F1-118                                                                            
 MOVE TO COMP (ABS)   PASS  MOVE-TEST-F1-119                                                                            
 *DELETED BY FCCTS*   ***** MOVE-TEST-176                 ****TEST DELETED****                                          
 *DELETED BY FCCTS*   ***** MOVE-TEST-177                 ****TEST DELETED****                                          
 *DELETED BY FCCTS*   ***** MOVE-TEST-178                 ****TEST DELETED****                                          
 EDIT--B(N), 0(N)     PASS  EDIT-TEST-F1-120                                                                            
 EDIT--B(N), 0(N)     PASS  EDIT-TEST-F1-121                                                                            
 EDIT--B(N), 0(N)     PASS  EDIT-TEST-F1-122                                                                            
 EDIT--B(N), 0(N)     PASS  EDIT-TEST-F1-123                                                                            
 EDIT -- MASKED EDIT  PASS  EDIT-TEST-F1-124                                                                            
 EDIT -- MASKED EDIT  PASS  EDIT-TEST-F1-125                                                                            
 EDIT -- MASKED EDIT  PASS  EDIT-TEST-F1-126                                                                            
 EDIT -- MASKED EDIT  PASS  EDIT-TEST-F1-127                                                                            
 EDIT -- MASKED EDIT  PASS  EDIT-TEST-F1-128                                                                            
 EDIT -- MASKED EDIT  PASS  EDIT-TEST-F1-129                                                                            
 ***********************************************************************************************************************
                                                                                                                        
                                                                                                                        
                                                                                                                        
                                                                                                                        
                                                    END OF TEST-  NC105A                                                
                                                                                                                        
                                                    129 OF 132  TESTS WERE EXECUTED SUCCESSFULLY                        
                                                    NO  TEST(S) FAILED                                                  
                                                    003 TEST(S) DELETED                                                 
                                                    NO  TEST(S) REQUIRE INSPECTION                                      
 FOR OFFICIAL USE ONLY            ON-SITE VALIDATION, NATIONAL INSTITUTE OF STD & TECH.                   COPYRIGHT 1985
