
                                       OFFICIAL COBOL COMPILER VALIDATION SYSTEM                                        
                                                                                                                        
                                        CCVS85 4.2  COPY - NOT FOR DISTRIBUTION                                         
                                                                                                                        
TEST RESULT OF NC111A    IN  HIGH        LEVEL VALIDATION FOR ON-SITE VALIDATION, NATIONAL INSTITUTE OF STD & TECH.     
                                                                                                                        
                                                                                                                        
 FOR OFFICIAL USE ONLY            COBOL 85 VERSION 4.2, Apr  1993 SSVG                        COPYRIGHT   1985          
                                                                                                                        
                                                                                                                        
 FEATURE              PASS  PARAGRAPH-NAME                                                 REMARKS                      
 TESTED               FAIL                                                                                              
                                                                                                                        
 ***********************************************************************************************************************
                                                          THE FOLLOWING 3 TESTS TEST                                    
                                                          SOME SPECIFIC FEATURES OF                                     
                                                          THE TRUNCATION, ROUNDED AND                                   
                                                          SIZE ERROR OPTIONS. GENERAL                                   
                                                          FEATURES OF THESE OPTIONS                                     
                                                          ARE TESTED IN THE ADD, SUB-                                   
                                                          TRACT, MULTIPLY, AND DIVIDE                                   
                                                          TESTS.                                                        
 TRUNCATION           PASS  TRU-TEST-GF-1                                                                               
 TRUNCATION           PASS  TRU-TEST-GF-2                                                                               
 TRUNCATION           PASS  TRU-TEST-GF-3                                                                               
 TRUNCATION           PASS  TRU-TEST-GF-4                                                                               
 TRUNCATION           PASS  TRU-TEST-GF-5                                                                               
 TRUNCATION           PASS  TRU-TEST-GF-6                                                                               
 TRUNCATION           PASS  TRU-TEST-GF-7                                                                               
 ***********************************************************************************************************************
                                                                                                                        
                                                                                                                        
                                                                                                                        
                                                                                                                        
                                                    END OF TEST-  NC111A                                                
                                                                                                                        
                                                    007 OF 007  TESTS WERE EXECUTED SUCCESSFULLY                        
                                                    NO  TEST(S) FAILED                                                  
                                                    NO  TEST(S) DELETED                                                 
                                                    NO  TEST(S) REQUIRE INSPECTION                                      
 FOR OFFICIAL USE ONLY            ON-SITE VALIDATION, NATIONAL INSTITUTE OF STD & TECH.                   COPYRIGHT 1985
