
                                       OFFICIAL COBOL COMPILER VALIDATION SYSTEM                                        
                                                                                                                        
                                        CCVS85 4.2  COPY - NOT FOR DISTRIBUTION                                         
                                                                                                                        
TEST RESULT OF NC119A    IN  HIGH        LEVEL VALIDATION FOR ON-SITE VALIDATION, NATIONAL INSTITUTE OF STD & TECH.     
                                                                                                                        
                                                                                                                        
 FOR OFFICIAL USE ONLY            COBOL 85 VERSION 4.2, Apr  1993 SSVG                        COPYRIGHT   1985          
                                                                                                                        
                                                                                                                        
 FEATURE              PASS  PARAGRAPH-NAME                                                 REMARKS                      
 TESTED               FAIL                                                                                              
                                                                                                                        
 ***********************************************************************************************************************
 ***********************************************************************************************************************
                                                                                                                        
                                                                                                                        
                                                                                                                        
                                                                                                                        
 SUBTRACT             PASS  SUB-TEST-GF-1                                                                               
 SUBTRACT             PASS  SUB-TEST-GF-2                                                                               
 SUBTRACT             PASS  SUB-TEST-GF-3                                                                               
   GIVING             PASS  SUB-TEST-GF-13                                                                              
   GIVING             PASS  SUB-TEST-GF-14                                                                              
   ROUNDED            PASS  SUB-TEST-GF-4                                                                               
   ROUNDED            PASS  SUB-TEST-GF-15                                                                              
   SIZE ERROR         PASS  SUB-TEST-GF-5-1                                                                             
   SIZE ERROR         PASS  SUB-TEST-GF-5-2                                                                             
   SIZE ERROR         PASS  SUB-TEST-GF-16-1                                                                            
   SIZE ERROR         PASS  SUB-TEST-GF-16-2                                                                            
   ROUNDED,SIZE ERROR PASS  SUB-TEST-GF-17-1                                                                            
   ROUNDED,SIZE ERROR PASS  SUB-TEST-GF-17-2                                                                            
   ROUNDED,SIZE ERROR PASS  SUB-TEST-GF-6-1                                                                             
   ROUNDED,SIZE ERROR PASS  SUB-TEST-GF-6-2                                                                             
   ROUNDED,SIZE ERROR PASS  SUB-TEST-GF-18-1                                                                            
   ROUNDED,SIZE ERROR PASS  SUB-TEST-GF-18-2                                                                            
   ROUNDED,SIZE ERROR PASS  SUB-TEST-GF-19-1                                                                            
   ROUNDED,SIZE ERROR PASS  SUB-TEST-GF-19-2                                                                            
   SERIES             PASS  SUB-TEST-GF-20                                                                              
   SERIES             PASS  SUB-TEST-GF-21                                                                              
   SERIES             PASS  SUB-TEST-GF-22                                                                              
   COMP VS. DISPLAY   PASS  SUB-TEST-GF-7                                                                                                                                                                                                       
                                       OFFICIAL COBOL COMPILER VALIDATION SYSTEM                                        
                                                                                                                        
                                        CCVS85 4.2  COPY - NOT FOR DISTRIBUTION                                         
                                                                                                                        
TEST RESULT OF NC119A    IN  HIGH        LEVEL VALIDATION FOR ON-SITE VALIDATION, NATIONAL INSTITUTE OF STD & TECH.     
                                                                                                                        
                                                                                                                        
 FOR OFFICIAL USE ONLY            COBOL 85 VERSION 4.2, Apr  1993 SSVG                        COPYRIGHT   1985          
                                                                                                                        
                                                                                                                        
 FEATURE              PASS  PARAGRAPH-NAME                                                 REMARKS                      
 TESTED               FAIL                                                                                              
 ***********************************************************************************************************************
   COMP VS. DISPLAY   PASS  SUB-TEST-GF-8                                                                               
   COMP VS. DISPLAY   PASS  SUB-TEST-GF-9                                                                               
   COMP VS. DISPLAY   PASS  SUB-TEST-GF-10                                                                              
   COMP VS. DISPLAY   PASS  SUB-TEST-GF-23                                                                              
   COMP VS. DISPLAY   PASS  SUB-TEST-GF-11                                                                              
   COMP VS. DISPLAY   PASS  SUB-TEST-GF-12-1                                                                            
   COMP VS. DISPLAY   PASS  SUB-TEST-GF-12-2                                                                            
   COMP VS. DISPLAY   PASS  SUB-TEST-GF-24-1                                                                            
   COMP VS. DISPLAY   PASS  SUB-TEST-GF-24-2                                                                            
   COMP VS. DISPLAY   PASS  SUB-TEST-GF-25-1                                                                            
   COMP VS. DISPLAY   PASS  SUB-TEST-GF-25-2                                                                            
   COMP VS. DISPLAY   PASS  SUB-TEST-GF-26-1                                                                            
   COMP VS. DISPLAY   PASS  SUB-TEST-GF-26-2                                                                            
 ***********************************************************************************************************************
                                                                                                                        
                                                                                                                        
                                                                                                                        
                                                                                                                        
                                                    END OF TEST-  NC119A                                                
                                                                                                                        
                                                    036 OF 036  TESTS WERE EXECUTED SUCCESSFULLY                        
                                                    NO  TEST(S) FAILED                                                  
                                                    NO  TEST(S) DELETED                                                 
                                                    NO  TEST(S) REQUIRE INSPECTION                                      
 FOR OFFICIAL USE ONLY            ON-SITE VALIDATION, NATIONAL INSTITUTE OF STD & TECH.                   COPYRIGHT 1985
