
                                       OFFICIAL COBOL COMPILER VALIDATION SYSTEM                                        
                                                                                                                        
                                        CCVS85 4.2  COPY - NOT FOR DISTRIBUTION                                         
                                                                                                                        
TEST RESULT OF NC116A    IN  HIGH        LEVEL VALIDATION FOR ON-SITE VALIDATION, NATIONAL INSTITUTE OF STD & TECH.     
                                                                                                                        
                                                                                                                        
 FOR OFFICIAL USE ONLY            COBOL 85 VERSION 4.2, Apr  1993 SSVG                        COPYRIGHT   1985          
                                                                                                                        
                                                                                                                        
 FEATURE              PASS  PARAGRAPH-NAME                                                 REMARKS                      
 TESTED               FAIL                                                                                              
                                                                                                                        
 ***********************************************************************************************************************
 SIGN LEADING SEPARAT PASS  SIG-TEST-GF-1      .01        LEADING SIGN EQUAL PLUS                                       
 SIGN LEADING SEPARAT PASS  SIG-TEST-GF-1      .02                                                                      
 SIGN LEADING SEPARAT PASS  SIG-TEST-GF-1      .03        LEADING SIGN EQUAL MINUS                                      
 SIGN LEADING SEPARAT PASS  SIG-TEST-GF-1      .04                                                                      
 SIGN TRLNG SEPARATE  PASS  SIG-TEST-GF-2      .01        TRAILING SIGN EQUAL PLUS                                      
 SIGN TRLNG SEPARATE  PASS  SIG-TEST-GF-2      .02                                                                      
 SIGN TRLNG SEPARATE  PASS  SIG-TEST-GF-2      .03        TRAILING SIGN EQUAL MINUS                                     
 SIGN TRLNG SEPARATE  PASS  SIG-TEST-GF-2      .04                                                                      
 SIGN LEADING         PASS  SIG-TEST-GF-3      .01        POSITIVE NUMERIC ITEM                                         
 SIGN LEADING         PASS  SIG-TEST-GF-3      .02        NEGATIVE NUMERIC ITEM                                         
 SIGN TRAILING        PASS  SIG-TEST-GF-4      .01        POSITIVE NUMERIC ITEM                                         
 SIGN TRAILING        PASS  SIG-TEST-GF-4      .02        NEGATIVE NUMERIC ITEM                                         
 COMPARE SIGNED ITEMS PASS  SIG-TEST-GF-5      .01        LEADING SIGN                                                  
 COMPARE SIGNED ITEMS PASS  SIG-TEST-GF-5      .02                                                                      
 COMPARE SIGNED ITEMS PASS  SIG-TEST-GF-5      .03                                                                      
 COMPARE SIGNED ITEMS PASS  SIG-TEST-GF-5      .04                                                                      
 COMPARE SIGNED ITEMS PASS  SIG-TEST-GF-6      .01        TRAILING SIGN                                                 
 COMPARE SIGNED ITEMS PASS  SIG-TEST-GF-6      .02                                                                      
 COMPARE SIGNED ITEMS PASS  SIG-TEST-GF-6      .03                                                                      
 COMPARE SIGNED ITEMS PASS  SIG-TEST-GF-6      .04                                                                      
 COMPARE SIGNED ITEMS PASS  SIG-TEST-GF-7      .01        LEADING SIGN SEPARATE CHARACTER                               
 COMPARE SIGNED ITEMS PASS  SIG-TEST-GF-7      .02                                                                      
 COMPARE SIGNED ITEMS PASS  SIG-TEST-GF-7      .03                                                                      
 COMPARE SIGNED ITEMS PASS  SIG-TEST-GF-7      .04                                                                      
 COMPARE SIGN ITEMS   PASS  SIG-TEST-GF-8      .01        TRAILING SIGN SEPARATE CHARACTR                               
 COMPARE SIGN ITEMS   PASS  SIG-TEST-GF-8      .02                                                                      
 COMPARE SIGN ITEMS   PASS  SIG-TEST-GF-8      .03                                                                      
 COMPARE SIGN ITEMS   PASS  SIG-TEST-GF-8      .04                                                                                                                                                                                              
                                       OFFICIAL COBOL COMPILER VALIDATION SYSTEM                                        
                                                                                                                        
                                        CCVS85 4.2  COPY - NOT FOR DISTRIBUTION                                         
                                                                                                                        
TEST RESULT OF NC116A    IN  HIGH        LEVEL VALIDATION FOR ON-SITE VALIDATION, NATIONAL INSTITUTE OF STD & TECH.     
                                                                                                                        
                                                                                                                        
 FOR OFFICIAL USE ONLY            COBOL 85 VERSION 4.2, Apr  1993 SSVG                        COPYRIGHT   1985          
                                                                                                                        
                                                                                                                        
 FEATURE              PASS  PARAGRAPH-NAME                                                 REMARKS                      
 TESTED               FAIL                                                                                              
 ***********************************************************************************************************************
 SENDING ITEM DS-LS   PASS  SIG-TEST-GF-9      .01                                                                      
 SENDING ITEM DS-LS   PASS  SIG-TEST-GF-9      .02                                                                      
 SENDING ITEM DS-LS   PASS  SIG-TEST-GF-9      .03                                                                      
 SENDING ITEM DS-LS   PASS  SIG-TEST-GF-9      .04                                                                      
 SENDING ITEM DS-TS-4 PASS  SIG-TEST-GF-10     .01                                                                      
 SENDING ITEM DS-TS-4 PASS  SIG-TEST-GF-10     .02                                                                      
 SENDING ITEM DS-TS-4 PASS  SIG-TEST-GF-10     .03                                                                      
 SENDING ITEM DS-TS-4 PASS  SIG-TEST-GF-10     .04                                                                      
 SIGN SEPARATE ITEMS  PASS  SIG-TEST-GF-11     .01                                                                      
 SIGN SEPARATE ITEMS  PASS  SIG-TEST-GF-11     .02                                                                      
 SIGN SEPARATE ITEMS  PASS  SIG-TEST-GF-11     .03                                                                      
 SIGN SEPARATE ITEMS  PASS  SIG-TEST-GF-11     .04                                                                      
 SIGN CLAUSE ITEMS    PASS  SIG-TEST-GF-12     .01                                                                      
 SIGN CLAUSE ITEMS    PASS  SIG-TEST-GF-12     .02                                                                      
 SIGN CLAUSE ITEMS    PASS  SIG-TEST-GF-12     .03                                                                      
 SIGN CLAUSE ITEMS    PASS  SIG-TEST-GF-12     .04                                                                      
 SIGN CLAUSE ITEMS    PASS  SIG-TEST-GF-13     .01                                                                      
 SIGN CLAUSE ITEMS    PASS  SIG-TEST-GF-13     .02                                                                      
 SIGN CLAUSE ITEMS    PASS  SIG-TEST-GF-13     .03                                                                      
 SIGN CLAUSE ITEMS    PASS  SIG-TEST-GF-13     .04                                                                      
 SIGNED NUM. TO ALPHA PASS  SIG-TEST-GF-14     .01                                                                      
 SIGNED NUM. TO ALPHA PASS  SIG-TEST-GF-14     .02                                                                      
 SIGNED NUM. TO ALPHA PASS  SIG-TEST-GF-14     .03                                                                      
 SIGNED NUM. TO ALPHA PASS  SIG-TEST-GF-14     .04                                                                      
 RECEIVING ITEM DS-LS PASS  SIG-TEST-GF-15     .01                                                                      
 RECEIVING ITEM DS-LS PASS  SIG-TEST-GF-15     .02                                                                      
 RECEIVING ITEM DS-LS PASS  SIG-TEST-GF-15     .03                                                                      
 RECEIVING ITEM DS-LS PASS  SIG-TEST-GF-15     .04                                                                      
 RECEIVING ITEM DS-LS PASS  SIG-TEST-GF-15     .05                                                                      
 RECEIVING ITEM DS-LS PASS  SIG-TEST-GF-15     .06                                                                      
 RECEIVING ITEM DS-TS PASS  SIG-TEST-GF-16     .01                                                                      
 RECEIVING ITEM DS-TS PASS  SIG-TEST-GF-16     .02                                                                      
 RECEIVING ITEM DS-TS PASS  SIG-TEST-GF-16     .03                                                                      
 RECEIVING ITEM DS-TS PASS  SIG-TEST-GF-16     .04                                                                      
 RECEIVING ITEM DS-TS PASS  SIG-TEST-GF-16     .05                                                                      
 RECEIVING ITEM DS-TS PASS  SIG-TEST-GF-16     .06                                                                      
 PRECEDENCE OF SUBORD PASS  SIG-TEST-GF-17                                                                              
 PRECEDENCE OF SUBORD PASS  SIG-TEST-GF-18                                                                              
 ***********************************************************************************************************************
                                                                                                                        
                                                                                                                        
                                                                                                                        
                                                                                                                                                                                                                                                
                                       OFFICIAL COBOL COMPILER VALIDATION SYSTEM                                        
                                                                                                                        
                                        CCVS85 4.2  COPY - NOT FOR DISTRIBUTION                                         
                                                                                                                        
TEST RESULT OF NC116A    IN  HIGH        LEVEL VALIDATION FOR ON-SITE VALIDATION, NATIONAL INSTITUTE OF STD & TECH.     
                                                                                                                        
                                                                                                                        
 FOR OFFICIAL USE ONLY            COBOL 85 VERSION 4.2, Apr  1993 SSVG                        COPYRIGHT   1985          
                                                                                                                        
                                                                                                                        
 FEATURE              PASS  PARAGRAPH-NAME                                                 REMARKS                      
 TESTED               FAIL                                                                                              
 ***********************************************************************************************************************
                                                    END OF TEST-  NC116A                                                
                                                                                                                        
                                                    066 OF 066  TESTS WERE EXECUTED SUCCESSFULLY                        
                                                    NO  TEST(S) FAILED                                                  
                                                    NO  TEST(S) DELETED                                                 
                                                    NO  TEST(S) REQUIRE INSPECTION                                      
 FOR OFFICIAL USE ONLY            ON-SITE VALIDATION, NATIONAL INSTITUTE OF STD & TECH.                   COPYRIGHT 1985
