
                                       OFFICIAL COBOL COMPILER VALIDATION SYSTEM                                        
                                                                                                                        
                                        CCVS85 4.2  COPY - NOT FOR DISTRIBUTION                                         
                                                                                                                        
TEST RESULT OF NC114M    IN  HIGH        LEVEL VALIDATION FOR ON-SITE VALIDATION, NATIONAL INSTITUTE OF STD & TECH.     
                                                                                                                        
                                                                                                                        
 FOR OFFICIAL USE ONLY            COBOL 85 VERSION 4.2, Apr  1993 SSVG                        COPYRIGHT   1985          
                                                                                                                        
                                                                                                                        
 FEATURE              PASS  PARAGRAPH-NAME                                                 REMARKS                      
 TESTED               FAIL                                                                                              
                                                                                                                        
 ***********************************************************************************************************************
 B AS EDIT CHARACTER  PASS  ALPHA-ED-TEST-4                                                                             
 / AS EDIT CHARACTER  PASS  ALPHA-ED-TEST-5                                                                             
 / AS EDIT CHARACTER  PASS  NUM-EDIT-TEST-6                                                                             
 STRIP MINUS SIGN     PASS  MOVE-TEST-16                                                                                
 / AND B EDITS        PASS  MOVE-TEST-17                                                                                
 ***********************************************************************************************************************
                                                                                                                        
                                                                                                                        
                                                                                                                        
                                                                                                                        
 PICTURE AB9  **  CHECK DATA DIV.                                                                                       
 SEQUENCE NUMBER AREA       SEQ-NUM-TEST-1                                                                              
 SEQUENCE NUMBER AREA                                        PLEASE VERIFY THAT THE FOLLOWING ENTRIES                   
 SEQUENCE NUMBER AREA                                        ARE PRINTED IN THE SEQUENCE NUMBER AREA                    
 SEQUENCE NUMBER AREA                                        (COLUMNS 1-6) NEAR THE END OF THE                          
 SEQUENCE NUMBER AREA                                        COMPILATION LISTING FOR NC114M:                            
                                                             COLUMNS:  123456                                           
                                                             =======:  ======                                           
                                                             ENTRY-1:  ABCDEF                                           
                                                             ENTRY-2:  */+(>'                                           
                                                             ENTRY-3:  999-99                                           
                                                             ENTRY-4:  Z=.,;<                                           
                                                             ENTRY-5:  )14$ X                                           
                                                             ENTRY-6:    23 4                                           
 ***********************************************************************************************************************
                                                                                                                        
                                                                                                                        
                                                                                                                                                                                                                                                
                                       OFFICIAL COBOL COMPILER VALIDATION SYSTEM                                        
                                                                                                                        
                                        CCVS85 4.2  COPY - NOT FOR DISTRIBUTION                                         
                                                                                                                        
TEST RESULT OF NC114M    IN  HIGH        LEVEL VALIDATION FOR ON-SITE VALIDATION, NATIONAL INSTITUTE OF STD & TECH.     
                                                                                                                        
                                                                                                                        
 FOR OFFICIAL USE ONLY            COBOL 85 VERSION 4.2, Apr  1993 SSVG                        COPYRIGHT   1985          
                                                                                                                        
                                                                                                                        
 FEATURE              PASS  PARAGRAPH-NAME                                                 REMARKS                      
 TESTED               FAIL                                                                                              
 ***********************************************************************************************************************
                                                                                                                        
                                                    END OF TEST-  NC114M                                                
                                                                                                                        
                                                    005 OF 006  TESTS WERE EXECUTED SUCCESSFULLY                        
                                                    NO  TEST(S) FAILED                                                  
                                                    NO  TEST(S) DELETED                                                 
                                                    001 TEST(S) REQUIRE INSPECTION                                      
 FOR OFFICIAL USE ONLY            ON-SITE VALIDATION, NATIONAL INSTITUTE OF STD & TECH.                   COPYRIGHT 1985
