
                                       OFFICIAL COBOL COMPILER VALIDATION SYSTEM                                        
                                                                                                                        
                                        CCVS85 4.2  COPY - NOT FOR DISTRIBUTION                                         
                                                                                                                        
TEST RESULT OF NC126A    IN  HIGH        LEVEL VALIDATION FOR ON-SITE VALIDATION, NATIONAL INSTITUTE OF STD & TECH.     
                                                                                                                        
                                                                                                                        
 FOR OFFICIAL USE ONLY            COBOL 85 VERSION 4.2, Apr  1993 SSVG                        COPYRIGHT   1985          
                                                                                                                        
                                                                                                                        
 FEATURE              PASS  PARAGRAPH-NAME                                                 REMARKS                      
 TESTED               FAIL                                                                                              
                                                                                                                        
 ***********************************************************************************************************************
 SPACE MOVED TO GRP                                                                                                     
 GROUP ITEM CHECK     PASS  LEV-TEST-GF-1-1                                                                             
 GROUP ITEM CHECK     PASS  LEV-TEST-GF-1-2                                                                             
 GROUP ITEM CHECK     PASS  LEV-TEST-GF-1-3                                                                             
 GROUP ITEM CHECK     PASS  LEV-TEST-GF-1-4                                                                             
 GROUP ITEM CHECK     PASS  LEV-TEST-GF-1-5                                                                             
 GROUP ITEM CHECK     PASS  LEV-TEST-GF-1-6                                                                             
 GROUP ITEM CHECK     PASS  LEV-TEST-GF-1-7                                                                             
 GROUP ITEM CHECK     PASS  LEV-TEST-GF-1-8                                                                             
 GROUP ITEM CHECK     PASS  LEV-TEST-GF-1-9                                                                             
 GROUP ITEM CHECK     PASS  LEV-TEST-GF-1-10                                                                            
 GROUP ITEM CHECK     PASS  LEV-TEST-GF-1-11                                                                            
 GROUP ITEM CHECK     PASS  LEV-TEST-GF-1-12                                                                            
 GROUP ITEM CHECK     PASS  LEV-TEST-GF-1-13                                                                            
 GROUP ITEM CHECK     PASS  LEV-TEST-GF-1-14                                                                            
 GROUP ITEM CHECK     PASS  LEV-TEST-GF-1-15                                                                            
 GROUP ITEM CHECK     PASS  LEV-TEST-GF-1-16                                                                            
 GROUP ITEM CHECK     PASS  LEV-TEST-GF-1-17                                                                            
 GROUP ITEM CHECK     PASS  LEV-TEST-GF-1-18                                                                            
 GROUP ITEM CHECK     PASS  LEV-TEST-GF-1-19                                                                            
 GROUP ITEM CHECK     PASS  LEV-TEST-GF-1-20                                                                            
 GROUP ITEM CHECK     PASS  LEV-TEST-GF-1-21                                                                            
 GROUP ITEM CHECK     PASS  LEV-TEST-GF-1-22                                                                            
 GROUP ITEM CHECK     PASS  LEV-TEST-GF-1-23                                                                            
 GROUP ITEM CHECK     PASS  LEV-TEST-GF-1-24                                                                            
 GROUP ITEM CHECK     PASS  LEV-TEST-GF-1-25                                                                            
 GROUP ITEM CHECK     PASS  LEV-TEST-GF-1-26                                                                            
 GROUP ITEM CHECK     PASS  LEV-TEST-GF-1-27                                                                                                                                                                                                    
                                       OFFICIAL COBOL COMPILER VALIDATION SYSTEM                                        
                                                                                                                        
                                        CCVS85 4.2  COPY - NOT FOR DISTRIBUTION                                         
                                                                                                                        
TEST RESULT OF NC126A    IN  HIGH        LEVEL VALIDATION FOR ON-SITE VALIDATION, NATIONAL INSTITUTE OF STD & TECH.     
                                                                                                                        
                                                                                                                        
 FOR OFFICIAL USE ONLY            COBOL 85 VERSION 4.2, Apr  1993 SSVG                        COPYRIGHT   1985          
                                                                                                                        
                                                                                                                        
 FEATURE              PASS  PARAGRAPH-NAME                                                 REMARKS                      
 TESTED               FAIL                                                                                              
 ***********************************************************************************************************************
 GROUP ITEM CHECK     PASS  LEV-TEST-GF-1-28                                                                            
 GROUP ITEM CHECK     PASS  LEV-TEST-GF-1-29                                                                            
 GROUP ITEM CHECK     PASS  LEV-TEST-GF-1-30                                                                            
 GROUP ITEM CHECK     PASS  LEV-TEST-GF-1-31                                                                            
 GROUP ITEM CHECK     PASS  LEV-TEST-GF-1-32                                                                            
 GROUP ITEM CHECK     PASS  LEV-TEST-GF-1-33                                                                            
 GROUP ITEM CHECK     PASS  LEV-TEST-GF-1-34                                                                            
 GROUP ITEM CHECK     PASS  LEV-TEST-GF-1-35                                                                            
 GROUP ITEM CHECK     PASS  LEV-TEST-GF-1-36                                                                            
 GROUP ITEM CHECK     PASS  LEV-TEST-GF-1-37                                                                            
 GROUP ITEM CHECK     PASS  LEV-TEST-GF-1-38                                                                            
 GROUP ITEM CHECK     PASS  LEV-TEST-GF-1-39                                                                            
 GROUP ITEM CHECK     PASS  LEV-TEST-GF-1-40                                                                            
 GROUP ITEM CHECK     PASS  LEV-TEST-GF-1-41                                                                            
 GROUP ITEM CHECK     PASS  LEV-TEST-GF-1-42                                                                            
 GROUP ITEM CHECK     PASS  LEV-TEST-GF-1-43                                                                            
 GROUP ITEM CHECK     PASS  LEV-TEST-GF-1-44                                                                            
 GROUP ITEM CHECK     PASS  LEV-TEST-GF-1-45                                                                            
 GROUP ITEM CHECK     PASS  LEV-TEST-GF-1-46                                                                            
 GROUP ITEM CHECK     PASS  LEV-TEST-GF-1-47                                                                            
 ***********************************************************************************************************************
                                                                                                                        
                                                                                                                        
                                                                                                                        
                                                                                                                        
 ALPHA MOVED TO GROUP                                                                                                   
 ELEMENTRY ITEM CHK   PASS  LEV-TEST-GF-2-1                                                                             
 ELEMENTRY ITEM CHK   PASS  LEV-TEST-GF-2-2                                                                             
 ELEMENTRY ITEM CHK   PASS  LEV-TEST-GF-2-3                                                                             
 ELEMENTRY ITEM CHK   PASS  LEV-TEST-GF-2-4                                                                             
 ELEMENTRY ITEM CHK   PASS  LEV-TEST-GF-2-5                                                                             
 ELEMENTRY ITEM CHK   PASS  LEV-TEST-GF-2-6                                                                             
 ELEMENTRY ITEM CHK   PASS  LEV-TEST-GF-2-7                                                                             
 ELEMENTRY ITEM CHK   PASS  LEV-TEST-GF-2-8                                                                             
 ELEMENTRY ITEM CHK   PASS  LEV-TEST-GF-2-9                                                                             
 ELEMENTRY ITEM CHK   PASS  LEV-TEST-GF-2-10                                                                            
 ELEMENTRY ITEM CHK   PASS  LEV-TEST-GF-2-11                                                                            
 ELEMENTRY ITEM CHK   PASS  LEV-TEST-GF-2-12                                                                            
 ELEMENTRY ITEM CHK   PASS  LEV-TEST-GF-2-13                                                                            
 ELEMENTRY ITEM CHK   PASS  LEV-TEST-GF-2-14                                                                            
 ELEMENTRY ITEM CHK   PASS  LEV-TEST-GF-2-15                                                                            
 ELEMENTRY ITEM CHK   PASS  LEV-TEST-GF-2-16                                                                            
 ELEMENTRY ITEM CHK   PASS  LEV-TEST-GF-2-17                                                                                                                                                                                                    
                                       OFFICIAL COBOL COMPILER VALIDATION SYSTEM                                        
                                                                                                                        
                                        CCVS85 4.2  COPY - NOT FOR DISTRIBUTION                                         
                                                                                                                        
TEST RESULT OF NC126A    IN  HIGH        LEVEL VALIDATION FOR ON-SITE VALIDATION, NATIONAL INSTITUTE OF STD & TECH.     
                                                                                                                        
                                                                                                                        
 FOR OFFICIAL USE ONLY            COBOL 85 VERSION 4.2, Apr  1993 SSVG                        COPYRIGHT   1985          
                                                                                                                        
                                                                                                                        
 FEATURE              PASS  PARAGRAPH-NAME                                                 REMARKS                      
 TESTED               FAIL                                                                                              
 ***********************************************************************************************************************
 ELEMENTRY ITEM CHK   PASS  LEV-TEST-GF-2-18                                                                            
 ELEMENTRY ITEM CHK   PASS  LEV-TEST-GF-2-19                                                                            
 ELEMENTRY ITEM CHK   PASS  LEV-TEST-GF-2-20                                                                            
 ELEMENTRY ITEM CHK   PASS  LEV-TEST-GF-2-21                                                                            
 ELEMENTRY ITEM CHK   PASS  LEV-TEST-GF-2-22                                                                            
 ELEMENTRY ITEM CHK   PASS  LEV-TEST-GF-2-23                                                                            
 ELEMENTRY ITEM CHK   PASS  LEV-TEST-GF-2-24                                                                            
 ELEMENTRY ITEM CHK   PASS  LEV-TEST-GF-2-25                                                                            
 ELEMENTRY ITEM CHK   PASS  LEV-TEST-GF-2-26                                                                            
 ELEMENTRY ITEM CHK   PASS  LEV-TEST-GF-2-27                                                                            
 ELEMENTRY ITEM CHK   PASS  LEV-TEST-GF-2-28                                                                            
 ELEMENTRY ITEM CHK   PASS  LEV-TEST-GF-2-29                                                                            
 ELEMENTRY ITEM CHK   PASS  LEV-TEST-GF-2-30                                                                            
 ELEMENTRY ITEM CHK   PASS  LEV-TEST-GF-2-31                                                                            
 ELEMENTRY ITEM CHK   PASS  LEV-TEST-GF-2-32                                                                            
 ELEMENTRY ITEM CHK   PASS  LEV-TEST-GF-2-33                                                                            
 ELEMENTRY ITEM CHK   PASS  LEV-TEST-GF-2-34                                                                            
 ELEMENTRY ITEM CHK   PASS  LEV-TEST-GF-2-35                                                                            
 ELEMENTRY ITEM CHK   PASS  LEV-TEST-GF-2-36                                                                            
 ELEMENTRY ITEM CHK   PASS  LEV-TEST-GF-2-37                                                                            
 ELEMENTRY ITEM CHK   PASS  LEV-TEST-GF-2-38                                                                            
 ELEMENTRY ITEM CHK   PASS  LEV-TEST-GF-2-39                                                                            
 ELEMENTRY ITEM CHK   PASS  LEV-TEST-GF-2-40                                                                            
 ELEMENTRY ITEM CHK   PASS  LEV-TEST-GF-2-41                                                                            
 ELEMENTRY ITEM CHK   PASS  LEV-TEST-GF-2-42                                                                            
 ELEMENTRY ITEM CHK   PASS  LEV-TEST-GF-2-43                                                                            
 ELEMENTRY ITEM CHK   PASS  LEV-TEST-GF-2-44                                                                            
 ELEMENTRY ITEM CHK   PASS  LEV-TEST-GF-2-45                                                                            
 ELEMENTRY ITEM CHK   PASS  LEV-TEST-GF-2-46                                                                            
 ELEMENTRY ITEM CHK   PASS  LEV-TEST-GF-2-47                                                                            
 ELEMENTRY ITEM CHK   PASS  LEV-TEST-GF-2-48                                                                            
 ***********************************************************************************************************************
                                                                                                                        
                                                                                                                        
                                                                                                                        
                                                                                                                        
 NUMERIC MOVED TO GRP                                                                                                   
 ELEMENTRY ITEM CHK   PASS  LEV-TEST-GF-3-1                                                                             
 ELEMENTRY ITEM CHK   PASS  LEV-TEST-GF-3-2                                                                             
 ELEMENTRY ITEM CHK   PASS  LEV-TEST-GF-3-3                                                                             
 ELEMENTRY ITEM CHK   PASS  LEV-TEST-GF-3-4                                                                             
 ELEMENTRY ITEM CHK   PASS  LEV-TEST-GF-3-5                                                                             
 ELEMENTRY ITEM CHK   PASS  LEV-TEST-GF-3-6                                                                                                                                                                                                     
                                       OFFICIAL COBOL COMPILER VALIDATION SYSTEM                                        
                                                                                                                        
                                        CCVS85 4.2  COPY - NOT FOR DISTRIBUTION                                         
                                                                                                                        
TEST RESULT OF NC126A    IN  HIGH        LEVEL VALIDATION FOR ON-SITE VALIDATION, NATIONAL INSTITUTE OF STD & TECH.     
                                                                                                                        
                                                                                                                        
 FOR OFFICIAL USE ONLY            COBOL 85 VERSION 4.2, Apr  1993 SSVG                        COPYRIGHT   1985          
                                                                                                                        
                                                                                                                        
 FEATURE              PASS  PARAGRAPH-NAME                                                 REMARKS                      
 TESTED               FAIL                                                                                              
 ***********************************************************************************************************************
 ELEMENTRY ITEM CHK   PASS  LEV-TEST-GF-3-7                                                                             
 ELEMENTRY ITEM CHK   PASS  LEV-TEST-GF-3-8                                                                             
 ELEMENTRY ITEM CHK   PASS  LEV-TEST-GF-3-9                                                                             
 ELEMENTRY ITEM CHK   PASS  LEV-TEST-GF-3-10                                                                            
 ELEMENTRY ITEM CHK   PASS  LEV-TEST-GF-3-11                                                                            
 ELEMENTRY ITEM CHK   PASS  LEV-TEST-GF-3-12                                                                            
 ELEMENTRY ITEM CHK   PASS  LEV-TEST-GF-3-13                                                                            
 ELEMENTRY ITEM CHK   PASS  LEV-TEST-GF-3-14                                                                            
 ELEMENTRY ITEM CHK   PASS  LEV-TEST-GF-3-15                                                                            
 ELEMENTRY ITEM CHK   PASS  LEV-TEST-GF-3-16                                                                            
 ELEMENTRY ITEM CHK   PASS  LEV-TEST-GF-3-17                                                                            
 ELEMENTRY ITEM CHK   PASS  LEV-TEST-GF-3-18                                                                            
 ELEMENTRY ITEM CHK   PASS  LEV-TEST-GF-3-19                                                                            
 ELEMENTRY ITEM CHK   PASS  LEV-TEST-GF-3-20                                                                            
 ELEMENTRY ITEM CHK   PASS  LEV-TEST-GF-3-21                                                                            
 ELEMENTRY ITEM CHK   PASS  LEV-TEST-GF-3-22                                                                            
 ELEMENTRY ITEM CHK   PASS  LEV-TEST-GF-3-23                                                                            
 ELEMENTRY ITEM CHK   PASS  LEV-TEST-GF-3-24                                                                            
 ELEMENTRY ITEM CHK   PASS  LEV-TEST-GF-3-25                                                                            
 ELEMENTRY ITEM CHK   PASS  LEV-TEST-GF-3-26                                                                            
 ELEMENTRY ITEM CHK   PASS  LEV-TEST-GF-3-27                                                                            
 ELEMENTRY ITEM CHK   PASS  LEV-TEST-GF-3-28                                                                            
 ELEMENTRY ITEM CHK   PASS  LEV-TEST-GF-3-29                                                                            
 ELEMENTRY ITEM CHK   PASS  LEV-TEST-GF-3-30                                                                            
 ELEMENTRY ITEM CHK   PASS  LEV-TEST-GF-3-31                                                                            
 ELEMENTRY ITEM CHK   PASS  LEV-TEST-GF-3-32                                                                            
 ELEMENTRY ITEM CHK   PASS  LEV-TEST-GF-3-33                                                                            
 ELEMENTRY ITEM CHK   PASS  LEV-TEST-GF-3-34                                                                            
 ELEMENTRY ITEM CHK   PASS  LEV-TEST-GF-3-35                                                                            
 ELEMENTRY ITEM CHK   PASS  LEV-TEST-GF-3-36                                                                            
 ELEMENTRY ITEM CHK   PASS  LEV-TEST-GF-3-37                                                                            
 ELEMENTRY ITEM CHK   PASS  LEV-TEST-GF-3-38                                                                            
 ELEMENTRY ITEM CHK   PASS  LEV-TEST-GF-3-39                                                                            
 ELEMENTRY ITEM CHK   PASS  LEV-TEST-GF-3-40                                                                            
 ELEMENTRY ITEM CHK   PASS  LEV-TEST-GF-3-41                                                                            
 ELEMENTRY ITEM CHK   PASS  LEV-TEST-GF-3-42                                                                            
 ELEMENTRY ITEM CHK   PASS  LEV-TEST-GF-3-43                                                                            
 ELEMENTRY ITEM CHK   PASS  LEV-TEST-GF-3-44                                                                            
 ELEMENTRY ITEM CHK   PASS  LEV-TEST-GF-3-45                                                                            
 ELEMENTRY ITEM CHK   PASS  LEV-TEST-GF-3-46                                                                            
 ELEMENTRY ITEM CHK   PASS  LEV-TEST-GF-3-47                                                                            
 ELEMENTRY ITEM CHK   PASS  LEV-TEST-GF-3-48                                                                            
 ELEMENTRY ITEM CHK   PASS  LEV-TEST-GF-3-49                                                                                                                                                                                                    
                                       OFFICIAL COBOL COMPILER VALIDATION SYSTEM                                        
                                                                                                                        
                                        CCVS85 4.2  COPY - NOT FOR DISTRIBUTION                                         
                                                                                                                        
TEST RESULT OF NC126A    IN  HIGH        LEVEL VALIDATION FOR ON-SITE VALIDATION, NATIONAL INSTITUTE OF STD & TECH.     
                                                                                                                        
                                                                                                                        
 FOR OFFICIAL USE ONLY            COBOL 85 VERSION 4.2, Apr  1993 SSVG                        COPYRIGHT   1985          
                                                                                                                        
                                                                                                                        
 FEATURE              PASS  PARAGRAPH-NAME                                                 REMARKS                      
 TESTED               FAIL                                                                                              
 ***********************************************************************************************************************
 ELEMENTRY ITEM CHK   PASS  LEV-TEST-GF-3-50                                                                            
 ***********************************************************************************************************************
                                                                                                                        
                                                                                                                        
                                                                                                                        
                                                                                                                        
                                                    END OF TEST-  NC126A                                                
                                                                                                                        
                                                    145 OF 145  TESTS WERE EXECUTED SUCCESSFULLY                        
                                                    NO  TEST(S) FAILED                                                  
                                                    NO  TEST(S) DELETED                                                 
                                                    NO  TEST(S) REQUIRE INSPECTION                                      
 FOR OFFICIAL USE ONLY            ON-SITE VALIDATION, NATIONAL INSTITUTE OF STD & TECH.                   COPYRIGHT 1985
