
                                       OFFICIAL COBOL COMPILER VALIDATION SYSTEM                                        
                                                                                                                        
                                        CCVS85 4.2  COPY - NOT FOR DISTRIBUTION                                         
                                                                                                                        
TEST RESULT OF NC124A    IN  HIGH        LEVEL VALIDATION FOR ON-SITE VALIDATION, NATIONAL INSTITUTE OF STD & TECH.     
                                                                                                                        
                                                                                                                        
 FOR OFFICIAL USE ONLY            COBOL 85 VERSION 4.2, Apr  1993 SSVG                        COPYRIGHT   1985          
                                                                                                                        
                                                                                                                        
 FEATURE              PASS  PARAGRAPH-NAME                                                 REMARKS                      
 TESTED               FAIL                                                                                              
                                                                                                                        
 ***********************************************************************************************************************
 PICTURE + AND -      PASS  PICTRE-TST-1       .01                                                                      
 PICTURE + AND -      PASS  PICTRE-TST-1       .02                                                                      
 PICTURE + AND -      PASS  PICTRE-TST-1       .03                                                                      
 PICTURE + AND -      PASS  PICTRE-TST-1       .04                                                                      
 PICTURE + AND -      PASS  PICTRE-TST-1       .05                                                                      
 PICTURE + AND -      PASS  PICTRE-TST-1       .06                                                                      
 PICTURE + AND -      PASS  PICTRE-TST-1       .07                                                                      
 PICTURE + AND -      PASS  PICTRE-TST-1       .08                                                                      
 PICTURE + AND -      PASS  PICTRE-TST-2       .01                                                                      
 PICTURE + AND -      PASS  PICTRE-TST-2       .02                                                                      
 PICTURE + AND -      PASS  PICTRE-TST-2       .03                                                                      
 PICTURE + AND -      PASS  PICTRE-TST-2       .04                                                                      
 PICTURE + AND -      PASS  PICTRE-TST-2       .05                                                                      
 PICTURE + AND -      PASS  PICTRE-TST-2       .06                                                                      
 PICTURE + AND -      PASS  PICTRE-TST-2       .07                                                                      
 PICTURE + AND -      PASS  PICTRE-TST-2       .08                                                                      
 PICTURE + AND -      PASS  PICTRE-TST-3       .01                                                                      
 PICTURE + AND -      PASS  PICTRE-TST-3       .02                                                                      
 PICTURE + AND -      PASS  PICTRE-TST-3       .03                                                                      
 PICTURE + AND -      PASS  PICTRE-TST-3       .04                                                                      
 PICTURE + AND -      PASS  PICTRE-TST-3       .05                                                                      
 PICTURE + AND -      PASS  PICTRE-TST-3       .06                                                                      
 PICTURE + AND -      PASS  PICTRE-TST-3       .07                                                                      
 PICTURE + AND -      PASS  PICTRE-TST-3       .08                                                                      
 PICTURE + AND -      PASS  PICTRE-TST-4       .01                                                                      
 PICTURE + AND -      PASS  PICTRE-TST-4       .02                                                                      
 PICTURE + AND -      PASS  PICTRE-TST-4       .03                                                                      
 PICTURE + AND -      PASS  PICTRE-TST-4       .04                                                                                                                                                                                              
                                       OFFICIAL COBOL COMPILER VALIDATION SYSTEM                                        
                                                                                                                        
                                        CCVS85 4.2  COPY - NOT FOR DISTRIBUTION                                         
                                                                                                                        
TEST RESULT OF NC124A    IN  HIGH        LEVEL VALIDATION FOR ON-SITE VALIDATION, NATIONAL INSTITUTE OF STD & TECH.     
                                                                                                                        
                                                                                                                        
 FOR OFFICIAL USE ONLY            COBOL 85 VERSION 4.2, Apr  1993 SSVG                        COPYRIGHT   1985          
                                                                                                                        
                                                                                                                        
 FEATURE              PASS  PARAGRAPH-NAME                                                 REMARKS                      
 TESTED               FAIL                                                                                              
 ***********************************************************************************************************************
 PICTURE + AND -      PASS  PICTRE-TST-4       .05                                                                      
 PICTURE + AND -      PASS  PICTRE-TST-4       .06                                                                      
 PICTURE + AND -      PASS  PICTRE-TST-4       .07                                                                      
 PICTURE + AND -      PASS  PICTRE-TST-4       .08                                                                      
 PICTURE + AND -      PASS  PICTRE-TST-5       .01                                                                      
 PICTURE + AND -      PASS  PICTRE-TST-5       .02                                                                      
 PICTURE + AND -      PASS  PICTRE-TST-5       .03                                                                      
 PICTURE + AND -      PASS  PICTRE-TST-5       .04                                                                      
 PICTURE + AND -      PASS  PICTRE-TST-5       .05                                                                      
 PICTURE + AND -      PASS  PICTRE-TST-5       .06                                                                      
 PICTURE + AND -      PASS  PICTRE-TST-5       .07                                                                      
 PICTURE + AND -      PASS  PICTRE-TST-5       .08                                                                      
 PICTURE + AND -      PASS  PICTRE-TST-6       .01                                                                      
 PICTURE + AND -      PASS  PICTRE-TST-6       .02                                                                      
 PICTURE + AND -      PASS  PICTRE-TST-6       .03                                                                      
 PICTURE + AND -      PASS  PICTRE-TST-6       .04                                                                      
 PICTURE + AND -      PASS  PICTRE-TST-6       .05                                                                      
 PICTURE + AND -      PASS  PICTRE-TST-6       .06                                                                      
 PICTURE + AND -      PASS  PICTRE-TST-6       .07                                                                      
 PICTURE + AND -      PASS  PICTRE-TST-6       .08                                                                      
 PICTURE + AND -      PASS  PICTRE-TST-7       .01                                                                      
 PICTURE + AND -      PASS  PICTRE-TST-7       .02                                                                      
 PICTURE + AND -      PASS  PICTRE-TST-7       .03                                                                      
 PICTURE + AND -      PASS  PICTRE-TST-7       .04                                                                      
 PICTURE + AND -      PASS  PICTRE-TST-7       .05                                                                      
 PICTURE + AND -      PASS  PICTRE-TST-7       .06                                                                      
 PICTURE + AND -      PASS  PICTRE-TST-7       .07                                                                      
 PICTURE + AND -      PASS  PICTRE-TST-7       .08                                                                      
 PICTURE + AND -      PASS  PICTRE-TST-8       .01                                                                      
 PICTURE + AND -      PASS  PICTRE-TST-8       .02                                                                      
 PICTURE + AND -      PASS  PICTRE-TST-8       .03                                                                      
 PICTURE + AND -      PASS  PICTRE-TST-8       .04                                                                      
 PICTURE + AND -      PASS  PICTRE-TST-8       .05                                                                      
 PICTURE + AND -      PASS  PICTRE-TST-8       .06                                                                      
 PICTURE + AND -      PASS  PICTRE-TST-8       .07                                                                      
 PICTURE + AND -      PASS  PICTRE-TST-8       .08                                                                      
 PICTURE + AND -      PASS  PICTRE-TST-9       .01                                                                      
 PICTURE + AND -      PASS  PICTRE-TST-9       .02                                                                      
 PICTURE + AND -      PASS  PICTRE-TST-9       .03                                                                      
 PICTURE + AND -      PASS  PICTRE-TST-9       .04                                                                      
 PICTURE + AND -      PASS  PICTRE-TST-9       .05                                                                      
 PICTURE + AND -      PASS  PICTRE-TST-9       .06                                                                      
 PICTURE + AND -      PASS  PICTRE-TST-9       .07                                                                                                                                                                                              
                                       OFFICIAL COBOL COMPILER VALIDATION SYSTEM                                        
                                                                                                                        
                                        CCVS85 4.2  COPY - NOT FOR DISTRIBUTION                                         
                                                                                                                        
TEST RESULT OF NC124A    IN  HIGH        LEVEL VALIDATION FOR ON-SITE VALIDATION, NATIONAL INSTITUTE OF STD & TECH.     
                                                                                                                        
                                                                                                                        
 FOR OFFICIAL USE ONLY            COBOL 85 VERSION 4.2, Apr  1993 SSVG                        COPYRIGHT   1985          
                                                                                                                        
                                                                                                                        
 FEATURE              PASS  PARAGRAPH-NAME                                                 REMARKS                      
 TESTED               FAIL                                                                                              
 ***********************************************************************************************************************
 PICTURE + AND -      PASS  PICTRE-TST-9       .08                                                                      
 PICTURE CHARACTER l  PASS  PCTRE-TST-10       .01                                                                      
 PICTURE CHARACTER l  PASS  PCTRE-TST-10       .02                                                                      
 PICTURE CHARACTER l  PASS  PCTRE-TST-10       .03                                                                      
 PICTURE CHARACTER l  PASS  PCTRE-TST-10       .04                                                                      
 PICTURE CHARACTER l  PASS  PCTRE-TST-11       .01                                                                      
 PICTURE CHARACTER l  PASS  PCTRE-TST-11       .02                                                                      
 PICTURE CHARACTER l  PASS  PCTRE-TST-11       .03                                                                      
 PICTURE CHARACTER l  PASS  PCTRE-TST-11       .04                                                                      
 PICTURE CHARACTER l  PASS  PCTRE-TST-12       .01                                                                      
 PICTURE CHARACTER l  PASS  PCTRE-TST-12       .02                                                                      
 PICTURE CHARACTER l  PASS  PCTRE-TST-12       .03                                                                      
 PICTURE CHARACTER l  PASS  PCTRE-TST-12       .04                                                                      
 PICTURE CHARACTER l  PASS  PCTRE-TST-13       .01                                                                      
 PICTURE CHARACTER l  PASS  PCTRE-TST-13       .02                                                                      
 PICTURE CHARACTER l  PASS  PCTRE-TST-13       .03                                                                      
 PICTURE CHARACTER l  PASS  PCTRE-TST-13       .04                                                                      
 PICTURE CHARACTER l  PASS  PCTRE-TST-14       .01                                                                      
 PICTURE CHARACTER l  PASS  PCTRE-TST-14       .02                                                                      
 PICTURE CHARACTER l  PASS  PCTRE-TST-14       .03                                                                      
 PICTURE CHARACTER l  PASS  PCTRE-TST-14       .04                                                                      
 PICTURE CHARACTER l  PASS  PCTRE-TST-15       .01                                                                      
 PICTURE CHARACTER l  PASS  PCTRE-TST-15       .02                                                                      
 PICTURE CHARACTER l  PASS  PCTRE-TST-15       .03                                                                      
 PICTURE CHARACTER l  PASS  PCTRE-TST-15       .04                                                                      
 PICTURE CHARACTER *  PASS  PCTRE-TST-16       .01                                                                      
 PICTURE CHARACTER *  PASS  PCTRE-TST-16       .02                                                                      
 PICTURE CHARACTER *  PASS  PCTRE-TST-16       .03                                                                      
 PICTURE CHARACTER *  PASS  PCTRE-TST-16       .04                                                                      
 PICTURE CHARACTER *  PASS  PCTRE-TST-16       .05                                                                      
 PICTURE CHARACTER *  PASS  PCTRE-TST-17       .01                                                                      
 PICTURE CHARACTER *  PASS  PCTRE-TST-17       .02                                                                      
 PICTURE CHARACTER *  PASS  PCTRE-TST-17       .03                                                                      
 PICTURE CHARACTER *  PASS  PCTRE-TST-17       .04                                                                      
 PICTURE CHARACTER *  PASS  PCTRE-TST-17       .05                                                                      
 PICTURE CHARACTER *  PASS  PCTRE-TST-18       .01                                                                      
 PICTURE CHARACTER *  PASS  PCTRE-TST-18       .02                                                                      
 PICTURE CHARACTER *  PASS  PCTRE-TST-18       .03                                                                      
 PICTURE CHARACTER *  PASS  PCTRE-TST-18       .04                                                                      
 PICTURE CHARACTER *  PASS  PCTRE-TST-18       .05                                                                      
 PICTURE CHARACTER *  PASS  PCTRE-TST-19       .01                                                                      
 PICTURE CHARACTER *  PASS  PCTRE-TST-19       .02                                                                      
 PICTURE CHARACTER *  PASS  PCTRE-TST-19       .03                                                                                                                                                                                              
                                       OFFICIAL COBOL COMPILER VALIDATION SYSTEM                                        
                                                                                                                        
                                        CCVS85 4.2  COPY - NOT FOR DISTRIBUTION                                         
                                                                                                                        
TEST RESULT OF NC124A    IN  HIGH        LEVEL VALIDATION FOR ON-SITE VALIDATION, NATIONAL INSTITUTE OF STD & TECH.     
                                                                                                                        
                                                                                                                        
 FOR OFFICIAL USE ONLY            COBOL 85 VERSION 4.2, Apr  1993 SSVG                        COPYRIGHT   1985          
                                                                                                                        
                                                                                                                        
 FEATURE              PASS  PARAGRAPH-NAME                                                 REMARKS                      
 TESTED               FAIL                                                                                              
 ***********************************************************************************************************************
 PICTURE CHARACTER *  PASS  PCTRE-TST-19       .04                                                                      
 PICTURE CHARACTER *  PASS  PCTRE-TST-19       .05                                                                      
 PICTURE CHARACTER *  PASS  PCTRE-TST-20       .01                                                                      
 PICTURE CHARACTER *  PASS  PCTRE-TST-20       .02                                                                      
 PICTURE CHARACTER *  PASS  PCTRE-TST-20       .03                                                                      
 PICTURE CHARACTER *  PASS  PCTRE-TST-20       .04                                                                      
 PICTURE CHARACTER *  PASS  PCTRE-TST-20       .05                                                                      
 PICTURE CHARACTER *  PASS  PCTRE-TST-21       .01                                                                      
 PICTURE CHARACTER *  PASS  PCTRE-TST-21       .02                                                                      
 PICTURE CHARACTER *  PASS  PCTRE-TST-21       .03                                                                      
 PICTURE CHARACTER *  PASS  PCTRE-TST-21       .04                                                                      
 PICTURE CHARACTER *  PASS  PCTRE-TST-21       .05                                                                      
 PICTURE CHARACTER Z  PASS  PCTRE-TST-22       .01                                                                      
 PICTURE CHARACTER Z  PASS  PCTRE-TST-22       .02                                                                      
 PICTURE CHARACTER Z  PASS  PCTRE-TST-22       .03                                                                      
 PICTURE CHARACTER Z  PASS  PCTRE-TST-22       .04                                                                      
 PICTURE CHARACTER Z  PASS  PCTRE-TST-22       .05                                                                      
 PICTURE CHARACTER Z  PASS  PCTRE-TST-22       .06                                                                      
 PICTURE CHARACTER Z  PASS  PCTRE-TST-22       .07                                                                      
 PICTURE CHARACTER Z  PASS  PCTRE-TST-23       .01                                                                      
 PICTURE CHARACTER Z  PASS  PCTRE-TST-23       .02                                                                      
 PICTURE CHARACTER Z  PASS  PCTRE-TST-23       .03                                                                      
 PICTURE CHARACTER Z  PASS  PCTRE-TST-23       .04                                                                      
 PICTURE CHARACTER Z  PASS  PCTRE-TST-23       .05                                                                      
 PICTURE CHARACTER Z  PASS  PCTRE-TST-23       .06                                                                      
 PICTURE CHARACTER Z  PASS  PCTRE-TST-23       .07                                                                      
 PICTURE CHARACTER Z  PASS  PCTRE-TST-24       .01                                                                      
 PICTURE CHARACTER Z  PASS  PCTRE-TST-24       .02                                                                      
 PICTURE CHARACTER Z  PASS  PCTRE-TST-24       .03                                                                      
 PICTURE CHARACTER Z  PASS  PCTRE-TST-24       .04                                                                      
 PICTURE CHARACTER Z  PASS  PCTRE-TST-24       .05                                                                      
 PICTURE CHARACTER Z  PASS  PCTRE-TST-24       .06                                                                      
 PICTURE CHARACTER Z  PASS  PCTRE-TST-24       .07                                                                      
 PICTURE CHARACTER Z  PASS  PCTRE-TST-25       .01                                                                      
 PICTURE CHARACTER Z  PASS  PCTRE-TST-25       .02                                                                      
 PICTURE CHARACTER Z  PASS  PCTRE-TST-25       .03                                                                      
 PICTURE CHARACTER Z  PASS  PCTRE-TST-25       .04                                                                      
 PICTURE CHARACTER Z  PASS  PCTRE-TST-25       .05                                                                      
 PICTURE CHARACTER Z  PASS  PCTRE-TST-25       .06                                                                      
 PICTURE CHARACTER Z  PASS  PCTRE-TST-25       .07                                                                      
 PICTURE CHARACTER Z  PASS  PCTRE-TST-26       .01                                                                      
 PICTURE CHARACTER Z  PASS  PCTRE-TST-26       .02                                                                      
 PICTURE CHARACTER Z  PASS  PCTRE-TST-26       .03                                                                                                                                                                                              
                                       OFFICIAL COBOL COMPILER VALIDATION SYSTEM                                        
                                                                                                                        
                                        CCVS85 4.2  COPY - NOT FOR DISTRIBUTION                                         
                                                                                                                        
TEST RESULT OF NC124A    IN  HIGH        LEVEL VALIDATION FOR ON-SITE VALIDATION, NATIONAL INSTITUTE OF STD & TECH.     
                                                                                                                        
                                                                                                                        
 FOR OFFICIAL USE ONLY            COBOL 85 VERSION 4.2, Apr  1993 SSVG                        COPYRIGHT   1985          
                                                                                                                        
                                                                                                                        
 FEATURE              PASS  PARAGRAPH-NAME                                                 REMARKS                      
 TESTED               FAIL                                                                                              
 ***********************************************************************************************************************
 PICTURE CHARACTER Z  PASS  PCTRE-TST-26       .04                                                                      
 PICTURE CHARACTER Z  PASS  PCTRE-TST-26       .05                                                                      
 PICTURE CHARACTER Z  PASS  PCTRE-TST-26       .06                                                                      
 PICTURE CHARACTER Z  PASS  PCTRE-TST-26       .07                                                                      
 PICTURE CHARACTER P  PASS  PICTURE-TEST-27                                                                             
 PICTURE CHARACTER P  PASS  PICTURE-TEST-28                                                                             
 PICTURE CHARACTER P  PASS  PICTURE-TEST-29                                                                             
 PICTURE CHARACTER P  PASS  PICTURE-TEST-30                                                                             
 PICTURE CHARACTER P  PASS  PICTURE-TEST-31                                                                             
 PICTURE CHARACTER P  PASS  PICTURE-TEST-32                                                                             
 PICTURE CHARACTER P  PASS  PICTURE-TEST-33                                                                             
 PICTURE CHARACTER P  PASS  PICTURE-TEST-34                                                                             
 ***********************************************************************************************************************
                                                                                                                        
                                                                                                                        
                                                                                                                        
                                                                                                                        
                                                    END OF TEST-  NC124A                                                
                                                                                                                        
                                                    169 OF 169  TESTS WERE EXECUTED SUCCESSFULLY                        
                                                    NO  TEST(S) FAILED                                                  
                                                    NO  TEST(S) DELETED                                                 
                                                    NO  TEST(S) REQUIRE INSPECTION                                      
 FOR OFFICIAL USE ONLY            ON-SITE VALIDATION, NATIONAL INSTITUTE OF STD & TECH.                   COPYRIGHT 1985
