
                                       OFFICIAL COBOL COMPILER VALIDATION SYSTEM                                        
                                                                                                                        
                                        CCVS85 4.2  COPY - NOT FOR DISTRIBUTION                                         
                                                                                                                        
TEST RESULT OF NC138A    IN  HIGH        LEVEL VALIDATION FOR ON-SITE VALIDATION, NATIONAL INSTITUTE OF STD & TECH.     
                                                                                                                        
                                                                                                                        
 FOR OFFICIAL USE ONLY            COBOL 85 VERSION 4.2, Apr  1993 SSVG                        COPYRIGHT   1985          
                                                                                                                        
                                                                                                                        
 FEATURE              PASS  PARAGRAPH-NAME                                                 REMARKS                      
 TESTED               FAIL                                                                                              
                                                                                                                        
 ***********************************************************************************************************************
 LEFT PAREN SEPARATOR PASS  SEP-TEST-001                                                                                
 LEFT PAREN SEPARATOR PASS  SEP-TEST-002                                                                                
 LEFT PAREN SEPARATOR PASS  SEP-TEST-003                                                                                
 SPACES AS SEPARATOR  PASS  SEP-TEST-004       .01                                                                      
 SPACES AS SEPARATOR  PASS  SEP-TEST-004       .02                                                                      
 SPACES AS SEPARATOR  PASS  SEP-TEST-004       .03                                                                      
 SPACES AS SEPARATOR  PASS  SEP-TEST-004       .04                                                                      
 SPACES AS SEPARATOR  PASS  SEP-TEST-004       .05                                                                      
 SPACES AS SEPARATOR  PASS  SEP-TEST-004       .06                                                                      
 SPACES AS SEPARATOR  PASS  SEP-TEST-004       .07                                                                      
 SPACES AS SEPARATOR  PASS  SEP-TEST-004       .08                                                                      
 SPACES AS SEPARATOR  PASS  SEP-TEST-004       .09                                                                      
 SPACES AS SEPARATOR  PASS  SEP-TEST-005       .01                                                                      
 SPACES AS SEPARATOR  PASS  SEP-TEST-005       .02                                                                      
 SPACES AS SEPARATOR  PASS  SEP-TEST-005       .03                                                                      
 SPACES AS SEPARATOR  PASS  SEP-TEST-005       .04                                                                      
 SPACES AS SEPARATOR  PASS  SEP-TEST-005       .05                                                                      
 SPACES AS SEPARATOR  PASS  SEP-TEST-005       .06                                                                      
 SPACES AS SEPARATOR  PASS  SEP-TEST-005       .07                                                                      
 SPACES AS SEPARATOR  PASS  SEP-TEST-005       .08                                                                      
 SPACES AS SEPARATOR  PASS  SEP-TEST-005       .09                                                                      
 SPACES AS SEPARATOR  PASS  SEP-TEST-005       .10                                                                      
 SPACES AS SEPARATOR  PASS  SEP-TEST-006       .01                                                                      
 SPACES AS SEPARATOR  PASS  SEP-TEST-006       .02                                                                      
 SPACES AS SEPARATOR  PASS  SEP-TEST-006       .03                                                                      
 SPACES AS SEPARATOR  PASS  SEP-TEST-006       .04                                                                      
 SPACES AS SEPARATOR  PASS  SEP-TEST-006       .05                                                                      
 SPACES AS SEPARATOR  PASS  SEP-TEST-006       .06                                                                                                                                                                                              
                                       OFFICIAL COBOL COMPILER VALIDATION SYSTEM                                        
                                                                                                                        
                                        CCVS85 4.2  COPY - NOT FOR DISTRIBUTION                                         
                                                                                                                        
TEST RESULT OF NC138A    IN  HIGH        LEVEL VALIDATION FOR ON-SITE VALIDATION, NATIONAL INSTITUTE OF STD & TECH.     
                                                                                                                        
                                                                                                                        
 FOR OFFICIAL USE ONLY            COBOL 85 VERSION 4.2, Apr  1993 SSVG                        COPYRIGHT   1985          
                                                                                                                        
                                                                                                                        
 FEATURE              PASS  PARAGRAPH-NAME                                                 REMARKS                      
 TESTED               FAIL                                                                                              
 ***********************************************************************************************************************
 SPACES AS SEPARATOR  PASS  SEP-TEST-006       .07                                                                      
 SPACES AS SEPARATOR  PASS  SEP-TEST-007       .01                                                                      
 SPACES AS SEPARATOR  PASS  SEP-TEST-007       .02                                                                      
 SPACES AS SEPARATOR  PASS  SEP-TEST-007       .03                                                                      
 SPACES AS SEPARATOR  PASS  SEP-TEST-007       .04                                                                      
 SPACES AS SEPARATOR  PASS  SEP-TEST-007       .05                                                                      
 SPACES AS SEPARATOR  PASS  SEP-TEST-007       .06                                                                      
 SPACES AS SEPARATOR  PASS  SEP-TEST-007       .07                                                                      
 ***********************************************************************************************************************
                                                                                                                        
                                                                                                                        
                                                                                                                        
                                                                                                                        
                                                    END OF TEST-  NC138A                                                
                                                                                                                        
                                                    036 OF 036  TESTS WERE EXECUTED SUCCESSFULLY                        
                                                    NO  TEST(S) FAILED                                                  
                                                    NO  TEST(S) DELETED                                                 
                                                    NO  TEST(S) REQUIRE INSPECTION                                      
 FOR OFFICIAL USE ONLY            ON-SITE VALIDATION, NATIONAL INSTITUTE OF STD & TECH.                   COPYRIGHT 1985
