
                                       OFFICIAL COBOL COMPILER VALIDATION SYSTEM                                        
                                                                                                                        
                                        CCVS85 4.2  COPY - NOT FOR DISTRIBUTION                                         
                                                                                                                        
TEST RESULT OF NC139A    IN  HIGH        LEVEL VALIDATION FOR ON-SITE VALIDATION, NATIONAL INSTITUTE OF STD & TECH.     
                                                                                                                        
                                                                                                                        
 FOR OFFICIAL USE ONLY            COBOL 85 VERSION 4.2, Apr  1993 SSVG                        COPYRIGHT   1985          
                                                                                                                        
                                                                                                                        
 FEATURE              PASS  PARAGRAPH-NAME                                                 REMARKS                      
 TESTED               FAIL                                                                                              
                                                                                                                        
 ***********************************************************************************************************************
 INDEXES AND LITERALS PASS  IND-TEST-001       .01                                                                      
 INDEXES AND LITERALS PASS  IND-TEST-001       .02                                                                      
 INDEXES AND LITERALS PASS  IND-TEST-001       .03                                                                      
 INDEXES AND LITERALS PASS  IND-TEST-001       .04                                                                      
 INDEXES AND LITERALS PASS  IND-TEST-001       .05                                                                      
 INDEXES AND LITERALS PASS  IND-TEST-001       .06                                                                      
 INDEXES AND LITERALS PASS  IND-TEST-001       .07                                                                      
 INDEXES AND LITERALS PASS  IND-TEST-002       .01                                                                      
 INDEXES AND LITERALS PASS  IND-TEST-002       .02                                                                      
 INDEXES AND LITERALS PASS  IND-TEST-002       .03                                                                      
 INDEXES AND LITERALS PASS  IND-TEST-002       .04                                                                      
 INDEXES AND LITERALS PASS  IND-TEST-002       .05                                                                      
 INDEXES AND LITERALS PASS  IND-TEST-002       .06                                                                      
 INDEXES AND LITERALS PASS  IND-TEST-002       .07                                                                      
 INDEXES AND LITERALS PASS  IND-TEST-002       .08                                                                      
 INDEXES AND LITERALS PASS  IND-TEST-003       .01                                                                      
 INDEXES AND LITERALS PASS  IND-TEST-003       .02                                                                      
 INDEXES AND LITERALS PASS  IND-TEST-003       .03                                                                      
 INDEXES AND LITERALS PASS  IND-TEST-003       .04                                                                      
 INDEXES AND LITERALS PASS  IND-TEST-003       .05                                                                      
 INDEXES AND LITERALS PASS  IND-TEST-003       .06                                                                      
 INDEXES AND LITERALS PASS  IND-TEST-003       .07                                                                      
 INDEXES AND LITERALS PASS  IND-TEST-003       .08                                                                      
 INDEXES AND LITERALS PASS  IND-TEST-003       .09                                                                      
 INDEXES AND LITERALS PASS  IND-TEST-003       .10                                                                      
 INDEXES AND LITERALS PASS  IND-TEST-003       .11                                                                      
 INDEXES AND LITERALS PASS  IND-TEST-004       .01                                                                      
 INDEXES AND LITERALS PASS  IND-TEST-004       .02                                                                                                                                                                                              
                                       OFFICIAL COBOL COMPILER VALIDATION SYSTEM                                        
                                                                                                                        
                                        CCVS85 4.2  COPY - NOT FOR DISTRIBUTION                                         
                                                                                                                        
TEST RESULT OF NC139A    IN  HIGH        LEVEL VALIDATION FOR ON-SITE VALIDATION, NATIONAL INSTITUTE OF STD & TECH.     
                                                                                                                        
                                                                                                                        
 FOR OFFICIAL USE ONLY            COBOL 85 VERSION 4.2, Apr  1993 SSVG                        COPYRIGHT   1985          
                                                                                                                        
                                                                                                                        
 FEATURE              PASS  PARAGRAPH-NAME                                                 REMARKS                      
 TESTED               FAIL                                                                                              
 ***********************************************************************************************************************
 INDEXES AND LITERALS PASS  IND-TEST-004       .03                                                                      
 INDEXES AND LITERALS PASS  IND-TEST-004       .04                                                                      
 INDEXES AND LITERALS PASS  IND-TEST-004       .05                                                                      
 INDEXES AND LITERALS PASS  IND-TEST-004       .06                                                                      
 INDEXES AND LITERALS PASS  IND-TEST-004       .07                                                                      
 INDEXES AND LITERALS PASS  IND-TEST-004       .08                                                                      
 INDEXES AND LITERALS PASS  IND-TEST-004       .09                                                                      
 INDEXES AND LITERALS PASS  IND-TEST-004       .10                                                                      
 INDEXES AND LITERALS PASS  IND-TEST-005       .01                                                                      
 INDEXES AND LITERALS PASS  IND-TEST-005       .02                                                                      
 INDEXES AND LITERALS PASS  IND-TEST-005       .03                                                                      
 INDEXES AND LITERALS PASS  IND-TEST-005       .04                                                                      
 INDEXES AND LITERALS PASS  IND-TEST-005       .05                                                                      
 ***********************************************************************************************************************
                                                                                                                        
                                                                                                                        
                                                                                                                        
                                                                                                                        
                                                    END OF TEST-  NC139A                                                
                                                                                                                        
                                                    041 OF 041  TESTS WERE EXECUTED SUCCESSFULLY                        
                                                    NO  TEST(S) FAILED                                                  
                                                    NO  TEST(S) DELETED                                                 
                                                    NO  TEST(S) REQUIRE INSPECTION                                      
 FOR OFFICIAL USE ONLY            ON-SITE VALIDATION, NATIONAL INSTITUTE OF STD & TECH.                   COPYRIGHT 1985
