
                                       OFFICIAL COBOL COMPILER VALIDATION SYSTEM                                        
                                                                                                                        
                                        CCVS85 4.2  COPY - NOT FOR DISTRIBUTION                                         
                                                                                                                        
TEST RESULT OF NC140A    IN  HIGH        LEVEL VALIDATION FOR ON-SITE VALIDATION, NATIONAL INSTITUTE OF STD & TECH.     
                                                                                                                        
                                                                                                                        
 FOR OFFICIAL USE ONLY            COBOL 85 VERSION 4.2, Apr  1993 SSVG                        COPYRIGHT   1985          
                                                                                                                        
                                                                                                                        
 FEATURE              PASS  PARAGRAPH-NAME                                                 REMARKS                      
 TESTED               FAIL                                                                                              
                                                                                                                        
 ***********************************************************************************************************************
 SET IN UP BY INTEGER PASS  SET-TEST-001       .01                                                                      
 SET IN UP BY INTEGER PASS  SET-TEST-001       .02                                                                      
 SET IN UP BY INTEGER PASS  SET-TEST-001       .03                                                                      
 SET IN UP BY INTEGER PASS  SET-TEST-001       .04                                                                      
 SET IN UP BY INTEGER PASS  SET-TEST-001       .05                                                                      
 SET IN UP BY INTEGER PASS  SET-TEST-001       .06                                                                      
 SET IN UP BY INTEGER PASS  SET-TEST-001       .07                                                                      
 SET IN UP BY INTEGER PASS  SET-TEST-001       .08                                                                      
 SET IN UP BY INTEGER PASS  SET-TEST-001       .09                                                                      
 SET IN UP BY INTEGER PASS  SET-TEST-001       .10                                                                      
 SET IN UP BY INTEGER PASS  SET-TEST-001       .11                                                                      
 SET IN UP BY INTEGER PASS  SET-TEST-001       .12                                                                      
 SET IN DOWN BY INTEG PASS  SET-TEST-002       .01                                                                      
 SET IN DOWN BY INTEG PASS  SET-TEST-002       .02                                                                      
 SET IN DOWN BY INTEG PASS  SET-TEST-002       .03                                                                      
 SET IN DOWN BY INTEG PASS  SET-TEST-002       .04                                                                      
 SET IN DOWN BY INTEG PASS  SET-TEST-002       .05                                                                      
 SET IN DOWN BY INTEG PASS  SET-TEST-002       .06                                                                      
 SET IN DOWN BY INTEG PASS  SET-TEST-002       .07                                                                      
 SET IN DOWN BY INTEG PASS  SET-TEST-002       .08                                                                      
 SET IN DOWN BY INTEG PASS  SET-TEST-002       .09                                                                      
 SET IN DOWN BY INTEG PASS  SET-TEST-002       .10                                                                      
 SET IN DOWN BY INTEG PASS  SET-TEST-002       .11                                                                      
 SET IN DOWN BY INTEG PASS  SET-TEST-002       .12                                                                      
 SET IN UP BY DATA-NM PASS  SET-TEST-003       .01                                                                      
 SET IN UP BY DATA-NM PASS  SET-TEST-003       .02                                                                      
 SET IN UP BY DATA-NM PASS  SET-TEST-003       .03                                                                      
 SET IN UP BY DATA-NM PASS  SET-TEST-003       .04                                                                                                                                                                                              
                                       OFFICIAL COBOL COMPILER VALIDATION SYSTEM                                        
                                                                                                                        
                                        CCVS85 4.2  COPY - NOT FOR DISTRIBUTION                                         
                                                                                                                        
TEST RESULT OF NC140A    IN  HIGH        LEVEL VALIDATION FOR ON-SITE VALIDATION, NATIONAL INSTITUTE OF STD & TECH.     
                                                                                                                        
                                                                                                                        
 FOR OFFICIAL USE ONLY            COBOL 85 VERSION 4.2, Apr  1993 SSVG                        COPYRIGHT   1985          
                                                                                                                        
                                                                                                                        
 FEATURE              PASS  PARAGRAPH-NAME                                                 REMARKS                      
 TESTED               FAIL                                                                                              
 ***********************************************************************************************************************
 SET IN UP BY DATA-NM PASS  SET-TEST-003       .05                                                                      
 SET IN UP BY DATA-NM PASS  SET-TEST-003       .06                                                                      
 SET IN UP BY DATA-NM PASS  SET-TEST-003       .07                                                                      
 SET IN UP BY DATA-NM PASS  SET-TEST-003       .08                                                                      
 SET IN UP BY DATA-NM PASS  SET-TEST-003       .09                                                                      
 SET IN UP BY DATA-NM PASS  SET-TEST-003       .10                                                                      
 SET IN UP BY DATA-NM PASS  SET-TEST-003       .11                                                                      
 SET IN UP BY DATA-NM PASS  SET-TEST-003       .12                                                                      
 SET IN UP BY DATA-NM PASS  SET-TEST-003       .13                                                                      
 SET IN UP BY DATA-NM PASS  SET-TEST-003       .14                                                                      
 SET IN UP BY DATA-NM PASS  SET-TEST-003       .15                                                                      
 SET IN UP BY DATA-NM PASS  SET-TEST-003       .16                                                                      
 SET IN UP BY DATA-NM PASS  SET-TEST-003       .17                                                                      
 SET IN UP BY DATA-NM PASS  SET-TEST-003       .18                                                                      
 SET IN UP BY DATA-NM PASS  SET-TEST-003       .19                                                                      
 SET IN UP BY DATA-NM PASS  SET-TEST-003       .20                                                                      
 SET IN UP BY DATA-NM PASS  SET-TEST-003       .21                                                                      
 SET IN UP BY DATA-NM PASS  SET-TEST-003       .22                                                                      
 SET IN UP BY DATA-NM PASS  SET-TEST-003       .23                                                                      
 SET IN DOWN BY DNAME PASS  SET-TEST-004       .01                                                                      
 SET IN DOWN BY DNAME PASS  SET-TEST-004       .02                                                                      
 SET IN DOWN BY DNAME PASS  SET-TEST-004       .03                                                                      
 SET IN DOWN BY DNAME PASS  SET-TEST-004       .04                                                                      
 SET IN DOWN BY DNAME PASS  SET-TEST-004       .05                                                                      
 SET IN DOWN BY DNAME PASS  SET-TEST-004       .06                                                                      
 SET IN DOWN BY DNAME PASS  SET-TEST-004       .07                                                                      
 SET IN DOWN BY DNAME PASS  SET-TEST-004       .08                                                                      
 SET IN DOWN BY DNAME PASS  SET-TEST-004       .09                                                                      
 SET IN DOWN BY DNAME PASS  SET-TEST-004       .10                                                                      
 SET IN DOWN BY DNAME PASS  SET-TEST-004       .11                                                                      
 SET IN DOWN BY DNAME PASS  SET-TEST-004       .12                                                                      
 SET IN DOWN BY DNAME PASS  SET-TEST-004       .13                                                                      
 SET IN DOWN BY DNAME PASS  SET-TEST-004       .14                                                                      
 SET IN DOWN BY DNAME PASS  SET-TEST-004       .15                                                                      
 SET IN DOWN BY DNAME PASS  SET-TEST-004       .16                                                                      
 SET IN DOWN BY DNAME PASS  SET-TEST-004       .17                                                                      
 SET IN DOWN BY DNAME PASS  SET-TEST-004       .18                                                                      
 SET IN DOWN BY DNAME PASS  SET-TEST-004       .19                                                                      
 SET IN DOWN BY DNAME PASS  SET-TEST-004       .20                                                                      
 SET IN DOWN BY DNAME PASS  SET-TEST-004       .21                                                                      
 SET IN DOWN BY DNAME PASS  SET-TEST-004       .22                                                                      
 SET IN DOWN BY DNAME PASS  SET-TEST-004       .23                                                                      
 ***********************************************************************************************************************                                                                                                                        
                                       OFFICIAL COBOL COMPILER VALIDATION SYSTEM                                        
                                                                                                                        
                                        CCVS85 4.2  COPY - NOT FOR DISTRIBUTION                                         
                                                                                                                        
TEST RESULT OF NC140A    IN  HIGH        LEVEL VALIDATION FOR ON-SITE VALIDATION, NATIONAL INSTITUTE OF STD & TECH.     
                                                                                                                        
                                                                                                                        
 FOR OFFICIAL USE ONLY            COBOL 85 VERSION 4.2, Apr  1993 SSVG                        COPYRIGHT   1985          
                                                                                                                        
                                                                                                                        
 FEATURE              PASS  PARAGRAPH-NAME                                                 REMARKS                      
 TESTED               FAIL                                                                                              
 ***********************************************************************************************************************
                                                                                                                        
                                                                                                                        
                                                                                                                        
                                                                                                                        
                                                    END OF TEST-  NC140A                                                
                                                                                                                        
                                                    070 OF 070  TESTS WERE EXECUTED SUCCESSFULLY                        
                                                    NO  TEST(S) FAILED                                                  
                                                    NO  TEST(S) DELETED                                                 
                                                    NO  TEST(S) REQUIRE INSPECTION                                      
 FOR OFFICIAL USE ONLY            ON-SITE VALIDATION, NATIONAL INSTITUTE OF STD & TECH.                   COPYRIGHT 1985
