
                                       OFFICIAL COBOL COMPILER VALIDATION SYSTEM                                        
                                                                                                                        
                                        CCVS85 4.2  COPY - NOT FOR DISTRIBUTION                                         
                                                                                                                        
TEST RESULT OF NC173A    IN  HIGH        LEVEL VALIDATION FOR ON-SITE VALIDATION, NATIONAL INSTITUTE OF STD & TECH.     
                                                                                                                        
                                                                                                                        
 FOR OFFICIAL USE ONLY            COBOL 85 VERSION 4.2, Apr  1993 SSVG                        COPYRIGHT   1985          
                                                                                                                        
                                                                                                                        
 FEATURE              PASS  PARAGRAPH-NAME                                                 REMARKS                      
 TESTED               FAIL                                                                                              
                                                                                                                        
 ***********************************************************************************************************************
 DIVIDE BY GIVING     PASS  DIV-TEST-F3-1                                                                               
 DIVIDE BY GIVING     PASS  DIV-TEST-F3-2                                                                               
 DIVIDE BY GIVING     PASS  DIV-TEST-F3-3-1    .01                                                                      
 DIVIDE BY GIVING     PASS  DIV-TEST-F3-3-2    .02                                                                      
 DIVIDE BY GIVING     PASS  DIV-TEST-F3-4-1    .01                                                                      
 DIVIDE BY GIVING     PASS  DIV-TEST-F3-4-2    .02                                                                      
 DIVIDE BY GIVING     PASS  DIV-TEST-F3-5                                                                               
 DIVIDE BY GIVING     PASS  DIV-TEST-F3-6                                                                               
 DIVIDE BY GIVING     PASS  DIV-TEST-F3-7-1    .01                                                                      
 DIVIDE BY GIVING     PASS  DIV-TEST-F3-7-2    .02                                                                      
 DIVIDE BY GIVING     PASS  DIV-TEST-F3-8-1    .01                                                                      
 DIVIDE BY GIVING     PASS  DIV-TEST-F3-8-2    .02                                                                      
 DIVIDE BY GIVING     PASS  DIV-TEST-F3-9-1    .01                                                                      
 DIVIDE BY GIVING     PASS  DIV-TEST-F3-9-2    .02                                                                      
 DIVIDE BY GIVING     PASS  DIV-TEST-F3-10-1   .01                                                                      
 DIVIDE BY GIVING     PASS  DIV-TEST-F3-10-2   .02                                                                      
 DIVIDE BY GIVING     PASS  DIV-TEST-F3-11     .02                                                                      
 DIVIDE BY GIVING     PASS  DIV-TEST-F3-12     .02                                                                      
 DIVIDE BY GIVING     PASS  DIV-TEST-F3-13     .02                                                                      
 DIVIDE BY GIVING     PASS  DIV-TEST-F3-14     .02                                                                      
 DIVIDE BY GIVING     PASS  DIV-TEST-F3-15-1   .01                                                                      
 DIVIDE BY GIVING     PASS  DIV-TEST-F3-15-2   .02                                                                      
 DIVIDE BY GIVING     PASS  DIV-TEST-F3-16-1   .01                                                                      
 DIVIDE BY GIVING     PASS  DIV-TEST-F3-16-2   .02                                                                      
 DIVIDE BY GIVING     PASS  DIV-TEST-F3-17-1   .01                                                                      
 DIVIDE BY GIVING     PASS  DIV-TEST-F3-17-2   .02                                                                      
 DIVIDE BY GIVING     PASS  DIV-TEST-F3-18-1   .01                                                                      
 DIVIDE BY GIVING     PASS  DIV-TEST-F3-18-2   .01                                                                                                                                                                                              
                                       OFFICIAL COBOL COMPILER VALIDATION SYSTEM                                        
                                                                                                                        
                                        CCVS85 4.2  COPY - NOT FOR DISTRIBUTION                                         
                                                                                                                        
TEST RESULT OF NC173A    IN  HIGH        LEVEL VALIDATION FOR ON-SITE VALIDATION, NATIONAL INSTITUTE OF STD & TECH.     
                                                                                                                        
                                                                                                                        
 FOR OFFICIAL USE ONLY            COBOL 85 VERSION 4.2, Apr  1993 SSVG                        COPYRIGHT   1985          
                                                                                                                        
                                                                                                                        
 FEATURE              PASS  PARAGRAPH-NAME                                                 REMARKS                      
 TESTED               FAIL                                                                                              
 ***********************************************************************************************************************
 DIVIDE BY GIVING     PASS  DIV-TEST-F3-19     .01                                                                      
 DIVIDE BY GIVING     PASS  DIV-TEST-F3-19     .02                                                                      
 DIVIDE BY GIVING     PASS  DIV-TEST-F3-19     .03                                                                      
 DIVIDE BY GIVING     PASS  DIV-TEST-F3-19     .04                                                                      
 DIVIDE BY GIVING     PASS  DIV-TEST-F3-19     .05                                                                      
 DIVIDE BY GIVING     PASS  DIV-TEST-F3-19     .06                                                                      
 DIVIDE BY GIVING     PASS  DIV-TEST-F3-20     .01                                                                      
 DIVIDE BY GIVING     PASS  DIV-TEST-F3-20     .02                                                                      
 DIVIDE BY GIVING     PASS  DIV-TEST-F3-20     .03                                                                      
 DIVIDE BY GIVING     PASS  DIV-TEST-F3-20     .04                                                                      
 DIVIDE BY GIVING     PASS  DIV-TEST-F3-20     .05                                                                      
 DIVIDE BY GIVING     PASS  DIV-TEST-F3-20     .06                                                                      
 DIVIDE BY GIVING     PASS  DIV-TEST-F3-20     .07                                                                      
 DIVIDE BY GIVING     PASS  DIV-TEST-F3-21     .01                                                                      
 DIVIDE BY GIVING     PASS  DIV-TEST-F3-21     .02                                                                      
 DIVIDE BY GIVING     PASS  DIV-TEST-F3-21     .03                                                                      
 DIVIDE BY GIVING     PASS  DIV-TEST-F3-21     .04                                                                      
 DIVIDE BY GIVING     PASS  DIV-TEST-F3-21     .05                                                                      
 DIVIDE BY GIVING     PASS  DIV-TEST-F3-21     .06                                                                      
 DIVIDE BY GIVING     PASS  DIV-TEST-F3-21     .07                                                                      
 DIVIDE BY GIVING     PASS  DIV-TEST-F3-22     .01                                                                      
 DIVIDE BY GIVING     PASS  DIV-TEST-F3-22     .02                                                                      
 DIVIDE BY GIVING     PASS  DIV-TEST-F3-22     .03                                                                      
 DIVIDE BY GIVING     PASS  DIV-TEST-F3-22     .04                                                                      
 DIVIDE BY GIVING     PASS  DIV-TEST-F3-22     .05                                                                      
 DIVIDE BY GIVING     PASS  DIV-TEST-F3-22     .06                                                                      
 DIVIDE BY GIVING     PASS  DIV-TEST-F3-22     .07                                                                      
 DIVIDE BY GIVING     PASS  DIV-TEST-F3-23     .01                                                                      
 DIVIDE BY GIVING     PASS  DIV-TEST-F3-23     .02                                                                      
 DIVIDE BY GIVING     PASS  DIV-TEST-F3-23     .03                                                                      
 DIVIDE BY GIVING     PASS  DIV-TEST-F3-23     .04                                                                      
 DIVIDE BY GIVING     PASS  DIV-TEST-F3-23     .05                                                                      
 DIVIDE BY GIVING     PASS  DIV-TEST-F3-23     .06                                                                      
 DIVIDE BY GIVING     PASS  DIV-TEST-F3-23     .07                                                                      
 DIVIDE BY GIVING     PASS  DIV-TEST-F3-24     .01                                                                      
 DIVIDE BY GIVING     PASS  DIV-TEST-F3-24     .02                                                                      
 DIVIDE BY GIVING     PASS  DIV-TEST-F3-24     .03                                                                      
 DIVIDE BY GIVING     PASS  DIV-TEST-F3-24     .04                                                                      
 DIVIDE BY GIVING     PASS  DIV-TEST-F3-24     .05                                                                      
 DIVIDE BY GIVING     PASS  DIV-TEST-F3-24     .06                                                                      
 DIVIDE BY GIVING     PASS  DIV-TEST-F3-24     .07                                                                      
 DIVIDE BY GIVING     PASS  DIV-TEST-F3-25     .01                                                                      
 DIVIDE BY GIVING     PASS  DIV-TEST-F3-25     .02                                                                                                                                                                                              
                                       OFFICIAL COBOL COMPILER VALIDATION SYSTEM                                        
                                                                                                                        
                                        CCVS85 4.2  COPY - NOT FOR DISTRIBUTION                                         
                                                                                                                        
TEST RESULT OF NC173A    IN  HIGH        LEVEL VALIDATION FOR ON-SITE VALIDATION, NATIONAL INSTITUTE OF STD & TECH.     
                                                                                                                        
                                                                                                                        
 FOR OFFICIAL USE ONLY            COBOL 85 VERSION 4.2, Apr  1993 SSVG                        COPYRIGHT   1985          
                                                                                                                        
                                                                                                                        
 FEATURE              PASS  PARAGRAPH-NAME                                                 REMARKS                      
 TESTED               FAIL                                                                                              
 ***********************************************************************************************************************
 DIVIDE BY GIVING     PASS  DIV-TEST-F3-25     .03                                                                      
 DIVIDE BY GIVING     PASS  DIV-TEST-F3-25     .04                                                                      
 DIVIDE BY GIVING     PASS  DIV-TEST-F3-25     .05                                                                      
 DIVIDE BY GIVING     PASS  DIV-TEST-F3-25     .06                                                                      
 DIVIDE BY GIVING     PASS  DIV-TEST-F3-25     .07                                                                      
 DIVIDE BY GIVING     PASS  DIV-TEST-F3-26-1   .01                                                                      
 DIVIDE BY GIVING     PASS  DIV-TEST-F3-26-2   .02                                                                      
 DIVIDE BY GIVING     PASS  DIV-TEST-F3-26-3   .03                                                                      
 DIVIDE BY GIVING     PASS  DIV-TEST-F3-26-4   .04                                                                      
 DIVIDE BY GIVING     PASS  DIV-TEST-F3-26-5   .05                                                                      
 DIVIDE BY GIVING     PASS  DIV-TEST-F3-27-1   .01                                                                      
 DIVIDE BY GIVING     PASS  DIV-TEST-F3-27-2   .02                                                                      
 DIVIDE BY GIVING     PASS  DIV-TEST-F3-27-3   .03                                                                      
 DIVIDE BY GIVING     PASS  DIV-TEST-F3-27-4   .04                                                                      
 DIVIDE BY GIVING     PASS  DIV-TEST-F3-27-5   .05                                                                      
 DIVIDE BY GIVING     PASS  DIV-TEST-F3-28-1   .01                                                                      
 DIVIDE BY GIVING     PASS  DIV-TEST-F3-28-2   .02                                                                      
 DIVIDE BY GIVING     PASS  DIV-TEST-F3-28-3   .03                                                                      
 DIVIDE BY GIVING     PASS  DIV-TEST-F3-28-4   .04                                                                      
 DIVIDE BY GIVING     PASS  DIV-TEST-F3-28-5   .05                                                                      
 DIVIDE BY GIVING     PASS  DIV-TEST-F3-29-1   .01                                                                      
 DIVIDE BY GIVING     PASS  DIV-TEST-F3-29-2   .02                                                                      
 DIVIDE BY GIVING     PASS  DIV-TEST-F3-29-3   .03                                                                      
 DIVIDE BY GIVING     PASS  DIV-TEST-F3-29-4   .04                                                                      
 DIVIDE BY GIVING     PASS  DIV-TEST-F3-29-5   .05                                                                      
 DIVIDE BY GIVING     PASS  DIV-TEST-F3-30-1   .01                                                                      
 DIVIDE BY GIVING     PASS  DIV-TEST-F3-30-2   .02                                                                      
 DIVIDE BY GIVING     PASS  DIV-TEST-F3-30-3   .03                                                                      
 DIVIDE BY GIVING     PASS  DIV-TEST-F3-31-1   .01                                                                      
 DIVIDE BY GIVING     PASS  DIV-TEST-F3-31-2   .02                                                                      
 DIVIDE BY GIVING     PASS  DIV-TEST-F3-31-3   .03                                                                      
 ***********************************************************************************************************************
                                                                                                                        
                                                                                                                        
                                                                                                                        
                                                                                                                        
                                                    END OF TEST-  NC173A                                                
                                                                                                                        
                                                    102 OF 102  TESTS WERE EXECUTED SUCCESSFULLY                        
                                                    NO  TEST(S) FAILED                                                  
                                                    NO  TEST(S) DELETED                                                 
                                                    NO  TEST(S) REQUIRE INSPECTION                                      
 FOR OFFICIAL USE ONLY            ON-SITE VALIDATION, NATIONAL INSTITUTE OF STD & TECH.                   COPYRIGHT 1985
