
                                       OFFICIAL COBOL COMPILER VALIDATION SYSTEM                                        
                                                                                                                        
                                        CCVS85 4.2  COPY - NOT FOR DISTRIBUTION                                         
                                                                                                                        
TEST RESULT OF NC170A    IN  HIGH        LEVEL VALIDATION FOR ON-SITE VALIDATION, NATIONAL INSTITUTE OF STD & TECH.     
                                                                                                                        
                                                                                                                        
 FOR OFFICIAL USE ONLY            COBOL 85 VERSION 4.2, Apr  1993 SSVG                        COPYRIGHT   1985          
                                                                                                                        
                                                                                                                        
 FEATURE              PASS  PARAGRAPH-NAME                                                 REMARKS                      
 TESTED               FAIL                                                                                              
                                                                                                                        
 ***********************************************************************************************************************
 MULTIPLY BY GIVING   PASS  MPY-TEST-F2-1-1                                                                             
 MULTIPLY BY GIVING   PASS  MPY-TEST-F2-2-1                                                                             
 MULTIPLY BY GIVING   PASS  MPY-TEST-F2-3-1                                                                             
 MULTIPLY BY GIVING   PASS  MPY-TEST-F2-3-2                                                                             
 MULTIPLY BY GIVING   PASS  MPY-TEST-F2-4-1                                                                             
 MULTIPLY BY GIVING   PASS  MPY-TEST-F2-4-2                                                                             
 MULTIPLY BY GIVING   PASS  MPY-TEST-F2-5                                                                               
 MULTIPLY BY GIVING   PASS  MPY-TEST-F2-6                                                                               
 MULTIPLY BY GIVING   PASS  MPY-TEST-F2-7-1                                                                             
 MULTIPLY BY GIVING   PASS  MPY-TEST-F2-7-2                                                                             
 MULTIPLY BY GIVING   PASS  MPY-TEST-F2-8-1                                                                             
 MULTIPLY BY GIVING   PASS  MPY-TEST-F2-8-2                                                                             
 MULTIPLY BY GIVING   PASS  MPY-TEST-F2-9-1                                                                             
 MULTIPLY BY GIVING   PASS  MPY-TEST-F2-9-2                                                                             
 MULTIPLY BY GIVING   PASS  MPY-TEST-F2-10-1                                                                            
 MULTIPLY BY GIVING   PASS  MPY-TEST-F2-10-2                                                                            
 MULTIPLY BY GIVING   PASS  MPY-TEST-F2-11                                                                              
 MULTIPLY BY GIVING   PASS  MPY-TEST-F2-12                                                                              
 MULTIPLY BY GIVING   PASS  MPY-TEST-F2-13                                                                              
 MULTIPLY BY GIVING   PASS  MPY-TEST-F2-14                                                                              
 MULTIPLY BY GIVING   PASS  MPY-TEST-F2-15                                                                              
 MULTIPLY BY GIVING   PASS  MPY-TEST-F2-16-2   .01                                                                      
 MULTIPLY BY GIVING   PASS  MPY-TEST-F2-16-3   .02                                                                      
 MULTIPLY BY GIVING   PASS  MPY-TEST-F2-17-2   .01                                                                      
 MULTIPLY BY GIVING   PASS  MPY-TEST-F2-17-3   .02                                                                      
 MULTIPLY BY GIVING   PASS  MPY-TEST-F2-18-2   .01                                                                      
 MULTIPLY BY GIVING   PASS  MPY-TEST-F2-18-3   .02                                                                      
 MULTIPLY BY GIVING   PASS  MPY-TEST-F2-19-2   .01                                                                                                                                                                                              
                                       OFFICIAL COBOL COMPILER VALIDATION SYSTEM                                        
                                                                                                                        
                                        CCVS85 4.2  COPY - NOT FOR DISTRIBUTION                                         
                                                                                                                        
TEST RESULT OF NC170A    IN  HIGH        LEVEL VALIDATION FOR ON-SITE VALIDATION, NATIONAL INSTITUTE OF STD & TECH.     
                                                                                                                        
                                                                                                                        
 FOR OFFICIAL USE ONLY            COBOL 85 VERSION 4.2, Apr  1993 SSVG                        COPYRIGHT   1985          
                                                                                                                        
                                                                                                                        
 FEATURE              PASS  PARAGRAPH-NAME                                                 REMARKS                      
 TESTED               FAIL                                                                                              
 ***********************************************************************************************************************
 MULTIPLY BY GIVING   PASS  MPY-TEST-F2-19-3   .02                                                                      
 MULTIPLY BY GIVING   PASS  MPY-TEST-F2-20     .01                                                                      
 MULTIPLY BY GIVING   PASS  MPY-TEST-F2-20     .02                                                                      
 MULTIPLY BY GIVING   PASS  MPY-TEST-F2-20     .03                                                                      
 MULTIPLY BY GIVING   PASS  MPY-TEST-F2-20     .04                                                                      
 MULTIPLY BY GIVING   PASS  MPY-TEST-F2-20     .05                                                                      
 MULTIPLY BY GIVING   PASS  MPY-TEST-F2-21     .01                                                                      
 MULTIPLY BY GIVING   PASS  MPY-TEST-F2-21     .02                                                                      
 MULTIPLY BY GIVING   PASS  MPY-TEST-F2-21     .03                                                                      
 MULTIPLY BY GIVING   PASS  MPY-TEST-F2-21     .04                                                                      
 MULTIPLY BY GIVING   PASS  MPY-TEST-F2-21     .05                                                                      
 MULTIPLY BY GIVING   PASS  MPY-TEST-F2-21     .06                                                                      
 MULTIPLY BY GIVING   PASS  MPY-TEST-F2-22     .01                                                                      
 MULTIPLY BY GIVING   PASS  MPY-TEST-F2-22     .02                                                                      
 MULTIPLY BY GIVING   PASS  MPY-TEST-F2-22     .03                                                                      
 MULTIPLY BY GIVING   PASS  MPY-TEST-F2-22     .04                                                                      
 MULTIPLY BY GIVING   PASS  MPY-TEST-F2-22     .05                                                                      
 MULTIPLY BY GIVING   PASS  MPY-TEST-F2-22     .06                                                                      
 MULTIPLY BY GIVING   PASS  MPY-TEST-F2-23     .01                                                                      
 MULTIPLY BY GIVING   PASS  MPY-TEST-F2-23     .02                                                                      
 MULTIPLY BY GIVING   PASS  MPY-TEST-F2-23     .03                                                                      
 MULTIPLY BY GIVING   PASS  MPY-TEST-F2-23     .04                                                                      
 MULTIPLY BY GIVING   PASS  MPY-TEST-F2-23     .05                                                                      
 MULTIPLY BY GIVING   PASS  MPY-TEST-F2-23     .06                                                                      
 MULTIPLY BY GIVING   PASS  MPY-TEST-F2-24     .01                                                                      
 MULTIPLY BY GIVING   PASS  MPY-TEST-F2-24     .02                                                                      
 MULTIPLY BY GIVING   PASS  MPY-TEST-F2-24     .03                                                                      
 MULTIPLY BY GIVING   PASS  MPY-TEST-F2-24     .04                                                                      
 MULTIPLY BY GIVING   PASS  MPY-TEST-F2-24     .05                                                                      
 MULTIPLY BY GIVING   PASS  MPY-TEST-F2-24     .06                                                                      
 MULTIPLY BY GIVING   PASS  MPY-TEST-F2-25     .01                                                                      
 MULTIPLY BY GIVING   PASS  MPY-TEST-F2-25     .02                                                                      
 MULTIPLY BY GIVING   PASS  MPY-TEST-F2-25     .03                                                                      
 MULTIPLY BY GIVING   PASS  MPY-TEST-F2-25     .04                                                                      
 MULTIPLY BY GIVING   PASS  MPY-TEST-F2-25     .05                                                                      
 MULTIPLY BY GIVING   PASS  MPY-TEST-F2-25     .06                                                                      
 MULTIPLY BY GIVING   PASS  MPY-TEST-F2-26     .01                                                                      
 MULTIPLY BY GIVING   PASS  MPY-TEST-F2-26     .02                                                                      
 MULTIPLY BY GIVING   PASS  MPY-TEST-F2-26     .03                                                                      
 MULTIPLY BY GIVING   PASS  MPY-TEST-F2-26     .04                                                                      
 MULTIPLY BY GIVING   PASS  MPY-TEST-F2-26     .05                                                                      
 MULTIPLY BY GIVING   PASS  MPY-TEST-F2-26     .06                                                                      
 MULTIPLY BY GIVING   PASS  MPY-TEST-F2-27-1   .01                                                                                                                                                                                              
                                       OFFICIAL COBOL COMPILER VALIDATION SYSTEM                                        
                                                                                                                        
                                        CCVS85 4.2  COPY - NOT FOR DISTRIBUTION                                         
                                                                                                                        
TEST RESULT OF NC170A    IN  HIGH        LEVEL VALIDATION FOR ON-SITE VALIDATION, NATIONAL INSTITUTE OF STD & TECH.     
                                                                                                                        
                                                                                                                        
 FOR OFFICIAL USE ONLY            COBOL 85 VERSION 4.2, Apr  1993 SSVG                        COPYRIGHT   1985          
                                                                                                                        
                                                                                                                        
 FEATURE              PASS  PARAGRAPH-NAME                                                 REMARKS                      
 TESTED               FAIL                                                                                              
 ***********************************************************************************************************************
 MULTIPLY BY GIVING   PASS  MPY-TEST-F2-27-2   .02                                                                      
 MULTIPLY BY GIVING   PASS  MPY-TEST-F2-27-3   .03                                                                      
 MULTIPLY BY GIVING   PASS  MPY-TEST-F2-27-4   .04                                                                      
 MULTIPLY BY GIVING   PASS  MPY-TEST-F2-27-5   .05                                                                      
 MULTIPLY BY GIVING   PASS  MPY-TEST-F2-28-1   .01                                                                      
 MULTIPLY BY GIVING   PASS  MPY-TEST-F2-28-2   .02                                                                      
 MULTIPLY BY GIVING   PASS  MPY-TEST-F2-28-3   .03                                                                      
 MULTIPLY BY GIVING   PASS  MPY-TEST-F2-28-4   .04                                                                      
 MULTIPLY BY GIVING   PASS  MPY-TEST-F2-28-5   .05                                                                      
 MULTIPLY BY GIVING   PASS  MPY-TEST-F2-29-1   .01                                                                      
 MULTIPLY BY GIVING   PASS  MPY-TEST-F2-29-2   .02                                                                      
 MULTIPLY BY GIVING   PASS  MPY-TEST-F2-29-3   .03                                                                      
 MULTIPLY BY GIVING   PASS  MPY-TEST-F2-29-4   .04                                                                      
 MULTIPLY BY GIVING   PASS  MPY-TEST-F2-29-5   .05                                                                      
 MULTIPLY BY GIVING   PASS  MPY-TEST-F2-30-1   .01                                                                      
 MULTIPLY BY GIVING   PASS  MPY-TEST-F2-30-2   .02                                                                      
 MULTIPLY BY GIVING   PASS  MPY-TEST-F2-30-3   .03                                                                      
 MULTIPLY BY GIVING   PASS  MPY-TEST-F2-30-4   .04                                                                      
 MULTIPLY BY GIVING   PASS  MPY-TEST-F2-30-5   .05                                                                      
 MULTIPLY BY GIVING   PASS  MPY-TEST-F2-31-1   .01                                                                      
 MULTIPLY BY GIVING   PASS  MPY-TEST-F2-31-2   .02                                                                      
 MULTIPLY BY GIVING   PASS  MPY-TEST-F2-31-3   .03                                                                      
 MULTIPLY BY GIVING   PASS  MPY-TEST-F2-32-1   .01                                                                      
 MULTIPLY BY GIVING   PASS  MPY-TEST-F2-32-2   .02                                                                      
 MULTIPLY BY GIVING   PASS  MPY-TEST-F2-32-3   .03                                                                      
 ***********************************************************************************************************************
                                                                                                                        
                                                                                                                        
                                                                                                                        
                                                                                                                        
                                                    END OF TEST-  NC170A                                                
                                                                                                                        
                                                    096 OF 096  TESTS WERE EXECUTED SUCCESSFULLY                        
                                                    NO  TEST(S) FAILED                                                  
                                                    NO  TEST(S) DELETED                                                 
                                                    NO  TEST(S) REQUIRE INSPECTION                                      
 FOR OFFICIAL USE ONLY            ON-SITE VALIDATION, NATIONAL INSTITUTE OF STD & TECH.                   COPYRIGHT 1985
