
                                       OFFICIAL COBOL COMPILER VALIDATION SYSTEM                                        
                                                                                                                        
                                        CCVS85 4.2  COPY - NOT FOR DISTRIBUTION                                         
                                                                                                                        
TEST RESULT OF NC177A    IN  HIGH        LEVEL VALIDATION FOR ON-SITE VALIDATION, NATIONAL INSTITUTE OF STD & TECH.     
                                                                                                                        
                                                                                                                        
 FOR OFFICIAL USE ONLY            COBOL 85 VERSION 4.2, Apr  1993 SSVG                        COPYRIGHT   1985          
                                                                                                                        
                                                                                                                        
 FEATURE              PASS  PARAGRAPH-NAME                                                 REMARKS                      
 TESTED               FAIL                                                                                              
                                                                                                                        
 ***********************************************************************************************************************
 ADD GIVING           PASS  ADD-TEST-F2-1                                                                               
 ADD GIVING           PASS  ADD-TEST-F2-2                                                                               
 ADD GIVING           PASS  ADD-TEST-F2-3-1                                                                             
 ADD GIVING           PASS  ADD-TEST-F2-4-1                                                                             
 ADD GIVING           PASS  ADD-TEST-F2-4-2                                                                             
   GIVING             PASS  ADD-TEST-F2-5                                                                               
   GIVING             PASS  ADD-TEST-F2-6                                                                               
   GIVING             PASS  ADD-TEST-F2-7                                                                               
   GIVING             PASS  ADD-TEST-F2-8-1                                                                             
   GIVING             PASS  ADD-TEST-F2-8-2                                                                             
   GIVING             PASS  ADD-TEST-F2-9-1                                                                             
   GIVING             PASS  ADD-TEST-F2-9-2                                                                             
   GIVING             PASS  ADD-TEST-F2-10-1                                                                            
   GIVING             PASS  ADD-TEST-F2-10-2                                                                            
   SERIES             PASS  ADD-TEST-F2-11                                                                              
   SERIES             PASS  ADD-TEST-F2-12                                                                              
   SERIES             PASS  ADD-TEST-F2-13                                                                              
   SERIES             PASS  ADD-TEST-F2-14                                                                              
   SERIES             PASS  ADD-TEST-F2-15-1                                                                            
   SERIES             PASS  ADD-TEST-F2-15-2                                                                            
   SERIES             PASS  ADD-TEST-F2-16-1                                                                            
   SERIES             PASS  ADD-TEST-F2-16-2                                                                            
   SERIES             PASS  ADD-TEST-F2-17                                                                              
   SERIES             PASS  ADD-TEST-F2-18                                                                              
   SERIES             PASS  ADD-TEST-F2-19                                                                              
   SERIES             PASS  ADD-TEST-F2-20                                                                              
   SERIES             PASS  ADD-TEST-F2-21                                                                              
   SERIES             PASS  ADD-TEST-F2-22                                                                                                                                                                                                      
                                       OFFICIAL COBOL COMPILER VALIDATION SYSTEM                                        
                                                                                                                        
                                        CCVS85 4.2  COPY - NOT FOR DISTRIBUTION                                         
                                                                                                                        
TEST RESULT OF NC177A    IN  HIGH        LEVEL VALIDATION FOR ON-SITE VALIDATION, NATIONAL INSTITUTE OF STD & TECH.     
                                                                                                                        
                                                                                                                        
 FOR OFFICIAL USE ONLY            COBOL 85 VERSION 4.2, Apr  1993 SSVG                        COPYRIGHT   1985          
                                                                                                                        
                                                                                                                        
 FEATURE              PASS  PARAGRAPH-NAME                                                 REMARKS                      
 TESTED               FAIL                                                                                              
 ***********************************************************************************************************************
   SERIES             PASS  ADD-TEST-F2-23                                                                              
   SERIES             PASS  ADD-TEST-F2-24                                                                              
   SERIES             PASS  ADD-TEST-F2-25                                                                              
   SERIES             PASS  ADD-TEST-F2-26                                                                              
   SERIES             PASS  ADD-TEST-F2-27     .01                                                                      
   SERIES             PASS  ADD-TEST-F2-27     .02                                                                      
   SERIES             PASS  ADD-TEST-F2-27     .03                                                                      
   SERIES             PASS  ADD-TEST-F2-27     .04                                                                      
   SERIES             PASS  ADD-TEST-F2-27     .05                                                                      
   SERIES             PASS  ADD-TEST-F2-27     .06                                                                      
   SERIES             PASS  ADD-TEST-F2-28-1   .01                                                                      
   SERIES             PASS  ADD-TEST-F2-28-2   .02                                                                      
   SERIES             PASS  ADD-TEST-F2-28-3   .03                                                                      
   SERIES             PASS  ADD-TEST-F2-28-4   .04                                                                      
   SERIES             PASS  ADD-TEST-F2-28-5   .05                                                                      
   SERIES             PASS  ADD-TEST-F2-28-6   .06                                                                      
   SERIES             PASS  ADD-TEST-F2-28-7   .07                                                                      
   SERIES             PASS  ADD-TEST-F2-29-1   .01                                                                      
   SERIES             PASS  ADD-TEST-F2-29-2   .02                                                                      
   SERIES             PASS  ADD-TEST-F2-29-3   .03                                                                      
   SERIES             PASS  ADD-TEST-F2-29-4   .04                                                                      
   SERIES             PASS  ADD-TEST-F2-29-5   .05                                                                      
   SERIES             PASS  ADD-TEST-F2-29-6   .06                                                                      
   SERIES             PASS  ADD-TEST-F2-29-7   .07                                                                      
   SERIES             PASS  ADD-TEST-F2-30-1   .01                                                                      
   SERIES             PASS  ADD-TEST-F2-30-2   .02                                                                      
   SERIES             PASS  ADD-TEST-F2-30-3   .03                                                                      
   SERIES             PASS  ADD-TEST-F2-30-4   .04                                                                      
   SERIES             PASS  ADD-TEST-F2-30-5   .05                                                                      
   SERIES             PASS  ADD-TEST-F2-30-6   .06                                                                      
   SERIES             PASS  ADD-TEST-F2-30-7   .07                                                                      
   SERIES             PASS  ADD-TEST-F2-31-1   .01                                                                      
   SERIES             PASS  ADD-TEST-F2-31-2   .02                                                                      
   SERIES             PASS  ADD-TEST-F2-31-3   .03                                                                      
   SERIES             PASS  ADD-TEST-F2-31-4   .04                                                                      
   SERIES             PASS  ADD-TEST-F2-31-5   .05                                                                      
   SERIES             PASS  ADD-TEST-F2-31-6   .06                                                                      
   SERIES             PASS  ADD-TEST-F2-31-7   .07                                                                      
   SERIES             PASS  ADD-TEST-F2-32-1   .01                                                                      
   SERIES             PASS  ADD-TEST-F2-32-2   .02                                                                      
   SERIES             PASS  ADD-TEST-F2-32-3   .03                                                                      
   SERIES             PASS  ADD-TEST-F2-32-4   .04                                                                      
   SERIES             PASS  ADD-TEST-F2-32-5   .05                                                                                                                                                                                              
                                       OFFICIAL COBOL COMPILER VALIDATION SYSTEM                                        
                                                                                                                        
                                        CCVS85 4.2  COPY - NOT FOR DISTRIBUTION                                         
                                                                                                                        
TEST RESULT OF NC177A    IN  HIGH        LEVEL VALIDATION FOR ON-SITE VALIDATION, NATIONAL INSTITUTE OF STD & TECH.     
                                                                                                                        
                                                                                                                        
 FOR OFFICIAL USE ONLY            COBOL 85 VERSION 4.2, Apr  1993 SSVG                        COPYRIGHT   1985          
                                                                                                                        
                                                                                                                        
 FEATURE              PASS  PARAGRAPH-NAME                                                 REMARKS                      
 TESTED               FAIL                                                                                              
 ***********************************************************************************************************************
   SERIES             PASS  ADD-TEST-F2-32-6   .06                                                                      
   SERIES             PASS  ADD-TEST-F2-32-7   .07                                                                      
   SERIES             PASS  ADD-TEST-F2-33-1   .01                                                                      
   SERIES             PASS  ADD-TEST-F2-33-2   .02                                                                      
   SERIES             PASS  ADD-TEST-F2-33-3   .03                                                                      
   SERIES             PASS  ADD-TEST-F2-33-4   .04                                                                      
   SERIES             PASS  ADD-TEST-F2-33-5   .05                                                                      
   SERIES             PASS  ADD-TEST-F2-33-6   .06                                                                      
   SERIES             PASS  ADD-TEST-F2-33-7   .07                                                                      
   SERIES             PASS  ADD-TEST-F2-34-1   .01                                                                      
   SERIES             PASS  ADD-TEST-F2-34-2   .02                                                                      
   SERIES             PASS  ADD-TEST-F2-34-3   .03                                                                      
   SERIES             PASS  ADD-TEST-F2-34-4   .04                                                                      
   SERIES             PASS  ADD-TEST-F2-34-5   .05                                                                      
   SERIES             PASS  ADD-TEST-F2-35-1   .01                                                                      
   SERIES             PASS  ADD-TEST-F2-35-2   .02                                                                      
   SERIES             PASS  ADD-TEST-F2-35-3   .03                                                                      
   SERIES             PASS  ADD-TEST-F2-35-4   .04                                                                      
   SERIES             PASS  ADD-TEST-F2-35-5   .04                                                                      
   SERIES             PASS  ADD-TEST-F2-36-1   .01                                                                      
   SERIES             PASS  ADD-TEST-F2-36-2   .02                                                                      
   SERIES             PASS  ADD-TEST-F2-36-3   .03                                                                      
   SERIES             PASS  ADD-TEST-F2-36-4   .04                                                                      
   SERIES             PASS  ADD-TEST-F2-36-5   .05                                                                      
   SERIES             PASS  ADD-TEST-F2-37-1   .01                                                                      
   SERIES             PASS  ADD-TEST-F2-37-2   .02                                                                      
   SERIES             PASS  ADD-TEST-F2-37-3   .03                                                                      
   SERIES             PASS  ADD-TEST-F2-37-4   .04                                                                      
   SERIES             PASS  ADD-TEST-F2-37-5   .05                                                                      
   SERIES             PASS  ADD-TEST-F2-38-1   .01                                                                      
   SERIES             PASS  ADD-TEST-F2-38-2   .02                                                                      
   SERIES             PASS  ADD-TEST-F2-38-3   .03                                                                      
   SERIES             PASS  ADD-TEST-F2-39-1   .01                                                                      
   SERIES             PASS  ADD-TEST-F2-39-2   .02                                                                      
   SERIES             PASS  ADD-TEST-F2-39-3   .03                                                                      
   SERIES             PASS  ADD-TEST-F2-40     .03                                                                      
   SERIES             PASS  ADD-TEST-F2-41     .03                                                                      
 ***********************************************************************************************************************
                                                                                                                        
                                                                                                                        
                                                                                                                        
                                                                                                                        
                                                    END OF TEST-  NC177A                                                                                                                                                                        
                                       OFFICIAL COBOL COMPILER VALIDATION SYSTEM                                        
                                                                                                                        
                                        CCVS85 4.2  COPY - NOT FOR DISTRIBUTION                                         
                                                                                                                        
TEST RESULT OF NC177A    IN  HIGH        LEVEL VALIDATION FOR ON-SITE VALIDATION, NATIONAL INSTITUTE OF STD & TECH.     
                                                                                                                        
                                                                                                                        
 FOR OFFICIAL USE ONLY            COBOL 85 VERSION 4.2, Apr  1993 SSVG                        COPYRIGHT   1985          
                                                                                                                        
                                                                                                                        
 FEATURE              PASS  PARAGRAPH-NAME                                                 REMARKS                      
 TESTED               FAIL                                                                                              
 ***********************************************************************************************************************
                                                                                                                        
                                                    108 OF 108  TESTS WERE EXECUTED SUCCESSFULLY                        
                                                    NO  TEST(S) FAILED                                                  
                                                    NO  TEST(S) DELETED                                                 
                                                    NO  TEST(S) REQUIRE INSPECTION                                      
 FOR OFFICIAL USE ONLY            ON-SITE VALIDATION, NATIONAL INSTITUTE OF STD & TECH.                   COPYRIGHT 1985
