
                                       OFFICIAL COBOL COMPILER VALIDATION SYSTEM                                        
                                                                                                                        
                                        CCVS85 4.2  COPY - NOT FOR DISTRIBUTION                                         
                                                                                                                        
TEST RESULT OF NC176A    IN  HIGH        LEVEL VALIDATION FOR ON-SITE VALIDATION, NATIONAL INSTITUTE OF STD & TECH.     
                                                                                                                        
                                                                                                                        
 FOR OFFICIAL USE ONLY            COBOL 85 VERSION 4.2, Apr  1993 SSVG                        COPYRIGHT   1985          
                                                                                                                        
                                                                                                                        
 FEATURE              PASS  PARAGRAPH-NAME                                                 REMARKS                      
 TESTED               FAIL                                                                                              
                                                                                                                        
 ***********************************************************************************************************************
 ADD                  PASS  ADD-TEST-F1-1                                                                               
 ADD                  PASS  ADD-TEST-F1-2                                                                               
 ADD                  PASS  ADD-TEST-F1-3                                                                               
 ADD                  PASS  ADD-TEST-F1-4-1                                                                             
 ADD                  PASS  ADD-TEST-F1-4-2                                                                             
 ADD ---                                                                                                                
   TO                 PASS  ADD-TEST-F1-5                                                                               
   TO                 PASS  ADD-TEST-F1-6                                                                               
   TO                 PASS  ADD-TEST-F1-7                                                                               
   ROUNDED            PASS  ADD-TEST-F1-8                                                                               
   SIZE ERROR         PASS  ADD-TEST-F1-9-1                                                                             
   SIZE ERROR         PASS  ADD-TEST-F1-9-2                                                                             
   ROUNDED,SIZE ERROR PASS  ADD-TEST-F1-10-1                                                                            
   ROUNDED,SIZE ERROR PASS  ADD-TEST-F1-10-2                                                                            
   ROUNDED,SIZE ERROR PASS  ADD-TEST-F1-11-1                                                                            
   ROUNDED,SIZE ERROR PASS  ADD-TEST-F1-11-2                                                                            
   COMP VS. DISPLAY   PASS  ADD-TEST-F1-12                                                                              
   COMP VS. DISPLAY   PASS  ADD-TEST-F1-13                                                                              
   COMP VS. DISPLAY   PASS  ADD-TEST-F1-14                                                                              
   COMP VS. DISPLAY   PASS  ADD-TEST-F1-15-1                                                                            
   COMP VS. DISPLAY   PASS  ADD-TEST-F1-15-2                                                                            
   COMP VS. DISPLAY   PASS  ADD-TEST-F1-16                                                                              
   COMP VS. DISPLAY   PASS  ADD-TEST-F1-17                                                                              
   COMP VS. DISPLAY   PASS  ADD-TEST-F1-18                                                                              
 ADD, COMP, SIZE ERR  PASS  ADD-TEST-F1-19                                                                              
 ADD, COMP, SIZE ERR  PASS  ADD-TEST-F1-20                                                                              
 ADD, COMP, SIZE ERR  PASS  ADD-TEST-F1-21                                                                              
 ADD, COMP, SIZE ERR  PASS  ADD-TEST-F1-22                                                                                                                                                                                                      
                                       OFFICIAL COBOL COMPILER VALIDATION SYSTEM                                        
                                                                                                                        
                                        CCVS85 4.2  COPY - NOT FOR DISTRIBUTION                                         
                                                                                                                        
TEST RESULT OF NC176A    IN  HIGH        LEVEL VALIDATION FOR ON-SITE VALIDATION, NATIONAL INSTITUTE OF STD & TECH.     
                                                                                                                        
                                                                                                                        
 FOR OFFICIAL USE ONLY            COBOL 85 VERSION 4.2, Apr  1993 SSVG                        COPYRIGHT   1985          
                                                                                                                        
                                                                                                                        
 FEATURE              PASS  PARAGRAPH-NAME                                                 REMARKS                      
 TESTED               FAIL                                                                                              
 ***********************************************************************************************************************
 ADD, COMP, SIZE ERR  PASS  ADD-TEST-F1-23                                                                              
 ADD LIMIT TESTS      PASS  ADD-TEST-F1-24                                                                              
 ADD LIMIT TESTS      PASS  ADD-TEST-F1-25                                                                              
 ADD LIMIT TESTS      PASS  ADD-TEST-F1-26                                                                              
 ADD LIMIT TESTS      PASS  ADD-TEST-F1-27                                                                              
 ADD LIMIT TESTS      PASS  ADD-TEST-F1-28                                                                              
 ADD LIMIT TESTS      PASS  ADD-TEST-F1-29                                                                              
 ADD LIMIT TESTS      PASS  ADD-TEST-F1-30                                                                              
 ADD LIMIT TESTS      PASS  ADD-TEST-F1-31                                                                              
 ADD LIMIT TESTS      PASS  ADD-TEST-F1-32                                                                              
 ADD LIMIT TESTS      PASS  ADD-TEST-F1-33                                                                              
 ADD LIMIT TESTS      PASS  ADD-TEST-F1-34                                                                              
 ADD LIMIT TESTS      PASS  ADD-TEST-F1-35                                                                              
 ADD LIMIT TESTS      PASS  ADD-TEST-F1-36                                                                              
 ADD LIMIT TESTS      PASS  ADD-TEST-F1-37                                                                              
 ADD LIMIT TESTS      PASS  ADD-TEST-F1-38                                                                              
 ADD LIMIT TESTS      PASS  ADD-TEST-F1-39                                                                              
 ADD LIMIT TESTS      PASS  ADD-TEST-F1-40                                                                              
 ADD LIMIT TESTS      PASS  ADD-TEST-F1-41                                                                              
 ADD LIMIT TESTS      PASS  ADD-TEST-F1-42                                                                              
 ADD LIMIT TESTS      PASS  ADD-TEST-F1-43                                                                              
 ADD LIMIT TESTS      PASS  ADD-TEST-F1-44                                                                              
 ADD LIMIT TESTS      PASS  ADD-TEST-F1-45                                                                              
 ADD-TO-SERIES        PASS  ADD-TEST-F1-46     .01                                                                      
 ADD-TO-SERIES        PASS  ADD-TEST-F1-46     .02                                                                      
 ADD-TO-SERIES        PASS  ADD-TEST-F1-46     .03                                                                      
 ADD-TO-SERIES        PASS  ADD-TEST-F1-46     .04                                                                      
 ADD-TO-SERIES        PASS  ADD-TEST-F1-46     .05                                                                      
 ADD-TO-SERIES        PASS  ADD-TEST-F1-46     .06                                                                      
 ADD-TO-SERIES        PASS  ADD-TEST-F1-47-1   .01                                                                      
 ADD-TO-SERIES        PASS  ADD-TEST-F1-47-2   .02                                                                      
 ADD-TO-SERIES        PASS  ADD-TEST-F1-47-3   .03                                                                      
 ADD-TO-SERIES        PASS  ADD-TEST-F1-47-4   .04                                                                      
 ADD-TO-SERIES        PASS  ADD-TEST-F1-47-5   .05                                                                      
 ADD-TO-SERIES        PASS  ADD-TEST-F1-47-6   .06                                                                      
 ADD-TO-SERIES        PASS  ADD-TEST-F1-47-7   .07                                                                      
 ADD-TO-SERIES        PASS  ADD-TEST-F1-48-1   .01                                                                      
 ADD-TO-SERIES        PASS  ADD-TEST-F1-48-2   .02                                                                      
 ADD-TO-SERIES        PASS  ADD-TEST-F1-48-3   .03                                                                      
 ADD-TO-SERIES        PASS  ADD-TEST-F1-48-4   .04                                                                      
 ADD-TO-SERIES        PASS  ADD-TEST-F1-48-5   .05                                                                      
 ADD-TO-SERIES        PASS  ADD-TEST-F1-48-6   .06                                                                      
 ADD-TO-SERIES        PASS  ADD-TEST-F1-48-7   .07                                                                                                                                                                                              
                                       OFFICIAL COBOL COMPILER VALIDATION SYSTEM                                        
                                                                                                                        
                                        CCVS85 4.2  COPY - NOT FOR DISTRIBUTION                                         
                                                                                                                        
TEST RESULT OF NC176A    IN  HIGH        LEVEL VALIDATION FOR ON-SITE VALIDATION, NATIONAL INSTITUTE OF STD & TECH.     
                                                                                                                        
                                                                                                                        
 FOR OFFICIAL USE ONLY            COBOL 85 VERSION 4.2, Apr  1993 SSVG                        COPYRIGHT   1985          
                                                                                                                        
                                                                                                                        
 FEATURE              PASS  PARAGRAPH-NAME                                                 REMARKS                      
 TESTED               FAIL                                                                                              
 ***********************************************************************************************************************
 ADD-TO-SERIES        PASS  ADD-TEST-F1-49-1   .01                                                                      
 ADD-TO-SERIES        PASS  ADD-TEST-F1-49-2   .02                                                                      
 ADD-TO-SERIES        PASS  ADD-TEST-F1-49-3   .03                                                                      
 ADD-TO-SERIES        PASS  ADD-TEST-F1-49-4   .04                                                                      
 ADD-TO-SERIES        PASS  ADD-TEST-F1-49-5   .05                                                                      
 ADD-TO-SERIES        PASS  ADD-TEST-F1-49-6   .06                                                                      
 ADD-TO-SERIES        PASS  ADD-TEST-F1-49-7   .07                                                                      
 ADD-TO-SERIES        PASS  ADD-TEST-F1-50-1   .01                                                                      
 ADD-TO-SERIES        PASS  ADD-TEST-F1-50-2   .02                                                                      
 ADD-TO-SERIES        PASS  ADD-TEST-F1-50-3   .03                                                                      
 ADD-TO-SERIES        PASS  ADD-TEST-F1-50-4   .04                                                                      
 ADD-TO-SERIES        PASS  ADD-TEST-F1-50-5   .05                                                                      
 ADD-TO-SERIES        PASS  ADD-TEST-F1-50-6   .06                                                                      
 ADD-TO-SERIES        PASS  ADD-TEST-F1-50-7   .07                                                                      
 ADD-TO-SERIES        PASS  ADD-TEST-F1-51-1   .01                                                                      
 ADD-TO-SERIES        PASS  ADD-TEST-F1-51-2   .02                                                                      
 ADD-TO-SERIES        PASS  ADD-TEST-F1-51-3   .03                                                                      
 ADD-TO-SERIES        PASS  ADD-TEST-F1-51-4   .04                                                                      
 ADD-TO-SERIES        PASS  ADD-TEST-F1-51-5   .05                                                                      
 ADD-TO-SERIES        PASS  ADD-TEST-F1-51-6   .06                                                                      
 ADD-TO-SERIES        PASS  ADD-TEST-F1-51-7   .07                                                                      
 ADD-TO-SERIES        PASS  ADD-TEST-F1-52-1   .01                                                                      
 ADD-TO-SERIES        PASS  ADD-TEST-F1-52-2   .02                                                                      
 ADD-TO-SERIES        PASS  ADD-TEST-F1-52-3   .03                                                                      
 ADD-TO-SERIES        PASS  ADD-TEST-F1-52-4   .04                                                                      
 ADD-TO-SERIES        PASS  ADD-TEST-F1-52-5   .05                                                                      
 ADD-TO-SERIES        PASS  ADD-TEST-F1-52-6   .06                                                                      
 ADD-TO-SERIES        PASS  ADD-TEST-F1-52-7   .07                                                                      
 ADD-TO-SERIES        PASS  ADD-TEST-F1-53-1   .01                                                                      
 ADD-TO-SERIES        PASS  ADD-TEST-F1-53-2   .02                                                                      
 ADD-TO-SERIES        PASS  ADD-TEST-F1-53-3   .03                                                                      
 ADD-TO-SERIES        PASS  ADD-TEST-F1-53-4   .04                                                                      
 ADD-TO-SERIES        PASS  ADD-TEST-F1-53-5   .05                                                                      
 ADD-TO-SERIES        PASS  ADD-TEST-F1-54-1   .01                                                                      
 ADD-TO-SERIES        PASS  ADD-TEST-F1-54-2   .02                                                                      
 ADD-TO-SERIES        PASS  ADD-TEST-F1-54-3   .03                                                                      
 ADD-TO-SERIES        PASS  ADD-TEST-F1-54-4   .04                                                                      
 ADD-TO-SERIES        PASS  ADD-TEST-F1-54-5   .04                                                                      
 ADD-TO-SERIES        PASS  ADD-TEST-F1-55-1   .01                                                                      
 ADD-TO-SERIES        PASS  ADD-TEST-F1-55-2   .02                                                                      
 ADD-TO-SERIES        PASS  ADD-TEST-F1-55-3   .03                                                                      
 ADD-TO-SERIES        PASS  ADD-TEST-F1-55-4   .04                                                                      
 ADD-TO-SERIES        PASS  ADD-TEST-F1-55-5   .05                                                                                                                                                                                              
                                       OFFICIAL COBOL COMPILER VALIDATION SYSTEM                                        
                                                                                                                        
                                        CCVS85 4.2  COPY - NOT FOR DISTRIBUTION                                         
                                                                                                                        
TEST RESULT OF NC176A    IN  HIGH        LEVEL VALIDATION FOR ON-SITE VALIDATION, NATIONAL INSTITUTE OF STD & TECH.     
                                                                                                                        
                                                                                                                        
 FOR OFFICIAL USE ONLY            COBOL 85 VERSION 4.2, Apr  1993 SSVG                        COPYRIGHT   1985          
                                                                                                                        
                                                                                                                        
 FEATURE              PASS  PARAGRAPH-NAME                                                 REMARKS                      
 TESTED               FAIL                                                                                              
 ***********************************************************************************************************************
 ADD-TO-SERIES        PASS  ADD-TEST-F1-56-1   .01                                                                      
 ADD-TO-SERIES        PASS  ADD-TEST-F1-56-2   .02                                                                      
 ADD-TO-SERIES        PASS  ADD-TEST-F1-56-3   .03                                                                      
 ADD-TO-SERIES        PASS  ADD-TEST-F1-56-4   .04                                                                      
 ADD-TO-SERIES        PASS  ADD-TEST-F1-56-5   .05                                                                      
 ADD-TO-SERIES        PASS  ADD-TEST-F1-57-1   .01                                                                      
 ADD-TO-SERIES        PASS  ADD-TEST-F1-57-2   .02                                                                      
 ADD-TO-SERIES        PASS  ADD-TEST-F1-57-3   .03                                                                      
 ADD-TO-SERIES        PASS  ADD-TEST-F1-58-1   .01                                                                      
 ADD-TO-SERIES        PASS  ADD-TEST-F1-58-2   .02                                                                      
 ADD-TO-SERIES        PASS  ADD-TEST-F1-58-3   .03                                                                      
 ***********************************************************************************************************************
                                                                                                                        
                                                                                                                        
                                                                                                                        
                                                                                                                        
                                                    END OF TEST-  NC176A                                                
                                                                                                                        
                                                    124 OF 124  TESTS WERE EXECUTED SUCCESSFULLY                        
                                                    NO  TEST(S) FAILED                                                  
                                                    NO  TEST(S) DELETED                                                 
                                                    NO  TEST(S) REQUIRE INSPECTION                                      
 FOR OFFICIAL USE ONLY            ON-SITE VALIDATION, NATIONAL INSTITUTE OF STD & TECH.                   COPYRIGHT 1985
