
                                       OFFICIAL COBOL COMPILER VALIDATION SYSTEM                                        
                                                                                                                        
                                        CCVS85 4.2  COPY - NOT FOR DISTRIBUTION                                         
                                                                                                                        
TEST RESULT OF NC172A    IN  HIGH        LEVEL VALIDATION FOR ON-SITE VALIDATION, NATIONAL INSTITUTE OF STD & TECH.     
                                                                                                                        
                                                                                                                        
 FOR OFFICIAL USE ONLY            COBOL 85 VERSION 4.2, Apr  1993 SSVG                        COPYRIGHT   1985          
                                                                                                                        
                                                                                                                        
 FEATURE              PASS  PARAGRAPH-NAME                                                 REMARKS                      
 TESTED               FAIL                                                                                              
                                                                                                                        
 ***********************************************************************************************************************
 DIVIDE INTO GIVING   PASS  DIV-TEST-F2-1                                                                               
 DIVIDE INTO GIVING   PASS  DIV-TEST-F2-2                                                                               
 DIVIDE INTO GIVING   PASS  DIV-TEST-F2-3-1                                                                             
 DIVIDE INTO GIVING   PASS  DIV-TEST-F2-3-2                                                                             
 DIVIDE INTO GIVING   PASS  DIV-TEST-F2-4-1                                                                             
 DIVIDE INTO GIVING   PASS  DIV-TEST-F2-4-2                                                                             
 DIVIDE INTO GIVING   PASS  DIV-TEST-F2-5                                                                               
 DIVIDE INTO GIVING   PASS  DIV-TEST-F2-6                                                                               
 DIVIDE INTO GIVING   PASS  DIV-TEST-F2-7-1                                                                             
 DIVIDE INTO GIVING   PASS  DIV-TEST-F2-7-2                                                                             
 DIVIDE INTO GIVING   PASS  DIV-TEST-F2-8-1                                                                             
 DIVIDE INTO GIVING   PASS  DIV-TEST-F2-8-2                                                                             
 DIVIDE INTO GIVING   PASS  DIV-TEST-F2-9-1                                                                             
 DIVIDE INTO GIVING   PASS  DIV-TEST-F2-9-2                                                                             
 DIVIDE INTO GIVING   PASS  DIV-TEST-F2-10-1                                                                            
 DIVIDE INTO GIVING   PASS  DIV-TEST-F2-10-2                                                                            
 DIVIDE INTO GIVING   PASS  DIV-TEST-F2-11                                                                              
 DIVIDE INTO GIVING   PASS  DIV-TEST-F2-12                                                                              
 DIVIDE INTO GIVING   PASS  DIV-TEST-F2-13                                                                              
 DIVIDE INTO GIVING   PASS  DIV-TEST-F2-14-1   .01                                                                      
 DIVIDE INTO GIVING   PASS  DIV-TEST-F2-14-2   .02                                                                      
 DIVIDE INTO GIVING   PASS  DIV-TEST-F2-15-1   .01                                                                      
 DIVIDE INTO GIVING   PASS  DIV-TEST-F2-15-2   .02                                                                      
 DIVIDE INTO GIVING   PASS  DIV-TEST-F2-16-1   .01                                                                      
 DIVIDE INTO GIVING   PASS  DIV-TEST-F2-16-2   .02                                                                      
 DIVIDE INTO GIVING   PASS  DIV-TEST-F2-17-1   .01                                                                      
 DIVIDE INTO GIVING   PASS  DIV-TEST-F2-17-2   .02                                                                      
 DIVIDE-INTO-GIVING   PASS  DIV-TEST-F2-18     .01                                                                                                                                                                                              
                                       OFFICIAL COBOL COMPILER VALIDATION SYSTEM                                        
                                                                                                                        
                                        CCVS85 4.2  COPY - NOT FOR DISTRIBUTION                                         
                                                                                                                        
TEST RESULT OF NC172A    IN  HIGH        LEVEL VALIDATION FOR ON-SITE VALIDATION, NATIONAL INSTITUTE OF STD & TECH.     
                                                                                                                        
                                                                                                                        
 FOR OFFICIAL USE ONLY            COBOL 85 VERSION 4.2, Apr  1993 SSVG                        COPYRIGHT   1985          
                                                                                                                        
                                                                                                                        
 FEATURE              PASS  PARAGRAPH-NAME                                                 REMARKS                      
 TESTED               FAIL                                                                                              
 ***********************************************************************************************************************
 DIVIDE-INTO-GIVING   PASS  DIV-TEST-F2-18     .02                                                                      
 DIVIDE-INTO-GIVING   PASS  DIV-TEST-F2-18     .03                                                                      
 DIVIDE-INTO-GIVING   PASS  DIV-TEST-F2-18     .04                                                                      
 DIVIDE-INTO-GIVING   PASS  DIV-TEST-F2-18     .05                                                                      
 DIVIDE-INTO-GIVING   PASS  DIV-TEST-F2-18     .06                                                                      
 DIVIDE-INTO-GIVING   PASS  DIV-TEST-F2-19     .01                                                                      
 DIVIDE-INTO-GIVING   PASS  DIV-TEST-F2-19     .02                                                                      
 DIVIDE-INTO-GIVING   PASS  DIV-TEST-F2-19     .03                                                                      
 DIVIDE-INTO-GIVING   PASS  DIV-TEST-F2-19     .04                                                                      
 DIVIDE-INTO-GIVING   PASS  DIV-TEST-F2-19     .05                                                                      
 DIVIDE-INTO-GIVING   PASS  DIV-TEST-F2-19     .06                                                                      
 DIVIDE-INTO-GIVING   PASS  DIV-TEST-F2-19     .07                                                                      
 DIVIDE-INTO-GIVING   PASS  DIV-TEST-F2-20     .01                                                                      
 DIVIDE-INTO-GIVING   PASS  DIV-TEST-F2-20     .02                                                                      
 DIVIDE-INTO-GIVING   PASS  DIV-TEST-F2-20     .03                                                                      
 DIVIDE-INTO-GIVING   PASS  DIV-TEST-F2-20     .04                                                                      
 DIVIDE-INTO-GIVING   PASS  DIV-TEST-F2-20     .05                                                                      
 DIVIDE-INTO-GIVING   PASS  DIV-TEST-F2-20     .06                                                                      
 DIVIDE-INTO-GIVING   PASS  DIV-TEST-F2-20     .07                                                                      
 DIVIDE-INTO-GIVING   PASS  DIV-TEST-F2-21     .01                                                                      
 DIVIDE-INTO-GIVING   PASS  DIV-TEST-F2-21     .02                                                                      
 DIVIDE-INTO-GIVING   PASS  DIV-TEST-F2-21     .03                                                                      
 DIVIDE-INTO-GIVING   PASS  DIV-TEST-F2-21     .04                                                                      
 DIVIDE-INTO-GIVING   PASS  DIV-TEST-F2-21     .05                                                                      
 DIVIDE-INTO-GIVING   PASS  DIV-TEST-F2-21     .06                                                                      
 DIVIDE-INTO-GIVING   PASS  DIV-TEST-F2-21     .07                                                                      
 DIVIDE-INTO-GIVING   PASS  DIV-TEST-F2-22     .01                                                                      
 DIVIDE-INTO-GIVING   PASS  DIV-TEST-F2-22     .02                                                                      
 DIVIDE-INTO-GIVING   PASS  DIV-TEST-F2-22     .03                                                                      
 DIVIDE-INTO-GIVING   PASS  DIV-TEST-F2-22     .04                                                                      
 DIVIDE-INTO-GIVING   PASS  DIV-TEST-F2-22     .05                                                                      
 DIVIDE-INTO-GIVING   PASS  DIV-TEST-F2-22     .06                                                                      
 DIVIDE-INTO-GIVING   PASS  DIV-TEST-F2-22     .07                                                                      
 DIVIDE-INTO-GIVING   PASS  DIV-TEST-F2-23     .01                                                                      
 DIVIDE-INTO-GIVING   PASS  DIV-TEST-F2-23     .02                                                                      
 DIVIDE-INTO-GIVING   PASS  DIV-TEST-F2-23     .03                                                                      
 DIVIDE-INTO-GIVING   PASS  DIV-TEST-F2-23     .04                                                                      
 DIVIDE-INTO-GIVING   PASS  DIV-TEST-F2-23     .05                                                                      
 DIVIDE-INTO-GIVING   PASS  DIV-TEST-F2-23     .06                                                                      
 DIVIDE-INTO-GIVING   PASS  DIV-TEST-F2-23     .07                                                                      
 DIVIDE-INTO-GIVING   PASS  DIV-TEST-F2-24     .01                                                                      
 DIVIDE-INTO-GIVING   PASS  DIV-TEST-F2-24     .02                                                                      
 DIVIDE-INTO-GIVING   PASS  DIV-TEST-F2-24     .03                                                                                                                                                                                              
                                       OFFICIAL COBOL COMPILER VALIDATION SYSTEM                                        
                                                                                                                        
                                        CCVS85 4.2  COPY - NOT FOR DISTRIBUTION                                         
                                                                                                                        
TEST RESULT OF NC172A    IN  HIGH        LEVEL VALIDATION FOR ON-SITE VALIDATION, NATIONAL INSTITUTE OF STD & TECH.     
                                                                                                                        
                                                                                                                        
 FOR OFFICIAL USE ONLY            COBOL 85 VERSION 4.2, Apr  1993 SSVG                        COPYRIGHT   1985          
                                                                                                                        
                                                                                                                        
 FEATURE              PASS  PARAGRAPH-NAME                                                 REMARKS                      
 TESTED               FAIL                                                                                              
 ***********************************************************************************************************************
 DIVIDE-INTO-GIVING   PASS  DIV-TEST-F2-24     .04                                                                      
 DIVIDE-INTO-GIVING   PASS  DIV-TEST-F2-24     .05                                                                      
 DIVIDE-INTO-GIVING   PASS  DIV-TEST-F2-24     .06                                                                      
 DIVIDE-INTO-GIVING   PASS  DIV-TEST-F2-24     .07                                                                      
 DIVIDE-INTO-GIVING   PASS  DIV-TEST-F2-25-1   .01                                                                      
 DIVIDE-INTO-GIVING   PASS  DIV-TEST-F2-25-2   .02                                                                      
 DIVIDE-INTO-GIVING   PASS  DIV-TEST-F2-25-3   .03                                                                      
 DIVIDE-INTO-GIVING   PASS  DIV-TEST-F2-25-4   .04                                                                      
 DIVIDE-INTO-GIVING   PASS  DIV-TEST-F2-25-5   .05                                                                      
 DIVIDE-INTO-GIVING   PASS  DIV-TEST-F2-26-1   .01                                                                      
 DIVIDE-INTO-GIVING   PASS  DIV-TEST-F2-26-2   .02                                                                      
 DIVIDE-INTO-GIVING   PASS  DIV-TEST-F2-26-3   .03                                                                      
 DIVIDE-INTO-GIVING   PASS  DIV-TEST-F2-26-4   .04                                                                      
 DIVIDE-INTO-GIVING   PASS  DIV-TEST-F2-26-5   .05                                                                      
 DIVIDE INTO GIVING   PASS  DIV-TEST-F2-27-1   .01                                                                      
 DIVIDE INTO GIVING   PASS  DIV-TEST-F2-27-2   .02                                                                      
 DIVIDE INTO GIVING   PASS  DIV-TEST-F2-27-3   .03                                                                      
 DIVIDE INTO GIVING   PASS  DIV-TEST-F2-27-4   .04                                                                      
 DIVIDE INTO GIVING   PASS  DIV-TEST-F2-27-5   .05                                                                      
 DIVIDE INTO GIVING   PASS  DIV-TEST-F2-28-1   .01                                                                      
 DIVIDE INTO GIVING   PASS  DIV-TEST-F2-28-2   .02                                                                      
 DIVIDE INTO GIVING   PASS  DIV-TEST-F2-28-3   .03                                                                      
 DIVIDE INTO GIVING   PASS  DIV-TEST-F2-28-4   .04                                                                      
 DIVIDE INTO GIVING   PASS  DIV-TEST-F2-28-5   .05                                                                      
 DIVIDE INTO GIVING   PASS  DIV-TEST-F2-29-1   .01                                                                      
 DIVIDE INTO GIVING   PASS  DIV-TEST-F2-29-2   .02                                                                      
 DIVIDE INTO GIVING   PASS  DIV-TEST-F2-29-3   .03                                                                      
 DIVIDE INTO GIVING   PASS  DIV-TEST-F2-30-1   .03                                                                      
 DIVIDE INTO GIVING   PASS  DIV-TEST-F2-30-2   .04                                                                      
 DIVIDE INTO GIVING   PASS  DIV-TEST-F2-30-3   .05                                                                      
 ***********************************************************************************************************************
                                                                                                                        
                                                                                                                        
                                                                                                                        
                                                                                                                        
                                                    END OF TEST-  NC172A                                                
                                                                                                                        
                                                    101 OF 101  TESTS WERE EXECUTED SUCCESSFULLY                        
                                                    NO  TEST(S) FAILED                                                  
                                                    NO  TEST(S) DELETED                                                 
                                                    NO  TEST(S) REQUIRE INSPECTION                                      
 FOR OFFICIAL USE ONLY            ON-SITE VALIDATION, NATIONAL INSTITUTE OF STD & TECH.                   COPYRIGHT 1985
