
                                       OFFICIAL COBOL COMPILER VALIDATION SYSTEM                                        
                                                                                                                        
                                        CCVS85 4.2  COPY - NOT FOR DISTRIBUTION                                         
                                                                                                                        
TEST RESULT OF NC207     IN  HIGH        LEVEL VALIDATION FOR ON-SITE VALIDATION, NATIONAL INSTITUTE OF STD & TECH.     
                                                                                                                        
                                                                                                                        
 FOR OFFICIAL USE ONLY            COBOL 85 VERSION 4.2, Apr  1993 SSVG                        COPYRIGHT   1985          
                                                                                                                        
                                                                                                                        
 FEATURE              PASS  PARAGRAPH-NAME                                                 REMARKS                      
 TESTED               FAIL                                                                                              
                                                                                                                        
 ***********************************************************************************************************************
 QUALIFIED ADDITION   PASS  ADD-TEST-F1-1                                                                               
 QUALIFIED ADDITION   PASS  ADD-TEST-F1-2                                                                               
 QUALIFIED ADDITION   PASS  ADD-TEST-F1-3                                                                               
 QUALIFIED ADDITION   PASS  ADD-TEST-F1-4                                                                               
 QUALIFIED ADDITION   PASS  ADD-TEST-F1-5                                                                               
 QUALIFIED ADDITION   PASS  ADD-TEST-F1-6                                                                               
 QUALIFIED ADDITION   PASS  ADD-TEST-F1-7                                                                               
 QUALIFIED ADDITION   PASS  ADD-TEST-F1-8                                                                               
 QUALIFIED ADDITION   PASS  ADD-TEST-F2-9                                                                               
 QUALIFIED ADDITION   PASS  ADD-TEST-F2-10                                                                              
 QUALIFIED ADDITION   PASS  ADD-TEST-F2-11                                                                              
 QUALIFIED ADDITION   PASS  ADD-TEST-F2-12                                                                              
 QUALIFIED ADDITION   PASS  ADD-TEST-F2-13                                                                              
 QUALIFIED ADDITION   PASS  ADD-TEST-F2-14                                                                              
 QUALIFIED ADDITION   PASS  ADD-TEST-F2-15                                                                              
 QUALIFIED ADDITION   PASS  ADD-TEST-F2-16                                                                              
        CORRESPONDING PASS  ADD-TEST-F3-17                                                                              
        CORRESPONDING PASS  ADD-TEST-F3-18                                                                              
        CORRESPONDING PASS  ADD-TEST-F3-19                                                                              
        CORRESPONDING PASS  ADD-TEST-F3-20                                                                              
        CORRESPONDING PASS  ADD-TEST-F3-21                                                                              
        CORRESPONDING PASS  ADD-TEST-F3-22                                                                              
        CORRESPONDING PASS  ADD-TEST-F3-23                                                                              
        CORRESPONDING PASS  ADD-TEST-F3-24                                                                              
 ***********************************************************************************************************************
                                                                                                                        
                                                                                                                        
                                                                                                                        
                                                                                                                        
        CORRESPONDING PASS  ADD-TEST-F1-25                                                                              
 QUALIFIED SUBTRACT   PASS  SUB-TEST-F2-1                                                                               
 QUALIFIED SUBTRACT   PASS  SUB-TEST-F2-2                                                                               
 QUALIFIED SUBTRACT   PASS  SUB-TEST-F2-3                                                                               
 QUALIFIED SUBTRACT   PASS  SUB-TEST-F2-4                                                                               
 QUALIFIED SUBTRACT   PASS  SUB-TEST-F2-5                                                                               
 QUALIFIED SUBTRACT   PASS  SUB-TEST-F2-6                                                                                                                                                                                                       
 FEATURE              PASS  PARAGRAPH-NAME                                                 REMARKS                      
 TESTED               FAIL                                                                                              
                                                                                                                        
 ***********************************************************************************************************************
 QUALIFIED SUBTRACT   PASS  SUB-TEST-F2-7                                                                               
 QUALIFIED SUBTRACT   PASS  SUB-TEST-F2-8                                                                               
 QUALIFIED SUBTRACT   PASS  SUB-TEST-F2-9                                                                               
 QUALIFIED SUBTRACT   PASS  SUB-TEST-F2-10                                                                              
 QUALIFIED SUBTRACT   PASS  SUB-TEST-F2-11                                                                              
 QUALIFIED SUBTRACT   PASS  SUB-TEST-F2-12                                                                              
 QUALIFIED SUBTRACT   PASS  SUB-TEST-F2-13                                                                              
 QUALIFIED SUBTRACT   PASS  SUB-TEST-F2-14                                                                              
 QUALIFIED SUBTRACT   PASS  SUB-TEST-F2-15                                                                              
 QUALIFIED SUBTRACT   PASS  SUB-TEST-F2-16                                                                              
        CORRESPONDING PASS  SUB-TEST-F3-17                                                                              
        CORRESPONDING PASS  SUB-TEST-F3-18                                                                              
        CORRESPONDING PASS  SUB-TEST-F3-19                                                                              
        CORRESPONDING PASS  SUB-TEST-F3-20                                                                              
        CORRESPONDING PASS  SUB-TEST-F3-21                                                                              
        CORRESPONDING PASS  SUB-TEST-F3-22                                                                              
        CORRESPONDING PASS  SUB-TEST-F3-23                                                                              
        CORRESPONDING PASS  SUB-TEST-F3-24                                                                              
        CORRESPONDING PASS  SUB-TEST-F2-25                                                                              
 ***********************************************************************************************************************
                                                                                                                        
                                                                                                                        
                                                                                                                        
                                                                                                                        
 QUALIFIED MULTIPLY   PASS  MPY-TEST-F2-1                                                                               
 QUALIFIED MULTIPLY   PASS  MPY-TEST-F2-2                                                                               
 QUALIFIED MULTIPLY   PASS  MPY-TEST-F2-3                                                                               
 QUALIFIED MULTIPLY   PASS  MPY-TEST-F2-4                                                                               
 QUALIFIED MULTIPLY   PASS  MPY-TEST-F2-5                                                                               
 QUALIFIED MULTIPLY   PASS  MPY-TEST-F2-6                                                                               
 QUALIFIED MULTIPLY   PASS  MPY-TEST-F2-7                                                                               
 QUALIFIED MULTIPLY   PASS  MPY-TEST-F2-8                                                                               
 QUALIFIED MULTIPLY   PASS  MPY-TEST-F2-9                                                                               
 QUALIFIED MULTIPLY   PASS  MPY-TEST-F2-10                                                                              
 QUALIFIED MULTIPLY   PASS  MPY-TEST-F2-11                                                                              
 QUALIFIED MULTIPLY   PASS  MPY-TEST-F2-12                                                                              
 QUALIFIED MULTIPLY   PASS  MPY-TEST-F2-13                                                                              
 QUALIFIED MULTIPLY   PASS  MPY-TEST-F2-14                                                                              
 QUALIFIED MULTIPLY   PASS  MPY-TEST-F2-15                                                                              
 QUALIFIED MULTIPLY   PASS  MPY-TEST-F2-16                                                                              
 QUALIFIED MULTIPLY   PASS  MPY-TEST-F2-17                                                                              
 ***********************************************************************************************************************
                                                                                                                        
                                                                                                                        
                                                                                                                        
                                                                                                                        
 QUALIFIED DIVIDE     PASS  DIV-TEST-F3-1                                                                               
 QUALIFIED DIVIDE     PASS  DIV-TEST-F3-2                                                                               
 QUALIFIED DIVIDE     PASS  DIV-TEST-F3-3                                                                               
 QUALIFIED DIVIDE     PASS  DIV-TEST-F3-4                                                                               
 QUALIFIED DIVIDE     PASS  DIV-TEST-F3-5                                                                                                                                                                                                       
 FEATURE              PASS  PARAGRAPH-NAME                                                 REMARKS                      
 TESTED               FAIL                                                                                              
                                                                                                                        
 ***********************************************************************************************************************
 QUALIFIED DIVIDE     PASS  DIV-TEST-F3-6                                                                               
 QUALIFIED DIVIDE     PASS  DIV-TEST-F3-7                                                                               
 QUALIFIED DIVIDE     PASS  DIV-TEST-F3-8                                                                               
 QUALIFIED DIVIDE     PASS  DIV-TEST-F3-9                                                                               
 QUALIFIED DIVIDE     PASS  DIV-TEST-F3-10                                                                              
 QUALIFIED DIVIDE     PASS  DIV-TEST-F3-11                                                                              
 QUALIFIED DIVIDE     PASS  DIV-TEST-F3-12                                                                              
 QUALIFIED DIVIDE     PASS  DIV-TEST-F3-13                                                                              
 QUALIFIED DIVIDE     PASS  DIV-TEST-F3-14                                                                              
 QUALIFIED DIVIDE     PASS  DIV-TEST-F3-15                                                                              
 QUALIFIED DIVIDE     PASS  DIV-TEST-F3-16                                                                              
 QUALIFIED DIVIDE     PASS  DIV-TEST-F3-17                                                                              
 ***********************************************************************************************************************
                                                                                                                        
                                                                                                                        
                                                                                                                        
                                                                                                                        
 CONDITION NAME       PASS  CND-TEST-GF-1                                                                               
 ***********************************************************************************************************************
                                                                                                                        
                                                                                                                        
                                                                                                                        
                                                                                                                        
                                                    END OF TEST-  NC207                                                 
                                                                                                                        
                                                    085 OF 085  TESTS WERE EXECUTED SUCCESSFULLY                        
                                                    NO  TEST(S) FAILED                                                  
                                                    NO  TEST(S) DELETED                                                 
                                                    NO  TEST(S) REQUIRE INSPECTION                                      
 FOR OFFICIAL USE ONLY            ON-SITE VALIDATION, NATIONAL INSTITUTE OF STD & TECH.                   COPYRIGHT 1985
