
                                       OFFICIAL COBOL COMPILER VALIDATION SYSTEM                                        
                                                                                                                        
                                        CCVS85 4.2  COPY - NOT FOR DISTRIBUTION                                         
                                                                                                                        
TEST RESULT OF NC201A    IN  HIGH        LEVEL VALIDATION FOR ON-SITE VALIDATION, NATIONAL INSTITUTE OF STD & TECH.     
                                                                                                                        
                                                                                                                        
 FOR OFFICIAL USE ONLY            COBOL 85 VERSION 4.2, Apr  1993 SSVG                        COPYRIGHT   1985          
                                                                                                                        
                                                                                                                        
 FEATURE              PASS  PARAGRAPH-NAME                                                 REMARKS                      
 TESTED               FAIL                                                                                              
                                                                                                                        
 ***********************************************************************************************************************
 PERFORM UNTIL        PASS  PFM-TEST-F3-1                                                                               
 PERFORM UNTIL        PASS  PFM-TEST-F3-2                                                                               
 PERFORM VARYING      PASS  PFM-TEST-F4-1                                                                               
 PERFORM VARYING      PASS  PFM-TEST-F4-2                                                                               
 PERFORM VARYING      PASS  PFM-TEST-F4-3                                                                               
 PERFORM VARYING      PASS  PFM-TEST-F4-4                                                                               
 PERFORM VARYING      PASS  PFM-TEST-F3-3                                                                               
 PERFORM VARYING      PASS  PFM-TEST-F4-5                                                                               
 PERFORM VARYING      PASS  PFM-TEST-F4-6                                                                               
 PERFORM VARYING      PASS  PFM-TEST-F4-7                                                                               
 PERFORM VARYING      PASS  PFM-TEST-F4-8                                                                               
 PERFORM VARYING      PASS  PFM-TEST-F4-9                                                                               
 PERFORM VARYING      PASS  PFM-TEST-F4-10                                                                              
 PERFORM VARYING      PASS  PFM-TEST-F4-11                                                                              
 PERFORM VARYING      PASS  PFM-TEST-F4-12                                                                              
 PERFORM VARYING      PASS  PFM-TEST-F3-4                                                                               
 PERFORM VARYING      PASS  PFM-TEST-F3-5                                                                               
 PERFORM VARYING      PASS  PFM-TEST-F3-6                                                                               
 PERFORM VARYING      PASS  PFM-TEST-F3-7                                                                               
 PERFORM VARYING      PASS  PFM-TEST-F3-8                                                                               
 PERFORM VARYING      PASS  PFM-TEST-F3-9                                                                               
 PERFORM VARYING      PASS  PFM-TEST-F4-13                                                                              
 PERFORM VARYING      PASS  PFM-TEST-F4-14-1   .01                                                                      
 PERFORM VARYING      PASS  PFM-TEST-F4-14-2   .02                                                                      
 PERFORM VARYING      PASS  PFM-TEST-F4-15     .01                                                                      
 PERFORM VARYING      PASS  PFM-TEST-F4-15     .02                                                                      
 PERFORM VARYING      PASS  PFM-TEST-F4-16     .01                                                                      
 PERFORM VARYING      PASS  PFM-TEST-F4-16     .02                                                                      
 PERFORM VARYING      PASS  PFM-TEST-F4-16     .03                                                                      
 PERFORM VARYING      PASS  PFM-TEST-F4-16     .04                                                                      
 PERFORM VARYING      PASS  PFM-TEST-F4-16     .05                                                                      
 PERFORM VARYING      PASS  PFM-TEST-F4-16     .06                                                                      
 PERFORM VARYING      PASS  PFM-TEST-F4-16     .07                                                                      
 PERFORM VARYING      PASS  PFM-TEST-F4-16     .08                                                                      
 PERFORM VARYING      PASS  PFM-TEST-F4-16     .09                                                                      
 PERFORM VARYING      PASS  PFM-TEST-F4-17     .01                                                                                                                                                                                              
 FEATURE              PASS  PARAGRAPH-NAME                                                 REMARKS                      
 TESTED               FAIL                                                                                              
                                                                                                                        
 ***********************************************************************************************************************
 PERFORM VARYING      PASS  PFM-TEST-F4-17     .02                                                                      
 PERFORM VARYING      PASS  PFM-TEST-F4-17     .03                                                                      
 PERFORM VARYING      PASS  PFM-TEST-F4-17     .04                                                                      
 PERFORM VARYING      PASS  PFM-TEST-F4-17     .05                                                                      
 PERFORM VARYING      PASS  PFM-TEST-F4-17     .06                                                                      
 PERFORM VARYING      PASS  PFM-TEST-F4-17     .07                                                                      
 PERFORM VARYING      PASS  PFM-TEST-F4-17     .08                                                                      
 PERFORM VARYING      PASS  PFM-TEST-F4-17     .09                                                                      
 PERFORM VARYING      PASS  PFM-TEST-F4-18     .01                                                                      
 PERFORM VARYING      PASS  PFM-TEST-F4-18     .02                                                                      
 PERFORM VARYING      PASS  PFM-TEST-F4-18     .03                                                                      
 PERFORM VARYING      PASS  PFM-TEST-F4-18     .04                                                                      
 PERFORM VARYING      PASS  PFM-TEST-F4-18     .05                                                                      
 PERFORM VARYING      PASS  PFM-TEST-F4-18     .06                                                                      
 PERFORM VARYING      PASS  PFM-TEST-F4-18     .07                                                                      
 PERFORM VARYING      PASS  PFM-TEST-F4-18     .08                                                                      
 PERFORM VARYING      PASS  PFM-TEST-F4-18     .09                                                                      
 VARYING BY FRAC.     PASS  PFM-TEST-F4-20                PERFORM VARYING                                               
 CHANGE BY INCR.      PASS  PFM-TEST-F4-21                PERFORM VARYING                                               
 CHANGE BY INCR.      PASS  PFM-TEST-F4-22                PERFORM VARYING                                               
 CHANGE BY INCR.      PASS  PFM-TEST-F4-23                                                                              
 CHANGE BY INCR.      PASS  PFM-TEST-F4-24                                                                              
 CHANGE BY INCR.      PASS  PFM-TEST-F4-24                                                                              
 ***********************************************************************************************************************
                                                                                                                        
                                                                                                                        
                                                                                                                        
                                                                                                                        
                                                    END OF TEST-  NC201A                                                
                                                                                                                        
                                                    059 OF 059  TESTS WERE EXECUTED SUCCESSFULLY                        
                                                    NO  TEST(S) FAILED                                                  
                                                    NO  TEST(S) DELETED                                                 
                                                    NO  TEST(S) REQUIRE INSPECTION                                      
 FOR OFFICIAL USE ONLY            ON-SITE VALIDATION, NATIONAL INSTITUTE OF STD & TECH.                   COPYRIGHT 1985
