
                                       OFFICIAL COBOL COMPILER VALIDATION SYSTEM                                        
                                                                                                                        
                                        CCVS85 4.2  COPY - NOT FOR DISTRIBUTION                                         
                                                                                                                        
TEST RESULT OF NC208A    IN  HIGH        LEVEL VALIDATION FOR ON-SITE VALIDATION, NATIONAL INSTITUTE OF STD & TECH.     
                                                                                                                        
                                                                                                                        
 FOR OFFICIAL USE ONLY            COBOL 85 VERSION 4.2, Apr  1993 SSVG                        COPYRIGHT   1985          
                                                                                                                        
                                                                                                                        
 FEATURE              PASS  PARAGRAPH-NAME                                                 REMARKS                      
 TESTED               FAIL                                                                                              
                                                                                                                        
 ***********************************************************************************************************************
                      PASS  PAR-TEST-F2-1                                                                               
                      PASS  PAR-TEST-F2-2                                                                               
                      PASS  PAR-TEST-F2-3                                                                               
                      PASS  PAR-TEST-F2-4                                                                               
 ***********************************************************************************************************************
                                                                                                                        
                                                                                                                        
                                                                                                                        
                                                                                                                        
 DATA-NAME QUAL       PASS                                                                                              
 DATA-NAME QUAL       PASS  QAL-TEST-F1-2                                                                               
 DATA-NAME QUAL       PASS  QAL-TEST-F1-3                                                                               
 DATA-NAME QUAL       PASS  QAL-TEST-F1-4                                                                               
 DATA-NAME QUAL       PASS  QAL-TEST-F1-5                                                                               
 DATA-NAME QUAL       PASS  QAL-TEST-F1-6                                                                               
 DATA-NAME QUAL       PASS  QAL-TEST-F1-7                                                                               
 DATA-NAME QUAL       PASS  QAL-TEST-F1-8                                                                               
 ***********************************************************************************************************************
                                                                                                                        
                                                                                                                        
                                                                                                                        
                                                                                                                        
 MOVE CORRESPONDING   PASS  MOV-TEST-F1-1-1                                                                             
 MOVE CORRESPONDING   PASS  MOV-TEST-F1-1-2                                                                             
 MOVE CORRESPONDING   PASS  MOV-TEST-F1-1-3                                                                             
 MOVE CORRESPONDING   PASS  MOV-TEST-F1-1-4                                                                             
 MOVE CORRESPONDING   PASS  MOV-TEST-F1-1-5                                                                             
 MOVE CORRESPONDING   PASS  MOV-TEST-F1-2-1                                                                             
 MOVE CORRESPONDING   PASS  MOV-TEST-F1-2-2                                                                             
 MOVE CORRESPONDING   PASS  MOV-TEST-F1-3                                                                               
 MOVE CORRESPONDING   PASS  MOV-TEST-F1-4                                                                               
 MOVE CORRESPONDING   PASS  MOV-TEST-F1-5                                                                               
 MOVE CORRESPONDING   PASS  MOV-TEST-F1-6                                                                               
 MOVE CORRESPONDING   PASS  MOV-TEST-F1-7                                                                               
 ***********************************************************************************************************************
                                                                                                                                                                                                                                                
 FEATURE              PASS  PARAGRAPH-NAME                                                 REMARKS                      
 TESTED               FAIL                                                                                              
                                                                                                                        
 ***********************************************************************************************************************
                                                                                                                        
                                                                                                                        
                                                                                                                        
 ***********************************************************************************************************************
                                                                                                                        
                                                                                                                        
                                                                                                                        
                                                                                                                        
                                                    END OF TEST-  NC208A                                                
                                                                                                                        
                                                    024 OF 024  TESTS WERE EXECUTED SUCCESSFULLY                        
                                                    NO  TEST(S) FAILED                                                  
                                                    NO  TEST(S) DELETED                                                 
                                                    NO  TEST(S) REQUIRE INSPECTION                                      
 FOR OFFICIAL USE ONLY            ON-SITE VALIDATION, NATIONAL INSTITUTE OF STD & TECH.                   COPYRIGHT 1985
