
                                       OFFICIAL COBOL COMPILER VALIDATION SYSTEM                                        
                                                                                                                        
                                        CCVS85 4.2  COPY - NOT FOR DISTRIBUTION                                         
                                                                                                                        
TEST RESULT OF NC202A    IN  HIGH        LEVEL VALIDATION FOR ON-SITE VALIDATION, NATIONAL INSTITUTE OF STD & TECH.     
                                                                                                                        
                                                                                                                        
 FOR OFFICIAL USE ONLY            COBOL 85 VERSION 4.2, Apr  1993 SSVG                        COPYRIGHT   1985          
                                                                                                                        
                                                                                                                        
 FEATURE              PASS  PARAGRAPH-NAME                                                 REMARKS                      
 TESTED               FAIL                                                                                              
                                                                                                                        
 ***********************************************************************************************************************
 ADD CORRESPONDING    PASS  ADD-TEST-F3-1                                                                               
 ADD CORRESPONDING    PASS  ADD-TEST-F3-2                                                                               
 ADD CORRESPONDING    PASS  ADD-TEST-F3-3-1                                                                             
 ADD CORRESPONDING    PASS  ADD-TEST-F3-3-2                                                                             
 ADD CORRESPONDING    PASS  ADD-TEST-F3-4                                                                               
 ADD CORRESPONDING    PASS  ADD-TEST-F3-5-1                                                                             
 ADD CORRESPONDING    PASS  ADD-TEST-F3-5-2                                                                             
 ADD CORRESPONDING    PASS  ADD-TEST-F3-5-3                                                                             
 ADD CORRESPONDING    PASS  ADD-TEST-F3-5-4                                                                             
 ADD CORRESPONDING    PASS  ADD-TEST-F3-6                                                                               
 ADD CORRESPONDING    PASS  ADD-TEST-F3-7-1                                                                             
 ADD CORRESPONDING    PASS  ADD-TEST-F3-7-2                                                                             
 ADD CORRESPONDING    PASS  ADD-TEST-F3-7-3                                                                             
 ADD CORRESPONDING    PASS  ADD-TEST-F3-7-4                                                                             
 ADD CORRESPONDING    PASS  ADD-TEST-F3-7-5                                                                             
 ADD CORRESPONDING    PASS  ADD-TEST-F3-8-1                                                                             
 ADD CORRESPONDING    PASS  ADD-TEST-F3-8-2                                                                             
 ADD CORRESPONDING    PASS  ADD-TEST-F3-9-1                                                                             
 ADD CORRESPONDING    PASS  ADD-TEST-F3-9-2                                                                             
 ADD CORRESPONDING    PASS  ADD-TEST-F3-9-3                                                                             
 ADD CORRESPONDING    PASS  ADD-TEST-F3-10-1                                                                            
 ADD CORRESPONDING    PASS  ADD-TEST-F3-10-2                                                                            
 ADD CORRESPONDING    PASS  ADD-TEST-F3-10-3                                                                            
 ADD CORRESPONDING    PASS  ADD-TEST-F3-11-1                                                                            
 ADD CORRESPONDING    PASS  ADD-TEST-F3-11-2                                                                            
 ADD CORRESPONDING    PASS  ADD-TEST-F3-12                                                                              
 ADD CORRESPONDING    PASS  ADD-TEST-F3-13                                                                              
 ADD CORRESPONDING    PASS  ADD-TEST-F3-14-0   .01                                                                      
 ADD CORRESPONDING    PASS  ADD-TEST-F3-14-2   .02                                                                      
 ADD CORRESPONDING    PASS  ADD-TEST-F3-14-3   .03                                                                      
 ADD CORRESPONDING    PASS  ADD-TEST-F3-14-4   .04                                                                      
 ADD CORRESPONDING    PASS  ADD-TEST-F3-15-1   .01                                                                      
 ADD CORRESPONDING    PASS  ADD-TEST-F3-15-2   .02                                                                      
 ADD CORRESPONDING    PASS  ADD-TEST-F3-15-3   .03                                                                      
 ADD CORRESPONDING    PASS  ADD-TEST-F3-15-4   .04                                                                      
 ADD CORRESPONDING    PASS  ADD-TEST-F3-16-1   .01                                                                                                                                                                                              
 FEATURE              PASS  PARAGRAPH-NAME                                                 REMARKS                      
 TESTED               FAIL                                                                                              
                                                                                                                        
 ***********************************************************************************************************************
 ADD CORRESPONDING    PASS  ADD-TEST-F3-16-2   .02                                                                      
 ADD CORRESPONDING    PASS  ADD-TEST-F3-16-3   .03                                                                      
 ADD CORRESPONDING    PASS  ADD-TEST-F3-16-4   .04                                                                      
 ADD CORRESPONDING    PASS  ADD-TEST-F3-17-1   .01                                                                      
 ADD CORRESPONDING    PASS  ADD-TEST-F3-17-2   .02                                                                      
 ADD CORRESPONDING    PASS  ADD-TEST-F3-17-3   .03                                                                      
 ADD CORRESPONDING    PASS  ADD-TEST-F3-17-4   .04                                                                      
 ADD CORRESPONDING    PASS  ADD-TEST-F3-18-1   .01                                                                      
 ADD CORRESPONDING    PASS  ADD-TEST-F3-18-2   .02                                                                      
 ADD CORRESPONDING    PASS  ADD-TEST-F3-18-3   .03                                                                      
 ADD CORRESPONDING    PASS  ADD-TEST-F3-18-4   .04                                                                      
 ADD CORRESPONDING    PASS  ADD-TEST-F3-19-1   .01                                                                      
 ADD CORRESPONDING    PASS  ADD-TEST-F3-19-2   .02                                                                      
 ADD CORRESPONDING    PASS  ADD-TEST-F3-19-3   .03                                                                      
 ADD CORRESPONDING    PASS  ADD-TEST-F3-19-4   .04                                                                      
 ADD CORRESPONDING    PASS  ADD-TEST-F3-19-5   .05                                                                      
 ADD CORRESPONDING    PASS  ADD-TEST-F3-20-1   .01                                                                      
 ADD CORRESPONDING    PASS  ADD-TEST-F3-20-2   .02                                                                      
 ADD CORRESPONDING    PASS  ADD-TEST-F3-20-3   .03                                                                      
 ADD CORRESPONDING    PASS  ADD-TEST-F3-20-4   .04                                                                      
 ADD CORRESPONDING    PASS  ADD-TEST-F3-20-5   .05                                                                      
 ADD CORRESPONDING    PASS  ADD-TEST-F3-21-1   .02                                                                      
 ADD CORRESPONDING    PASS  ADD-TEST-F3-21-2   .03                                                                      
 ADD CORRESPONDING    PASS  ADD-TEST-F3-21-3   .04                                                                      
 ADD CORRESPONDING    PASS  ADD-TEST-F3-21-4   .05                                                                      
 ADD CORRESPONDING    PASS  ADD-TEST-F3-21-5   .06                                                                      
 ADD CORRESPONDING    PASS  ADD-TEST-F3-22-0                                                                            
 ADD CORRESPONDING    PASS  ADD-TEST-F3-22-1   .01                                                                      
 ADD CORRESPONDING    PASS  ADD-TEST-F3-22-2   .02                                                                      
 ADD CORRESPONDING    PASS  ADD-TEST-F3-22-3   .03                                                                      
 ADD CORRESPONDING    PASS  ADD-TEST-F3-22-4   .04                                                                      
 ADD CORRESPONDING    PASS  ADD-TEST-F3-23-0                                                                            
 ADD CORRESPONDING    PASS  ADD-TEST-F3-23-2   .01                                                                      
 ADD CORRESPONDING    PASS  ADD-TEST-F3-23-3   .02                                                                      
 ADD CORRESPONDING    PASS  ADD-TEST-F3-23-4   .03                                                                      
 ADD CORRESPONDING    PASS  ADD-TEST-F3-23-5   .04                                                                      
 ADD CORRESPONDING    PASS  ADD-TEST-F3-24-1   .01                                                                      
 ADD CORRESPONDING    PASS  ADD-TEST-F3-24-2   .02                                                                      
 ADD CORRESPONDING    PASS  ADD-TEST-F3-24-3   .03                                                                      
 ADD CORRESPONDING    PASS  ADD-TEST-F3-24-4   .04                                                                      
 ADD CORRESPONDING    PASS  ADD-TEST-F3-24-5   .05                                                                      
 ***********************************************************************************************************************
                                                                                                                        
                                                                                                                        
                                                                                                                        
                                                                                                                        
                                                    END OF TEST-  NC202A                                                
                                                                                                                        
                                                    077 OF 077  TESTS WERE EXECUTED SUCCESSFULLY                        
                                                    NO  TEST(S) FAILED                                                  
                                                    NO  TEST(S) DELETED                                                                                                                                                                         
 FEATURE              PASS  PARAGRAPH-NAME                                                 REMARKS                      
 TESTED               FAIL                                                                                              
                                                                                                                        
 ***********************************************************************************************************************
                                                    NO  TEST(S) REQUIRE INSPECTION                                      
 FOR OFFICIAL USE ONLY            ON-SITE VALIDATION, NATIONAL INSTITUTE OF STD & TECH.                   COPYRIGHT 1985
