
                                       OFFICIAL COBOL COMPILER VALIDATION SYSTEM                                        
                                                                                                                        
                                        CCVS85 4.2  COPY - NOT FOR DISTRIBUTION                                         
                                                                                                                        
TEST RESULT OF NC204M    IN  HIGH        LEVEL VALIDATION FOR ON-SITE VALIDATION, NATIONAL INSTITUTE OF STD & TECH.     
                                                                                                                        
                                                                                                                        
 FOR OFFICIAL USE ONLY            COBOL 85 VERSION 4.2, Apr  1993 SSVG                        COPYRIGHT   1985          
                                                                                                                        
                                                                                                                        
 FEATURE              PASS  PARAGRAPH-NAME                                                 REMARKS                      
 TESTED               FAIL                                                                                              
                                                                                                                        
 ***********************************************************************************************************************
                                                                                                                        
                                                          SEE NOTE IN DIS-INIT-GF.                                      
                                                                                                                        
                                                                                                                        
 DISPLAY UPON               DIS-TEST-GF-1                                                                               
*** INFORMATION ***        SEE BELOW                SEE BELOW           VI-78 6.10                                      
                                                                                                                        
                                                                                                                        
                                                          CORRECT DATA FOLLOWS                                          
                                                                                                                        
ALPHABETIC                                                                                                              
                                                                                                                        
 DISPLAY UPON               DIS-TEST-GF-1                 END CORRECT DATA                                              
*** INFORMATION ***        SEE ABOVE                SEE ABOVE           VI-78 6.10                                      
                                                                                                                        
                                                                                                                        
 DISPLAY UPON               DIS-TEST-GF-2                                                                               
*** INFORMATION ***        SEE BELOW                SEE BELOW           VI-78 6.10                                      
                                                                                                                        
                                                                                                                        
                                                          CORRECT DATA FOLLOWS                                          
                                                                                                                        
ALPHABETIC LITERAL                                                                                                      
                                                                                                                        
 DISPLAY UPON               DIS-TEST-GF-2                 END CORRECT DATA                                              
*** INFORMATION ***        SEE ABOVE                SEE ABOVE           VI-78 6.10                                      
                                                                                                                        
                                                                                                                        
 DISPLAY UPON               DIS-TEST-GF-3                                                                               
*** INFORMATION ***        SEE BELOW                SEE BELOW           VI-78 6.10                                      
                                                                                                                        
                                                                                                                        
                                                          CORRECT DATA FOLLOWS                                          
                                                                                                                        
0123456789                                                                                                              
                                                                                                                        
 DISPLAY UPON               DIS-TEST-GF-3                 END CORRECT DATA                                              
*** INFORMATION ***        SEE ABOVE                SEE ABOVE           VI-78 6.10                                      
                                                                                                                        
                                                                                                                        
 DISPLAY UPON               DIS-TEST-GF-4                                                                               
*** INFORMATION ***        SEE BELOW                SEE BELOW           VI-78 6.10                                      
                                                                                                                        
                                                                                                                        
                                                          CORRECT DATA FOLLOWS                                          
                                                                                                                        
9876543210                                                                                                              
                                                                                                                        
 DISPLAY UPON               DIS-TEST-GF-4                 END CORRECT DATA                                              
*** INFORMATION ***        SEE ABOVE                SEE ABOVE           VI-78 6.10                                                                                                                                                              
 FEATURE              PASS  PARAGRAPH-NAME                                                 REMARKS                      
 TESTED               FAIL                                                                                              
                                                                                                                        
 ***********************************************************************************************************************
                                                                                                                        
                                                                                                                        
 DISPLAY UPON               DIS-TEST-GF-5                                                                               
*** INFORMATION ***        SEE BELOW                SEE BELOW           VI-78 6.10                                      
                                                                                                                        
                                                                                                                        
                                                          CORRECT DATA FOLLOWS                                          
                                                                                                                        
A1B2C3D4E5                                                                                                              
                                                                                                                        
 DISPLAY UPON               DIS-TEST-GF-5                 END CORRECT DATA                                              
*** INFORMATION ***        SEE ABOVE                SEE ABOVE           VI-78 6.10                                      
                                                                                                                        
                                                                                                                        
 DISPLAY UPON               DIS-TEST-GF-6                                                                               
*** INFORMATION ***        SEE BELOW                SEE BELOW           VI-78 6.10                                      
                                                                                                                        
                                                                                                                        
                                                          CORRECT DATA FOLLOWS                                          
                                                                                                                        
A1B2C3D4E5 ALPHANUMERIC LITERAL                                                                                         
                                                                                                                        
 DISPLAY UPON               DIS-TEST-GF-6                 END CORRECT DATA                                              
*** INFORMATION ***        SEE ABOVE                SEE ABOVE           VI-78 6.10                                      
                                                                                                                        
                                                                                                                        
 DISPLAY UPON               DIS-TEST-GF-7                                                                               
*** INFORMATION ***        SEE BELOW                SEE BELOW           VI-78 6.10                                      
                                                                                                                        
                                                                                                                        
                                                          CORRECT DATA FOLLOWS                                          
                                                                                                                        
ALPHABETIC0123456789A1B2C3D4E5 SERIES                                                                                   
                                                                                                                        
 DISPLAY UPON               DIS-TEST-GF-7                 END CORRECT DATA                                              
*** INFORMATION ***        SEE ABOVE                SEE ABOVE           VI-78 6.10                                      
                                                                                                                        
                                                                                                                        
 DISPLAY UPON               DIS-TEST-GF-8                                                                               
*** INFORMATION ***        SEE BELOW                SEE BELOW           VI-78 6.10                                      
                                                                                                                        
                                                                                                                        
                                                          CORRECT DATA FOLLOWS                                          
                                                                                                                        
0 "                                                                                                                     
                                                                                                                        
 DISPLAY UPON               DIS-TEST-GF-8                 END CORRECT DATA                                              
*** INFORMATION ***        SEE ABOVE                SEE ABOVE           VI-78 6.10                                      
                                                                                                                        
                                                                                                                        
 DISPLAY UPON               DIS-TEST-GF-9                                                                               
*** INFORMATION ***        SEE BELOW                SEE BELOW           VI-78 6.10                                      
                                                                                                                        
                                                                                                                        
                                                          CORRECT DATA FOLLOWS                                          
                                                                                                                        
REDEFINE-INFO                                                                                                           
                                                                                                                        
 DISPLAY UPON               DIS-TEST-GF-9                 END CORRECT DATA                                              
*** INFORMATION ***        SEE ABOVE                SEE ABOVE           VI-78 6.10                                      
                                                                                                                        
                                                                                                                        
 DISPLAY UPON               DIS-TEST-GF-10                                                                              
*** INFORMATION ***        SEE BELOW                SEE BELOW           VI-78 6.10                                      
                                                                                                                        
                                                                                                                        
                                                          CORRECT DATA FOLLOWS                                          
                                                                                                                                                                                                                                                
 FEATURE              PASS  PARAGRAPH-NAME                                                 REMARKS                      
 TESTED               FAIL                                                                                              
                                                                                                                        
 ***********************************************************************************************************************
D001*002*003*004*005*006*007*008*009*010*011*012*013*014*015*016*017*018*019*020*021*022*023*024*025                    
*026*027*028*029*030*031*032*033*034*035*036*037*038*039*040*041*042*043*044*045*046*047*048*049*050                    
                                                                                                                        
 DISPLAY UPON               DIS-TEST-GF-10                END CORRECT DATA                                              
*** INFORMATION ***        SEE ABOVE                SEE ABOVE           VI-78 6.10                                      
                                                                                                                        
                                                                                                                        
 DISPLAY UPON               DIS-TEST-GF-11                                                                              
*** INFORMATION ***        SEE BELOW                SEE BELOW           VI-78 6.10                                      
                                                                                                                        
                                                                                                                        
                                                          CORRECT DATA FOLLOWS                                          
                                                                                                                        
ABCDEFGHIJKLMNOPQRSTUVWXYZ                                                                                              
0123456789                                                                                                              
ABCDEFGHIJKLMNOPQRSTUVWXYZ+-<>=l,:.()/* 0123456789                                                                      
                                                                                                                        
 DISPLAY UPON               DIS-TEST-GF-11                END CORRECT DATA                                              
*** INFORMATION ***        SEE ABOVE                SEE ABOVE           VI-78 6.10                                      
                                                                                                                        
                                                                                                                        
 DISPLAY UPON               DIS-TEST-GF-12                                                                              
*** INFORMATION ***        SEE BELOW                SEE BELOW           VI-78 6.10                                      
                                                                                                                        
                                                                                                                        
                                                          CORRECT DATA FOLLOWS                                          
                                                                                                                        
UTSRQPONMLKJIHGFEDCBA                                                                                                   
                                                                                                                        
 DISPLAY UPON               DIS-TEST-GF-12                END CORRECT DATA                                              
*** INFORMATION ***        SEE ABOVE                SEE ABOVE           VI-78 6.10                                      
                                                                                                                        
                                                                                                                        
 DISPLAY UPON               DIS-TEST-GF-13                                                                              
*** INFORMATION ***        SEE BELOW                SEE BELOW           VI-78 6.10                                      
                                                                                                                        
                                                                                                                        
                                                          CORRECT DATA FOLLOWS                                          
                                                                                                                        
ABCDEFGHIJKLMNOPQRSTU                                                                                                   
                                                                                                                        
 DISPLAY UPON               DIS-TEST-GF-13                END CORRECT DATA                                              
*** INFORMATION ***        SEE ABOVE                SEE ABOVE           VI-78 6.10                                      
                                                                                                                        
                                                                                                                        
 DISPLAY UPON               DIS-TEST-GF-14                SEE NOTE IN DIS-TEST-GF-14                                    
*** INFORMATION ***        SEE BELOW                SEE BELOW           VI-78 6.10                                      
                                                                                                                        
                                                                                                                        
                                                          CORRECT DATA FOLLOWS                                          
                                                                                                                        
QUOTE " ASTERISK * NUMERIC LITERALS 21 1325 IDENTIFIER DATA A B C D E 1 2 3 4 5 (TOTAL 21 OPERANDS) END OF DATA         
                                                                                                                        
 DISPLAY UPON               DIS-TEST-GF-14                END CORRECT DATA                                              
*** INFORMATION ***        SEE ABOVE                SEE ABOVE           VI-78 6.10                                      
                                                                                                                        
 DISPLAY UPON               DIS-TEST-GF-15                PLEASE PERFORM A VISUAL CHECK ON THE POSITIONING              
 DISPLAY UPON                                             OF THE HARDWARE DEVICE AFTER THIS TEST.                       
                                                                                                                        
 DISPLAY UPON                                                                                                           
*** INFORMATION ***        SEE BELOW                SEE BELOW           VI-79 6.10.4 GR8                                
                                                                                                                        
                                                                                                                        
                                                          CORRECT DATA FOLLOWS                                          
                                                                                                                        
9876543210                                                                                                              
                                                                                                                                                                                                                                                
 FEATURE              PASS  PARAGRAPH-NAME                                                 REMARKS                      
 TESTED               FAIL                                                                                              
                                                                                                                        
 ***********************************************************************************************************************
 DISPLAY UPON                                             END CORRECT DATA                                              
*** INFORMATION ***        SEE ABOVE                SEE ABOVE           VI-79 6.10.4 GR8                                
                                                                                                                        
 DISPLAY UPON               DIS-TEST-GF-16                PLEASE PERFORM A VISUAL CHECK ON THE POSITIONING              
 DISPLAY UPON                                             OF THE HARDWARE DEVICE AFTER THIS TEST.                       
                                                                                                                        
 DISPLAY UPON                                                                                                           
*** INFORMATION ***        SEE BELOW                SEE BELOW           VI-79 6.10.4 GR8                                
                                                                                                                        
                                                                                                                        
                                                          CORRECT DATA FOLLOWS                                          
                                                                                                                        
ALPHABETIC0123456789A1B2C3D4E5 SERIES                                                                                   
                                                                                                                        
 DISPLAY UPON               DIS-TEST-GF-16                END CORRECT DATA                                              
*** INFORMATION ***        SEE ABOVE                SEE ABOVE           VI-79 6.10.4 GR8                                
                                                                                                                        
 ACCEPT               PASS  ACC-TEST-F1-1                                                                               
 ACCEPT               PASS  ACC-TEST-F1-2                                                                               
 ACCEPT               PASS  ACC-TEST-F1-3                                                                               
 ACCEPT               PASS  ACC-TEST-F1-4                                                                               
 ACCEPT               PASS  ACC-TEST-F1-5                                                                               
 ACCEPT               PASS  ACC-TEST-F1-6                                                                               
 ACCEPT               PASS  ACC-TEST-F1-7                                                                               
 ACCEPT               PASS  ACC-TEST-F1-8                                                                               
 ACCEPT               PASS  ACC-TEST-F1-9                                                                               
 ACCEPT               PASS  ACC-TEST-F1-10                                                                              
 ACCEPT               PASS  ACC-TEST-F1-11                                                                              
 ACCEPT               PASS  ACC-TEST-F1-12                                                                              
 ACCEPT               PASS  ACC-TEST-F1-13                                                                              
 ACCEPT                     ACC-TEST-F1-14-1              PLEASE PERFORM A VISUAL CHECK TO ENSURE THAT                  
 ACCEPT                                                   A REQUEST FOR FURTHER INPUT IS MADE BY THE                    
 ACCEPT                                                   HARDWARE DEVICE                                               
 ACCEPT               PASS  ACC-TEST-F1-14-1                                                                            
 ACCEPT               PASS  ACC-TEST-F1-14-2                                                                            
 ***********************************************************************************************************************
                                                                                                                        
                                                                                                                        
                                                                                                                        
                                                                                                                        
                                                    END OF TEST-  NC204M                                                
                                                                                                                        
                                                    015 OF 015  TESTS WERE EXECUTED SUCCESSFULLY                        
                                                    NO  TEST(S) FAILED                                                  
                                                    NO  TEST(S) DELETED                                                 
                                                    NO  TEST(S) REQUIRE INSPECTION                                      
 FOR OFFICIAL USE ONLY            ON-SITE VALIDATION, NATIONAL INSTITUTE OF STD & TECH.                   COPYRIGHT 1985
