
                                       OFFICIAL COBOL COMPILER VALIDATION SYSTEM                                        
                                                                                                                        
                                        CCVS85 4.2  COPY - NOT FOR DISTRIBUTION                                         
                                                                                                                        
TEST RESULT OF NC223A    IN  HIGH        LEVEL VALIDATION FOR ON-SITE VALIDATION, NATIONAL INSTITUTE OF STD & TECH.     
                                                                                                                        
                                                                                                                        
 FOR OFFICIAL USE ONLY            COBOL 85 VERSION 4.2, Apr  1993 SSVG                        COPYRIGHT   1985          
                                                                                                                        
                                                                                                                        
 FEATURE              PASS  PARAGRAPH-NAME                                                 REMARKS                      
 TESTED               FAIL                                                                                              
                                                                                                                        
 ***********************************************************************************************************************
 INITIALIZE STATEMENT PASS  INI-TEST-GF-1-1    .01                                                                      
 INITIALIZE STATEMENT PASS  INI-TEST-GF-1-2    .02                                                                      
 INITIALIZE STATEMENT PASS  INI-TEST-GF-1-3    .03                                                                      
 INITIALIZE STATEMENT PASS  INI-TEST-GF-1-4    .04                                                                      
 INITIALIZE STATEMENT PASS  INI-TEST-GF-1-5    .05                                                                      
 INITIALIZE STATEMENT PASS  INI-TEST-GF-1-6    .06                                                                      
 INITIALIZE STATEMENT PASS  INI-TEST-GF-1-7    .07                                                                      
 INITIALIZE STATEMENT PASS  INI-TEST-GF-1-8    .08                                                                      
 INITIALIZE STATEMENT PASS  INI-TEST-GF-1-9    .09                                                                      
 INITIALIZE STATEMENT PASS  INI-TEST-GF-1-10   .10                                                                      
 INITIALIZE STATEMENT PASS  INI-TEST-GF-2-1    .01                                                                      
 INITIALIZE STATEMENT PASS  INI-TEST-GF-2-2    .02                                                                      
 INITIALIZE STATEMENT PASS  INI-TEST-GF-2-3    .03                                                                      
 INITIALIZE STATEMENT PASS  INI-TEST-GF-2-4    .04                                                                      
 INITIALIZE STATEMENT PASS  INI-TEST-GF-2-5    .05                                                                      
 INITIALIZE STATEMENT PASS  INI-TEST-GF-2-6    .06                                                                      
 INITIALIZE STATEMENT PASS  INI-TEST-GF-2-7    .07                                                                      
 INITIALIZE STATEMENT PASS  INI-TEST-GF-2-8    .08                                                                      
 INITIALIZE STATEMENT PASS  INI-TEST-GF-2-9    .09                                                                      
 INITIALIZE STATEMENT PASS  INI-TEST-GF-2-10   .10                                                                      
 INITIALIZE STATEMENT PASS  INI-TEST-GF-3-1    .01                                                                      
 INITIALIZE STATEMENT PASS  INI-TEST-GF-3-2    .02                                                                      
 INITIALIZE STATEMENT PASS  INI-TEST-GF-3-3    .03                                                                      
 INITIALIZE STATEMENT PASS  INI-TEST-GF-3-4    .04                                                                      
 INITIALIZE STATEMENT PASS  INI-TEST-GF-3-5    .05                                                                      
 INITIALIZE STATEMENT PASS  INI-TEST-GF-3-6    .06                                                                      
 INITIALIZE STATEMENT PASS  INI-TEST-GF-3-7    .07                                                                      
 INITIALIZE STATEMENT PASS  INI-TEST-GF-3-8    .08                                                                      
 INITIALIZE STATEMENT PASS  INI-TEST-GF-3-9    .09                                                                      
 INITIALIZE STATEMENT PASS  INI-TEST-GF-3-10   .10                                                                      
 INITIALIZE STATEMENT PASS  INI-TEST-GF-4-1    .01                                                                      
 INITIALIZE STATEMENT PASS  INI-TEST-GF-4-2    .02                                                                      
 INITIALIZE STATEMENT PASS  INI-TEST-GF-4-3    .03                                                                      
 INITIALIZE STATEMENT PASS  INI-TEST-GF-4-4    .04                                                                      
 INITIALIZE STATEMENT PASS  INI-TEST-GF-4-5    .05                                                                      
 INITIALIZE STATEMENT PASS  INI-TEST-GF-4-6    .06                                                                                                                                                                                              
 FEATURE              PASS  PARAGRAPH-NAME                                                 REMARKS                      
 TESTED               FAIL                                                                                              
                                                                                                                        
 ***********************************************************************************************************************
 INITIALIZE STATEMENT PASS  INI-TEST-GF-4-7    .07                                                                      
 INITIALIZE STATEMENT PASS  INI-TEST-GF-4-8    .08                                                                      
 INITIALIZE STATEMENT PASS  INI-TEST-GF-4-9    .09                                                                      
 INITIALIZE STATEMENT PASS  INI-TEST-GF-4-10   .10                                                                      
 INITIALIZE STATEMENT PASS  INI-TEST-GF-5-1    .01                                                                      
 INITIALIZE STATEMENT PASS  INI-TEST-GF-5-2    .02                                                                      
 INITIALIZE STATEMENT PASS  INI-TEST-GF-5-3    .03                                                                      
 INITIALIZE STATEMENT PASS  INI-TEST-GF-5-4    .04                                                                      
 INITIALIZE STATEMENT PASS  INI-TEST-GF-5-5    .05                                                                      
 INITIALIZE STATEMENT PASS  INI-TEST-GF-5-6    .06                                                                      
 INITIALIZE STATEMENT PASS  INI-TEST-GF-5-7    .07                                                                      
 INITIALIZE STATEMENT PASS  INI-TEST-GF-5-8    .08                                                                      
 INITIALIZE STATEMENT PASS  INI-TEST-GF-5-9    .09                                                                      
 INITIALIZE STATEMENT PASS  INI-TEST-GF-5-10   .10                                                                      
 INITIALIZE STATEMENT PASS  INI-TEST-GF-6-1    .01                                                                      
 INITIALIZE STATEMENT PASS  INI-TEST-GF-6-2    .02                                                                      
 INITIALIZE STATEMENT PASS  INI-TEST-GF-6-3    .03                                                                      
 INITIALIZE STATEMENT PASS  INI-TEST-GF-6-4    .04                                                                      
 INITIALIZE STATEMENT PASS  INI-TEST-GF-6-5    .05                                                                      
 INITIALIZE STATEMENT PASS  INI-TEST-GF-6-6    .06                                                                      
 INITIALIZE STATEMENT PASS  INI-TEST-GF-6-7    .07                                                                      
 INITIALIZE STATEMENT PASS  INI-TEST-GF-6-8    .08                                                                      
 INITIALIZE STATEMENT PASS  INI-TEST-GF-6-9    .09                                                                      
 INITIALIZE STATEMENT PASS  INI-TEST-GF-6-10   .10                                                                      
 INITIALIZE STATEMENT PASS  INI-TEST-GF-7-1    .01                                                                      
 INITIALIZE STATEMENT PASS  INI-TEST-GF-7-2    .02                                                                      
 INITIALIZE STATEMENT PASS  INI-TEST-GF-7-3    .03                                                                      
 INITIALIZE STATEMENT PASS  INI-TEST-GF-7-4    .04                                                                      
 INITIALIZE STATEMENT PASS  INI-TEST-GF-7-5    .05                                                                      
 INITIALIZE STATEMENT PASS  INI-TEST-GF-7-6    .06                                                                      
 INITIALIZE STATEMENT PASS  INI-TEST-GF-7-7    .07                                                                      
 INITIALIZE STATEMENT PASS  INI-TEST-GF-7-8    .08                                                                      
 INITIALIZE STATEMENT PASS  INI-TEST-GF-7-9    .09                                                                      
 INITIALIZE STATEMENT PASS  INI-TEST-GF-7-10   .10                                                                      
 INITIALIZE STATEMENT PASS  INI-TEST-GF-8-1    .01                                                                      
 INITIALIZE STATEMENT PASS  INI-TEST-GF-8-2    .02                                                                      
 INITIALIZE STATEMENT PASS  INI-TEST-GF-8-3    .03                                                                      
 INITIALIZE STATEMENT PASS  INI-TEST-GF-8-4    .04                                                                      
 INITIALIZE STATEMENT PASS  INI-TEST-GF-8-5    .05                                                                      
 INITIALIZE STATEMENT PASS  INI-TEST-GF-8-6    .06                                                                      
 INITIALIZE STATEMENT PASS  INI-TEST-GF-8-7    .07                                                                      
 INITIALIZE STATEMENT PASS  INI-TEST-GF-8-8    .08                                                                      
 INITIALIZE STATEMENT PASS  INI-TEST-GF-8-9    .09                                                                      
 INITIALIZE STATEMENT PASS  INI-TEST-GF-8-10   .10                                                                      
 INITIALIZE STATEMENT PASS  INI-TEST-GF-8-11   .11                                                                      
 INITIALIZE STATEMENT PASS  INI-TEST-GF-8-12   .12                                                                      
 INITIALIZE STATEMENT PASS  INI-TEST-GF-9-1    .01                                                                      
 INITIALIZE STATEMENT PASS  INI-TEST-GF-9-2    .02                                                                      
 INITIALIZE STATEMENT PASS  INI-TEST-GF-9-3    .03                                                                      
 INITIALIZE STATEMENT PASS  INI-TEST-GF-9-4    .04                                                                      
 INITIALIZE STATEMENT PASS  INI-TEST-GF-9-5    .05                                                                                                                                                                                              
 FEATURE              PASS  PARAGRAPH-NAME                                                 REMARKS                      
 TESTED               FAIL                                                                                              
                                                                                                                        
 ***********************************************************************************************************************
 INITIALIZE STATEMENT PASS  INI-TEST-GF-9-6    .06                                                                      
 INITIALIZE STATEMENT PASS  INI-TEST-GF-9-7    .07                                                                      
 INITIALIZE STATEMENT PASS  INI-TEST-GF-9-8    .08                                                                      
 INITIALIZE STATEMENT PASS  INI-TEST-GF-9-9    .09                                                                      
 INITIALIZE STATEMENT PASS  INI-TEST-GF-9-10   .10                                                                      
 INITIALIZE STATEMENT PASS  INI-TEST-GF-9-11   .11                                                                      
 INITIALIZE STATEMENT PASS  INI-TEST-GF-9-12   .12                                                                      
 ***********************************************************************************************************************
                                                                                                                        
                                                                                                                        
                                                                                                                        
                                                                                                                        
                                                    END OF TEST-  NC223A                                                
                                                                                                                        
                                                    094 OF 094  TESTS WERE EXECUTED SUCCESSFULLY                        
                                                    NO  TEST(S) FAILED                                                  
                                                    NO  TEST(S) DELETED                                                 
                                                    NO  TEST(S) REQUIRE INSPECTION                                      
 FOR OFFICIAL USE ONLY            ON-SITE VALIDATION, NATIONAL INSTITUTE OF STD & TECH.                   COPYRIGHT 1985
