
                                       OFFICIAL COBOL COMPILER VALIDATION SYSTEM                                        
                                                                                                                        
                                        CCVS85 4.2  COPY - NOT FOR DISTRIBUTION                                         
                                                                                                                        
TEST RESULT OF NC225A    IN  HIGH        LEVEL VALIDATION FOR ON-SITE VALIDATION, NATIONAL INSTITUTE OF STD & TECH.     
                                                                                                                        
                                                                                                                        
 FOR OFFICIAL USE ONLY            COBOL 85 VERSION 4.2, Apr  1993 SSVG                        COPYRIGHT   1985          
                                                                                                                        
                                                                                                                        
 FEATURE              PASS  PARAGRAPH-NAME                                                 REMARKS                      
 TESTED               FAIL                                                                                              
                                                                                                                        
 ***********************************************************************************************************************
 EVALUATE STATEMENT   PASS  EVA-TEST-GF-1-1    .01                                                                      
 EVALUATE STATEMENT   PASS  EVA-TEST-GF-1-2    .02                                                                      
 EVALUATE STATEMENT   PASS  EVA-TEST-GF-2-1    .01                                                                      
 EVALUATE STATEMENT   PASS  EVA-TEST-GF-2-2    .02                                                                      
 EVALUATE STATEMENT   PASS  EVA-TEST-GF-3-1    .01                                                                      
 EVALUATE STATEMENT   PASS  EVA-TEST-GF-3-2    .02                                                                      
 EVALUATE STATEMENT   PASS  EVA-TEST-GF-4-1    .01                                                                      
 EVALUATE STATEMENT   PASS  EVA-TEST-GF-4-2    .02                                                                      
 EVALUATE STATEMENT   PASS  EVA-TEST-GF-5-1    .01                                                                      
 EVALUATE STATEMENT   PASS  EVA-TEST-GF-5-2    .02                                                                      
 EVALUATE STATEMENT   PASS  EVA-TEST-GF-6-1    .01                                                                      
 EVALUATE STATEMENT   PASS  EVA-TEST-GF-6-2    .02                                                                      
 EVALUATE STATEMENT   PASS  EVA-TEST-GF-7-1    .01                                                                      
 EVALUATE STATEMENT   PASS  EVA-TEST-GF-7-2    .02                                                                      
 EVALUATE STATEMENT   PASS  EVA-TEST-GF-8-1    .01                                                                      
 EVALUATE STATEMENT   PASS  EVA-TEST-GF-8-2    .02                                                                      
 EVALUATE STATEMENT   PASS  EVA-TEST-GF-9-1    .01                                                                      
 EVALUATE STATEMENT   PASS  EVA-TEST-GF-9-2    .02                                                                      
 EVALUATE STATEMENT   PASS  EVA-TEST-GF-10-1   .01                                                                      
 EVALUATE STATEMENT   PASS  EVA-TEST-GF-10-2   .02                                                                      
 EVALUATE STATEMENT   PASS  EVA-TEST-GF-11-1   .01                                                                      
 EVALUATE STATEMENT   PASS  EVA-TEST-GF-11-2   .02                                                                      
 EVALUATE STATEMENT   PASS  EVA-TEST-GF-12-1   .01                                                                      
 EVALUATE STATEMENT   PASS  EVA-TEST-GF-12-2   .02                                                                      
 EVALUATE STATEMENT   PASS  EVA-TEST-GF-13-1   .01                                                                      
 EVALUATE STATEMENT   PASS  EVA-TEST-GF-13-2   .02                                                                      
 EVALUATE STATEMENT   PASS  EVA-TEST-GF-14-1   .01                                                                      
 EVALUATE STATEMENT   PASS  EVA-TEST-GF-14-2   .02                                                                      
 EVALUATE STATEMENT   PASS  EVA-TEST-GF-15-1   .01                                                                      
 EVALUATE STATEMENT   PASS  EVA-TEST-GF-15-2   .02                                                                      
 EVALUATE STATEMENT   PASS  EVA-TEST-GF-16-1   .01                                                                      
 EVALUATE STATEMENT   PASS  EVA-TEST-GF-16-2   .02                                                                      
 EVALUATE STATEMENT   PASS  EVA-TEST-GF-17-1   .01                                                                      
 EVALUATE STATEMENT   PASS  EVA-TEST-GF-17-2   .02                                                                      
 EVALUATE STATEMENT   PASS  EVA-TEST-GF-17-3   .03                                                                      
 EVALUATE STATEMENT   PASS  EVA-TEST-GF-18-1   .01                                                                                                                                                                                              
 FEATURE              PASS  PARAGRAPH-NAME                                                 REMARKS                      
 TESTED               FAIL                                                                                              
                                                                                                                        
 ***********************************************************************************************************************
 EVALUATE STATEMENT   PASS  EVA-TEST-GF-18-2   .02                                                                      
 EVALUATE STATEMENT   PASS  EVA-TEST-GF-18-3   .03                                                                      
 EVALUATE STATEMENT   PASS  EVA-TEST-GF-19-1   .01                                                                      
 EVALUATE STATEMENT   PASS  EVA-TEST-GF-19-2   .02                                                                      
 EVALUATE STATEMENT   PASS  EVA-TEST-GF-19-3   .03                                                                      
 EVALUATE STATEMENT   PASS  EVA-TEST-GF-20-1   .01                                                                      
 EVALUATE STATEMENT   PASS  EVA-TEST-GF-20-2   .02                                                                      
 EVALUATE STATEMENT   PASS  EVA-TEST-GF-20-3   .03                                                                      
 EVALUATE STATEMENT   PASS  EVA-TEST-GF-21-1   .01                                                                      
 EVALUATE STATEMENT   PASS  EVA-TEST-GF-22-1   .01                                                                      
 EVALUATE STATEMENT   PASS  EVA-TEST-GF-23-1   .01                                                                      
 EVALUATE STATEMENT   PASS  EVA-TEST-GF-24-1   .01                                                                      
 EVALUATE STATEMENT   PASS  EVA-TEST-GF-25-1   .01                                                                      
 EVALUATE STATEMENT   PASS  EVA-TEST-GF-26-1   .01                                                                      
 EVALUATE STATEMENT   PASS  EVA-TEST-GF-27-1   .01                                                                      
 EVALUATE STATEMENT   PASS  EVA-TEST-GF-28-1   .01                                                                      
 EVALUATE STATEMENT   PASS  EVA-TEST-GF-29-1   .01                                                                      
 EVALUATE STATEMENT   PASS  EVA-TEST-GF-30-1   .01                                                                      
 EVALUATE STATEMENT   PASS  EVA-TEST-GF-31-1   .01                                                                      
 EVALUATE STATEMENT   PASS  EVA-TEST-GF-31-1   .01                                                                      
 EVALUATE STATEMENT   PASS  EVA-TEST-GF-32-1   .01                                                                      
 EVALUATE STATEMENT   PASS  EVA-TEST-GF-32-1   .02                                                                      
 EVALUATE STATEMENT   PASS  EVA-TEST-GF-33-1   .01                                                                      
 EVALUATE STATEMENT   PASS  EVA-TEST-GF-33-1   .02                                                                      
 EVALUATE STATEMENT   PASS  EVA-TEST-GF-34-1   .01                                                                      
 EVALUATE STATEMENT   PASS  EVA-TEST-GF-34-1   .02                                                                      
 EVALUATE STATEMENT   PASS  EVA-TEST-GF-35-1   .01                                                                      
 ***********************************************************************************************************************
                                                                                                                        
                                                                                                                        
                                                                                                                        
                                                                                                                        
                                                    END OF TEST-  NC225A                                                
                                                                                                                        
                                                    063 OF 063  TESTS WERE EXECUTED SUCCESSFULLY                        
                                                    NO  TEST(S) FAILED                                                  
                                                    NO  TEST(S) DELETED                                                 
                                                    NO  TEST(S) REQUIRE INSPECTION                                      
 FOR OFFICIAL USE ONLY            ON-SITE VALIDATION, NATIONAL INSTITUTE OF STD & TECH.                   COPYRIGHT 1985
