
                                       OFFICIAL COBOL COMPILER VALIDATION SYSTEM                                        
                                                                                                                        
                                        CCVS85 4.2  COPY - NOT FOR DISTRIBUTION                                         
                                                                                                                        
TEST RESULT OF NC233A    IN  HIGH        LEVEL VALIDATION FOR ON-SITE VALIDATION, NATIONAL INSTITUTE OF STD & TECH.     
                                                                                                                        
                                                                                                                        
 FOR OFFICIAL USE ONLY            COBOL 85 VERSION 4.2, Apr  1993 SSVG                        COPYRIGHT   1985          
                                                                                                                        
                                                                                                                        
 FEATURE              PASS  PARAGRAPH-NAME                                                 REMARKS                      
 TESTED               FAIL                                                                                              
                                                                                                                        
 ***********************************************************************************************************************
 SEARCH ALL-FIRST LEV PASS  CHECK-ENTRIES                                                                               
 SEARCH ALL-FIRST LEV PASS  LEVEL-1-TEST-2                                                                              
 SEARCH ALL-FIRST LEV PASS  LEVEL-1-TEST-3                                                                              
 SEARCH ALL-FIRST LEV PASS  LEVEL-1-TEST-4                                                                              
 SEARCH ALL-SEC LEVEL PASS  LEVEL-2-TEST-1                                                                              
 SEARCH ALL-SEC LEVEL PASS  LEVEL-2-TEST-2                                                                              
 SEARCH ALL-SEC LEVEL PASS  LEVEL-2-TEST-3                                                                              
 SEARCH ALL-SEC LEVEL PASS  LEVEL-2-TEST-4                                                                              
 SEARCH ALL THIRD LEV PASS  LEVEL-3-TEST-1                                                                              
 SEARCH ALL THIRD LEV PASS  LEVEL-3-TEST-2                                                                              
 SEARCH ALL THIRD LEV PASS  LEVEL-3-TEST-3                                                                              
 SEARCH ALL THIRD LEV PASS  LEVEL-3-TEST-4                                                                              
 MULTIPLE SEARCH STMT PASS  MULT-SEARCH-TEST-1                                                                          
 MULTIPLE SEARCH STMT PASS  MULT-SEARCH-7-TEST-3                                                                        
 ***********************************************************************************************************************
                                                                                                                        
                                                                                                                        
                                                                                                                        
                                                                                                                        
                                                    END OF TEST-  NC233A                                                
                                                                                                                        
                                                    014 OF 014  TESTS WERE EXECUTED SUCCESSFULLY                        
                                                    NO  TEST(S) FAILED                                                  
                                                    NO  TEST(S) DELETED                                                 
                                                    NO  TEST(S) REQUIRE INSPECTION                                      
 FOR OFFICIAL USE ONLY            ON-SITE VALIDATION, NATIONAL INSTITUTE OF STD & TECH.                   COPYRIGHT 1985
