
                                       OFFICIAL COBOL COMPILER VALIDATION SYSTEM                                        
                                                                                                                        
                                        CCVS85 4.2  COPY - NOT FOR DISTRIBUTION                                         
                                                                                                                        
TEST RESULT OF NC231A    IN  HIGH        LEVEL VALIDATION FOR ON-SITE VALIDATION, NATIONAL INSTITUTE OF STD & TECH.     
                                                                                                                        
                                                                                                                        
 FOR OFFICIAL USE ONLY            COBOL 85 VERSION 4.2, Apr  1993 SSVG                        COPYRIGHT   1985          
                                                                                                                        
                                                                                                                        
 FEATURE              PASS  PARAGRAPH-NAME                                                 REMARKS                      
 TESTED               FAIL                                                                                              
                                                                                                                        
 ***********************************************************************************************************************
 SEARCH VARYING LEV 1 PASS  CHECK-ENTRIES                                                                               
 SEARCH VARYING LEV 1 PASS  LEVEL-1-TEST-2                                                                              
 SEARCH VARYING LEV 1 PASS  LEVEL-1-TEST-3                                                                              
 SEARCH VARYING LEV 1 PASS  LEVEL-1-TEST-4                                                                              
 SEARCH VARYING LEV 2 PASS  LEVEL-2-TEST-1                                                                              
 SEARCH VARYING LEV 2 PASS  LEVEL-2-TEST-2                                                                              
 SEARCH VARYING LEV 2 PASS  LEVEL-2-TEST-3                                                                              
 SEARCH VARYING LEV 2 PASS  LEVEL-2-TEST-4                                                                              
 SEARCH VARYING LEV 3 PASS  LEVEL-3-TEST-1                                                                              
 SEARCH VARYING LEV 3 PASS  LEVEL-3-TEST-2                                                                              
 SEARCH VARYING LEV 3 PASS  LEVEL-3-TEST-3                                                                              
 SEARCH VARYING LEV 3 PASS  LEVEL-3-TEST-4                                                                              
 MULTIPLE SEARCH STMT PASS  MULT-SEARCH-TEST-1                                                                          
 MULTIPLE SEARCH STMT PASS  MULT-SEARCH-TEST-2                                                                          
 MULTIPLE SEARCH STMT PASS  MULT-SEARCH-7-TEST-3                                                                        
 IDX SET HI TO ENTRY  PASS  SPECIAL-TEST-1                                                                              
 IDX SET HI TO ENTRY  PASS  SPECIAL-2-LEVEL-SEAR                                                                        
 IDX SET HI TO ENTRY  PASS  SPECIAL-3-LEVEL-SEAR                                                                        
 EXP.SCOPE TERMINATOR PASS  SEARCH-TEST-1-1    .01                                                                      
 EXP.SCOPE TERMINATOR PASS  SEARCH-TEST-1-2    .02                                                                      
 EXP.SCOPE TERMINATOR PASS  SEARCH-TEST-1-3    .03                                                                      
 EXP.SCOPE TERMINATOR PASS  SEARCH-TEST-2-1    .01                                                                      
 EXP.SCOPE TERMINATOR PASS  SEARCH-TEST-2-2    .02                                                                      
 EXP.SCOPE TERMINATOR PASS  SEARCH-TEST-2-3    .03                                                                      
 ***********************************************************************************************************************
                                                                                                                        
                                                                                                                        
                                                                                                                        
                                                                                                                        
                                                    END OF TEST-  NC231A                                                
                                                                                                                        
                                                    024 OF 024  TESTS WERE EXECUTED SUCCESSFULLY                        
                                                    NO  TEST(S) FAILED                                                  
                                                    NO  TEST(S) DELETED                                                 
                                                    NO  TEST(S) REQUIRE INSPECTION                                      
 FOR OFFICIAL USE ONLY            ON-SITE VALIDATION, NATIONAL INSTITUTE OF STD & TECH.                   COPYRIGHT 1985
