
                                       OFFICIAL COBOL COMPILER VALIDATION SYSTEM                                        
                                                                                                                        
                                        CCVS85 4.2  COPY - NOT FOR DISTRIBUTION                                         
                                                                                                                        
TEST RESULT OF NC236A    IN  HIGH        LEVEL VALIDATION FOR ON-SITE VALIDATION, NATIONAL INSTITUTE OF STD & TECH.     
                                                                                                                        
                                                                                                                        
 FOR OFFICIAL USE ONLY            COBOL 85 VERSION 4.2, Apr  1993 SSVG                        COPYRIGHT   1985          
                                                                                                                        
                                                                                                                        
 FEATURE              PASS  PARAGRAPH-NAME                                                 REMARKS                      
 TESTED               FAIL                                                                                              
                                                                                                                        
 ***********************************************************************************************************************
 SEARCH               PASS  SCH-TEST-F1-1                                                                               
 SEARCH               PASS  SCH-TEST-F1-2                                                                               
 SEARCH               PASS  SCH-TEST-F1-3                                                                               
 SEARCH               PASS  SCH-TEST-F1-4                                                                               
 SEARCH               PASS  SCH-TEST-F1-5                                                                               
 SEARCH               PASS  SCH-TEST-F1-6                                                                               
 SEARCH               PASS  SCH-TEST-F1-7                                                                               
 SEARCH               PASS  SCH-TEST-F1-8                                                                               
 SEARCH               PASS  SCH-TEST-F1-9                                                                               
 SEARCH               PASS  SCH-TEST-F1-10                                                                              
 ***********************************************************************************************************************
                                                                                                                        
                                                                                                                        
                                                                                                                        
                                                                                                                        
                                                    END OF TEST-  NC236A                                                
                                                                                                                        
                                                    010 OF 010  TESTS WERE EXECUTED SUCCESSFULLY                        
                                                    NO  TEST(S) FAILED                                                  
                                                    NO  TEST(S) DELETED                                                 
                                                    NO  TEST(S) REQUIRE INSPECTION                                      
 FOR OFFICIAL USE ONLY            ON-SITE VALIDATION, NATIONAL INSTITUTE OF STD & TECH.                   COPYRIGHT 1985
