
                                       OFFICIAL COBOL COMPILER VALIDATION SYSTEM                                        
                                                                                                                        
                                        CCVS85 4.2  COPY - NOT FOR DISTRIBUTION                                         
                                                                                                                        
TEST RESULT OF NC251A    IN  HIGH        LEVEL VALIDATION FOR ON-SITE VALIDATION, NATIONAL INSTITUTE OF STD & TECH.     
                                                                                                                        
                                                                                                                        
 FOR OFFICIAL USE ONLY            COBOL 85 VERSION 4.2, Apr  1993 SSVG                        COPYRIGHT   1985          
                                                                                                                        
                                                                                                                        
 FEATURE              PASS  PARAGRAPH-NAME                                                 REMARKS                      
 TESTED               FAIL                                                                                              
                                                                                                                        
 ***********************************************************************************************************************
                      PASS  DIV-TEST-4                                                                                  
                      PASS  DIV-TEST-5                                                                                  
                      PASS  DIV-TEST-F5-3-0    .01                                                                      
                      PASS  DIV-TEST-F5-3-1    .02                                                                      
                      PASS  DIV-TEST-F5-3-2    .03                                                                      
                      PASS  DIV-TEST-F5-4-0    .01                                                                      
                      PASS  DIV-TEST-F5-4-1    .02                                                                      
                      PASS  DIV-TEST-F5-4-2    .03                                                                      
                      PASS  DIV-TEST-F5-5-0    .01                                                                      
                      PASS  DIV-TEST-F5-5-1    .02                                                                      
                      PASS  DIV-TEST-F5-5-2    .03                                                                      
                      PASS  DIV-TEST-12        .03                                                                      
                      PASS  DIV-TEST-F5-7-1    .02                                                                      
                      PASS  DIV-TEST-F5-7-2    .03                                                                      
                      PASS  DIV-TEST-F5-8-1    .02                                                                      
                      PASS  DIV-TEST-F5-8-2    .03                                                                      
                      PASS  DIV-TEST-F5-9-1    .02                                                                      
                      PASS  DIV-TEST-F5-9-2    .03                                                                      
                      PASS  DIV-TEST-F5-10-0   .01                                                                      
                      PASS  DIV-TEST-F5-10-1   .02                                                                      
                      PASS  DIV-TEST-F5-10-2   .03                                                                      
                      PASS  DIV-TEST-F5-11-0   .01                                                                      
                      PASS  DIV-TEST-F5-11-1   .02                                                                      
                      PASS  DIV-TEST-F5-11-2   .03                                                                      
                      PASS  DIV-TEST-F5-12-0   .01                                                                      
                      PASS  DIV-TEST-F5-12-1   .02                                                                      
                      PASS  DIV-TEST-F5-12-2   .03                                                                      
                      PASS  DIV-TEST-F5-13-0   .01                                                                      
                      PASS  DIV-TEST-F5-13-1   .02                                                                      
                      PASS  DIV-TEST-F5-13-2   .03                                                                      
                      PASS  DIV-TEST-F5-14-1   .02                                                                      
                      PASS  DIV-TEST-F5-14-2   .03                                                                      
                      PASS  DIV-TEST-F5-14-3   .04                                                                      
                      PASS  DIV-TEST-F5-14-4   .05                                                                      
                      PASS  DIV-TEST-F5-15-1   .02                                                                      
                      PASS  DIV-TEST-F5-15-2   .03                                                                                                                                                                                              
 FEATURE              PASS  PARAGRAPH-NAME                                                 REMARKS                      
 TESTED               FAIL                                                                                              
                                                                                                                        
 ***********************************************************************************************************************
                      PASS  DIV-TEST-F5-15-3   .04                                                                      
                      PASS  DIV-TEST-F5-15-4   .05                                                                      
                      PASS  DIV-TEST-F5-16-1   .02                                                                      
                      PASS  DIV-TEST-F5-16-2   .03                                                                      
                      PASS  DIV-TEST-F5-16-3   .04                                                                      
                      PASS  DIV-TEST-F5-16-4   .05                                                                      
                      PASS  DIV-TEST-F5-17-1   .02                                                                      
                      PASS  DIV-TEST-F5-17-2   .03                                                                      
                      PASS  DIV-TEST-F5-17-3   .04                                                                      
                      PASS  DIV-TEST-F5-17-4   .05                                                                      
                      PASS  DIV-TEST-F5-18-1   .02                                                                      
                      PASS  DIV-TEST-F5-18-2   .03                                                                      
                      PASS  DIV-TEST-F5-18-3   .04                                                                      
                      PASS  DIV-TEST-F5-18-4   .05                                                                      
                      PASS  DIV-TEST-F5-19-1   .02                                                                      
                      PASS  DIV-TEST-F5-19-2   .03                                                                      
                      PASS  DIV-TEST-F5-19-3   .04                                                                      
                      PASS  DIV-TEST-F5-19-4   .05                                                                      
                      PASS  DIV-TEST-F5-20-0   .01                                                                      
                      PASS  DIV-TEST-F5-20-1   .02                                                                      
                      PASS  DIV-TEST-F5-20-2   .03                                                                      
                      PASS  DIV-TEST-F5-21     .01                                                                      
                      PASS  DIV-TEST-F5-21     .02                                                                      
 ***********************************************************************************************************************
                                                                                                                        
                                                                                                                        
                                                                                                                        
                                                                                                                        
                                                    END OF TEST-  NC251A                                                
                                                                                                                        
                                                    059 OF 059  TESTS WERE EXECUTED SUCCESSFULLY                        
                                                    NO  TEST(S) FAILED                                                  
                                                    NO  TEST(S) DELETED                                                 
                                                    NO  TEST(S) REQUIRE INSPECTION                                      
 FOR OFFICIAL USE ONLY            ON-SITE VALIDATION, NATIONAL INSTITUTE OF STD & TECH.                   COPYRIGHT 1985
